Archive member included because of file (symbol)

d:/atmel studio 7/7.0/toolchain/arm/arm-gnu-toolchain/bin/../lib/gcc/arm-none-eabi/4.9.3/armv6-m\libgcc.a(_udivsi3.o)
                              src/ASF/sam0/drivers/nvm/nvm.o (__aeabi_uidiv)
d:/atmel studio 7/7.0/toolchain/arm/arm-gnu-toolchain/bin/../lib/gcc/arm-none-eabi/4.9.3/armv6-m\libgcc.a(_divsi3.o)
                              src/main.o (__aeabi_idiv)
d:/atmel studio 7/7.0/toolchain/arm/arm-gnu-toolchain/bin/../lib/gcc/arm-none-eabi/4.9.3/armv6-m\libgcc.a(_dvmd_tls.o)
                              d:/atmel studio 7/7.0/toolchain/arm/arm-gnu-toolchain/bin/../lib/gcc/arm-none-eabi/4.9.3/armv6-m\libgcc.a(_udivsi3.o) (__aeabi_idiv0)
d:/atmel studio 7/7.0/toolchain/arm/arm-gnu-toolchain/bin/../lib/gcc/arm-none-eabi/4.9.3/armv6-m\libgcc.a(_clzsi2.o)
                              src/ASF/sam0/drivers/usb/usb_sam_d_r/usb.o (__clzsi2)
d:/atmel studio 7/7.0/toolchain/arm/arm-gnu-toolchain/bin/../lib/gcc/arm-none-eabi/4.9.3/armv6-m\libgcc.a(_ctzsi2.o)
                              src/ASF/sam0/drivers/usb/usb_sam_d_r/usb.o (__ctzsi2)
d:/atmel studio 7/7.0/toolchain/arm/arm-gnu-toolchain/bin/../lib/gcc/arm-none-eabi/4.9.3/armv6-m\libgcc.a(_aeabi_uldivmod.o)
                              src/main.o (__aeabi_uldivmod)
d:/atmel studio 7/7.0/toolchain/arm/arm-gnu-toolchain/bin/../lib/gcc/arm-none-eabi/4.9.3/armv6-m\libgcc.a(_muldi3.o)
                              src/ASF/sam0/drivers/sercom/sercom.o (__aeabi_lmul)
d:/atmel studio 7/7.0/toolchain/arm/arm-gnu-toolchain/bin/../lib/gcc/arm-none-eabi/4.9.3/armv6-m\libgcc.a(_fixunssfsi.o)
                              src/main.o (__aeabi_f2uiz)
d:/atmel studio 7/7.0/toolchain/arm/arm-gnu-toolchain/bin/../lib/gcc/arm-none-eabi/4.9.3/armv6-m\libgcc.a(bpabi.o)
                              d:/atmel studio 7/7.0/toolchain/arm/arm-gnu-toolchain/bin/../lib/gcc/arm-none-eabi/4.9.3/armv6-m\libgcc.a(_aeabi_uldivmod.o) (__gnu_uldivmod_helper)
d:/atmel studio 7/7.0/toolchain/arm/arm-gnu-toolchain/bin/../lib/gcc/arm-none-eabi/4.9.3/armv6-m\libgcc.a(addsf3.o)
                              src/adc_temp.o (__aeabi_fadd)
d:/atmel studio 7/7.0/toolchain/arm/arm-gnu-toolchain/bin/../lib/gcc/arm-none-eabi/4.9.3/armv6-m\libgcc.a(divsf3.o)
                              src/adc_temp.o (__aeabi_fdiv)
d:/atmel studio 7/7.0/toolchain/arm/arm-gnu-toolchain/bin/../lib/gcc/arm-none-eabi/4.9.3/armv6-m\libgcc.a(mulsf3.o)
                              src/adc_temp.o (__aeabi_fmul)
d:/atmel studio 7/7.0/toolchain/arm/arm-gnu-toolchain/bin/../lib/gcc/arm-none-eabi/4.9.3/armv6-m\libgcc.a(subsf3.o)
                              src/adc_temp.o (__aeabi_fsub)
d:/atmel studio 7/7.0/toolchain/arm/arm-gnu-toolchain/bin/../lib/gcc/arm-none-eabi/4.9.3/armv6-m\libgcc.a(fixsfsi.o)
                              d:/atmel studio 7/7.0/toolchain/arm/arm-gnu-toolchain/bin/../lib/gcc/arm-none-eabi/4.9.3/armv6-m\libgcc.a(_fixunssfsi.o) (__aeabi_f2iz)
d:/atmel studio 7/7.0/toolchain/arm/arm-gnu-toolchain/bin/../lib/gcc/arm-none-eabi/4.9.3/armv6-m\libgcc.a(floatsisf.o)
                              src/adc_temp.o (__aeabi_i2f)
d:/atmel studio 7/7.0/toolchain/arm/arm-gnu-toolchain/bin/../lib/gcc/arm-none-eabi/4.9.3/armv6-m\libgcc.a(floatunsisf.o)
                              src/adc_temp.o (__aeabi_ui2f)
d:/atmel studio 7/7.0/toolchain/arm/arm-gnu-toolchain/bin/../lib/gcc/arm-none-eabi/4.9.3/armv6-m\libgcc.a(divdf3.o)
                              src/adc_temp.o (__aeabi_ddiv)
d:/atmel studio 7/7.0/toolchain/arm/arm-gnu-toolchain/bin/../lib/gcc/arm-none-eabi/4.9.3/armv6-m\libgcc.a(subdf3.o)
                              src/adc_temp.o (__aeabi_dsub)
d:/atmel studio 7/7.0/toolchain/arm/arm-gnu-toolchain/bin/../lib/gcc/arm-none-eabi/4.9.3/armv6-m\libgcc.a(extendsfdf2.o)
                              src/adc_temp.o (__aeabi_f2d)
d:/atmel studio 7/7.0/toolchain/arm/arm-gnu-toolchain/bin/../lib/gcc/arm-none-eabi/4.9.3/armv6-m\libgcc.a(truncdfsf2.o)
                              src/adc_temp.o (__aeabi_d2f)
d:/atmel studio 7/7.0/toolchain/arm/arm-gnu-toolchain/bin/../lib/gcc/arm-none-eabi/4.9.3/armv6-m\libgcc.a(_arm_cmpsf2.o)
                              d:/atmel studio 7/7.0/toolchain/arm/arm-gnu-toolchain/bin/../lib/gcc/arm-none-eabi/4.9.3/armv6-m\libgcc.a(_fixunssfsi.o) (__aeabi_fcmpge)
d:/atmel studio 7/7.0/toolchain/arm/arm-gnu-toolchain/bin/../lib/gcc/arm-none-eabi/4.9.3/armv6-m\libgcc.a(_divdi3.o)
                              d:/atmel studio 7/7.0/toolchain/arm/arm-gnu-toolchain/bin/../lib/gcc/arm-none-eabi/4.9.3/armv6-m\libgcc.a(bpabi.o) (__divdi3)
d:/atmel studio 7/7.0/toolchain/arm/arm-gnu-toolchain/bin/../lib/gcc/arm-none-eabi/4.9.3/armv6-m\libgcc.a(_udivdi3.o)
                              d:/atmel studio 7/7.0/toolchain/arm/arm-gnu-toolchain/bin/../lib/gcc/arm-none-eabi/4.9.3/armv6-m\libgcc.a(bpabi.o) (__udivdi3)
d:/atmel studio 7/7.0/toolchain/arm/arm-gnu-toolchain/bin/../lib/gcc/arm-none-eabi/4.9.3/armv6-m\libgcc.a(eqsf2.o)
[...]
Memory Configuration

Name             Origin             Length             Attributes
rom              0x00000000         0x00040000         xr
ram              0x20000000         0x00008000         xrw
*default*        0x00000000         0xffffffff

Linker script and memory map

LOAD d:/atmel studio 7/7.0/toolchain/arm/arm-gnu-toolchain/bin/../lib/gcc/arm-none-eabi/4.9.3/armv6-m/crti.o
LOAD d:/atmel studio 7/7.0/toolchain/arm/arm-gnu-toolchain/bin/../lib/gcc/arm-none-eabi/4.9.3/armv6-m/crtbegin.o
LOAD d:/atmel studio 7/7.0/toolchain/arm/arm-gnu-toolchain/bin/../lib/gcc/arm-none-eabi/4.9.3/../../../../arm-none-eabi/lib/armv6-m/crt0.o
LOAD src/ASF/sam0/drivers/adc/adc_sam_d_r/adc.o
LOAD src/ASF/sam0/drivers/adc/adc_sam_d_r/adc_callback.o
LOAD src/ASF/common/services/usb/class/cdc/device/example/samd21j18a_samd21_xplained_pro/ui.o
LOAD src/ASF/common/services/sleepmgr/samd/sleepmgr.o
LOAD src/ASF/common/services/usb/class/cdc/device/udi_cdc.o
LOAD src/ASF/common/services/usb/class/cdc/device/udi_cdc_desc.o
LOAD src/ASF/common/services/usb/udc/udc.o
LOAD src/ASF/common/utils/interrupt/interrupt_sam_nvic.o
LOAD src/ASF/sam0/boards/samd21_xplained_pro/board_init.o
LOAD src/ASF/sam0/drivers/events/events_hooks.o
LOAD src/ASF/sam0/drivers/events/events_sam_d_r/events.o
LOAD src/ASF/sam0/drivers/extint/extint_callback.o
LOAD src/ASF/sam0/drivers/extint/extint_sam_d_r/extint.o
LOAD src/ASF/sam0/drivers/nvm/nvm.o
LOAD src/ASF/sam0/drivers/port/port.o
LOAD src/ASF/sam0/drivers/rtc/rtc_sam_d_r/rtc_calendar.o
LOAD src/ASF/sam0/drivers/rtc/rtc_sam_d_r/rtc_calendar_interrupt.o
LOAD src/ASF/sam0/drivers/sercom/sercom.o
LOAD src/ASF/sam0/drivers/sercom/sercom_interrupt.o
LOAD src/ASF/sam0/drivers/sercom/usart/usart.o
LOAD src/ASF/sam0/drivers/sercom/usart/usart_interrupt.o
LOAD src/ASF/sam0/drivers/system/clock/clock_samd21_r21_da/clock.o
LOAD src/ASF/sam0/drivers/system/clock/clock_samd21_r21_da/gclk.o
LOAD src/ASF/sam0/drivers/system/interrupt/system_interrupt.o
LOAD src/ASF/sam0/drivers/system/pinmux/pinmux.o
LOAD src/ASF/sam0/drivers/system/system.o
LOAD src/ASF/sam0/drivers/tcc/tcc.o
LOAD src/ASF/sam0/drivers/tcc/tcc_callback.o
LOAD src/ASF/sam0/drivers/usb/stack_interface/usb_device_udd.o
LOAD src/ASF/sam0/drivers/usb/stack_interface/usb_dual.o
LOAD src/ASF/sam0/drivers/usb/usb_sam_d_r/usb.o
LOAD src/ASF/sam0/utils/cmsis/samd21/source/gcc/startup_samd21.o
LOAD src/ASF/sam0/utils/cmsis/samd21/source/system_samd21.o
LOAD src/ASF/sam0/utils/syscalls/gcc/syscalls.o
LOAD src/adc_temp.o
LOAD src/main.o
LOAD src/uart_samd.o
START GROUP
LOAD ../src/ASF/thirdparty/CMSIS/Lib/GCC\libarm_cortexM0l_math.a
LOAD d:/atmel studio 7/7.0/toolchain/arm/arm-gnu-toolchain/bin/../lib/gcc/arm-none-eabi/4.9.3/../../../../arm-none-eabi/lib/armv6-m\libm.a
END GROUP
START GROUP
LOAD d:/atmel studio 7/7.0/toolchain/arm/arm-gnu-toolchain/bin/../lib/gcc/arm-none-eabi/4.9.3/armv6-m\libgcc.a
LOAD d:/atmel studio 7/7.0/toolchain/arm/arm-gnu-toolchain/bin/../lib/gcc/arm-none-eabi/4.9.3/../../../../arm-none-eabi/lib/armv6-m\libc_nano.a
END GROUP
START GROUP
LOAD d:/atmel studio 7/7.0/toolchain/arm/arm-gnu-toolchain/bin/../lib/gcc/arm-none-eabi/4.9.3/armv6-m\libgcc.a
LOAD d:/atmel studio 7/7.0/toolchain/arm/arm-gnu-toolchain/bin/../lib/gcc/arm-none-eabi/4.9.3/../../../../arm-none-eabi/lib/armv6-m\libc_nano.a
END GROUP
LOAD d:/atmel studio 7/7.0/toolchain/arm/arm-gnu-toolchain/bin/../lib/gcc/arm-none-eabi/4.9.3/armv6-m/crtend.o
LOAD d:/atmel studio 7/7.0/toolchain/arm/arm-gnu-toolchain/bin/../lib/gcc/arm-none-eabi/4.9.3/armv6-m/crtn.o
                0x00002000                STACK_SIZE = DEFINED (STACK_SIZE)?STACK_SIZE:DEFINED (__stack_size__)?__stack_size__:0x2000

.text           0x00000000     0x8c54
                0x00000000                . = ALIGN (0x4)
                0x00000000                _sfixed = .
 *(.vectors .vectors.*)
 .vectors       0x00000000       0xb4 src/ASF/sam0/utils/cmsis/samd21/source/gcc/startup_samd21.o
                0x00000000                exception_table
 *(.text .text.* .gnu.linkonce.t.*)
 .text          0x000000b4       0x60 d:/atmel studio 7/7.0/toolchain/arm/arm-gnu-toolchain/bin/../lib/gcc/arm-none-eabi/4.9.3/armv6-m/crtbegin.o
 .text.adc_get_config_defaults
                0x00000114       0x50 src/ASF/sam0/drivers/adc/adc_sam_d_r/adc.o
                0x00000114                adc_get_config_defaults
 .text.adc_init
                0x00000164      0x44c src/ASF/sam0/drivers/adc/adc_sam_d_r/adc.o
                0x00000164                adc_init
 .text.ADC_Handler
                0x000005b0       0xbc src/ASF/sam0/drivers/adc/adc_sam_d_r/adc_callback.o
                0x000005b0                ADC_Handler
 .text.ui_wakeup_handler
                0x0000066c        0xc src/ASF/common/services/usb/class/cdc/device/example/samd21j18a_samd21_xplained_pro/ui.o
 .text.ui_init  0x00000678       0x50 src/ASF/common/services/usb/class/cdc/device/example/samd21j18a_samd21_xplained_pro/ui.o
                0x00000678                ui_init
 .text.ui_powerdown
                0x000006c8        0x4 src/ASF/common/services/usb/class/cdc/device/example/samd21j18a_samd21_xplained_pro/ui.o
                0x000006c8                ui_powerdown
 .text.ui_wakeup_enable
                0x000006cc       0x10 src/ASF/common/services/usb/class/cdc/device/example/samd21j18a_samd21_xplained_pro/ui.o
                0x000006cc                ui_wakeup_enable
 .text.ui_wakeup_disable
                0x000006dc       0x10 src/ASF/common/services/usb/class/cdc/device/example/samd21j18a_samd21_xplained_pro/ui.o
                0x000006dc                ui_wakeup_disable
 .text.ui_wakeup
                0x000006ec        0x4 src/ASF/common/services/usb/class/cdc/device/example/samd21j18a_samd21_xplained_pro/ui.o
                0x000006ec                ui_wakeup
 .text.ui_com_open
                0x000006f0        0x4 src/ASF/common/services/usb/class/cdc/device/example/samd21j18a_samd21_xplained_pro/ui.o
                0x000006f0                ui_com_open
 .text.ui_com_close
                0x000006f4        0x4 src/ASF/common/services/usb/class/cdc/device/example/samd21j18a_samd21_xplained_pro/ui.o
                0x000006f4                ui_com_close
 .text.ui_com_rx_start
                0x000006f8        0x4 src/ASF/common/services/usb/class/cdc/device/example/samd21j18a_samd21_xplained_pro/ui.o
                0x000006f8                ui_com_rx_start
 .text.ui_process
                0x000006fc        0x4 src/ASF/common/services/usb/class/cdc/device/example/samd21j18a_samd21_xplained_pro/ui.o
                0x000006fc                ui_process
 .text.udi_cdc_comm_disable
                0x00000700       0x10 src/ASF/common/services/usb/class/cdc/device/udi_cdc.o
                0x00000700                udi_cdc_comm_disable
 .text.udi_cdc_data_setup
                0x00000710        0x4 src/ASF/common/services/usb/class/cdc/device/udi_cdc.o
                0x00000710                udi_cdc_data_setup
 .text.udi_cdc_getsetting
                0x00000714        0x4 src/ASF/common/services/usb/class/cdc/device/udi_cdc.o
                0x00000714                udi_cdc_getsetting
 .text.udi_cdc_line_coding_received
                0x00000718       0x14 src/ASF/common/services/usb/class/cdc/device/udi_cdc.o
 .text.udi_cdc_comm_enable
                0x0000072c       0x68 src/ASF/common/services/usb/class/cdc/device/udi_cdc.o
                0x0000072c                udi_cdc_comm_enable
 .text.udi_cdc_tx_send
                0x00000794      0x158 src/ASF/common/services/usb/class/cdc/device/udi_cdc.o
 .text.udi_cdc_data_sent
                0x000008ec       0x38 src/ASF/common/services/usb/class/cdc/device/udi_cdc.o
 .text.udi_cdc_data_sof_notify
                0x00000924       0x10 src/ASF/common/services/usb/class/cdc/device/udi_cdc.o
                0x00000924                udi_cdc_data_sof_notify
 .text.udi_cdc_data_disable
                0x00000934       0x28 src/ASF/common/services/usb/class/cdc/device/udi_cdc.o
                0x00000934                udi_cdc_data_disable
 .text.udi_cdc_comm_setup
                0x0000095c       0x94 src/ASF/common/services/usb/class/cdc/device/udi_cdc.o
                0x0000095c                udi_cdc_comm_setup
 .text.udi_cdc_multi_get_nb_received_data
                0x000009f0       0x50 src/ASF/common/services/usb/class/cdc/device/udi_cdc.o
                0x000009f0                udi_cdc_multi_get_nb_received_data
 .text.udi_cdc_get_nb_received_data
                0x00000a40       0x10 src/ASF/common/services/usb/class/cdc/device/udi_cdc.o
                0x00000a40                udi_cdc_get_nb_received_data
 .text.udi_cdc_multi_is_rx_ready
                0x00000a50       0x14 src/ASF/common/services/usb/class/cdc/device/udi_cdc.o
                0x00000a50                udi_cdc_multi_is_rx_ready
 .text.udi_cdc_rx_start
                0x00000a64       0xcc src/ASF/common/services/usb/class/cdc/device/udi_cdc.o
 .text.udi_cdc_data_enable
                0x00000b30       0x90 src/ASF/common/services/usb/class/cdc/device/udi_cdc.o
                0x00000b30                udi_cdc_data_enable
 .text.udi_cdc_data_received
                0x00000bc0       0x68 src/ASF/common/services/usb/class/cdc/device/udi_cdc.o
 .text.udi_cdc_multi_read_buf
                0x00000c28       0xd4 src/ASF/common/services/usb/class/cdc/device/udi_cdc.o
                0x00000c28                udi_cdc_multi_read_buf
 .text.udi_cdc_read_buf
                0x00000cfc       0x14 src/ASF/common/services/usb/class/cdc/device/udi_cdc.o
                0x00000cfc                udi_cdc_read_buf
 .text.udi_cdc_multi_get_free_tx_buffer
                0x00000d10       0x80 src/ASF/common/services/usb/class/cdc/device/udi_cdc.o
                0x00000d10                udi_cdc_multi_get_free_tx_buffer
 .text.udi_cdc_multi_is_tx_ready
                0x00000d90       0x14 src/ASF/common/services/usb/class/cdc/device/udi_cdc.o
                0x00000d90                udi_cdc_multi_is_tx_ready
 .text.udi_cdc_multi_write_buf
                0x00000da4       0xd0 src/ASF/common/services/usb/class/cdc/device/udi_cdc.o
                0x00000da4                udi_cdc_multi_write_buf
 .text.udi_cdc_write_buf
                0x00000e74       0x14 src/ASF/common/services/usb/class/cdc/device/udi_cdc.o
                0x00000e74                udi_cdc_write_buf
 .text.udc_next_desc_in_iface
                0x00000e88       0x4c src/ASF/common/services/usb/udc/udc.o
 .text.udc_valid_address
                0x00000ed4       0x18 src/ASF/common/services/usb/udc/udc.o
 .text.udc_update_iface_desc
                0x00000eec       0x68 src/ASF/common/services/usb/udc/udc.o
 .text.udc_iface_disable
                0x00000f54       0x68 src/ASF/common/services/usb/udc/udc.o
 .text.udc_iface_enable
                0x00000fbc       0x58 src/ASF/common/services/usb/udc/udc.o
 .text.udc_start
                0x00001014        0xc src/ASF/common/services/usb/udc/udc.o
                0x00001014                udc_start
 .text.udc_reset
                0x00001020       0x4c src/ASF/common/services/usb/udc/udc.o
                0x00001020                udc_reset
 .text.udc_sof_notify
                0x0000106c       0x40 src/ASF/common/services/usb/udc/udc.o
                0x0000106c                udc_sof_notify
 .text.udc_process_setup
                0x000010ac      0x428 src/ASF/common/services/usb/udc/udc.o
                0x000010ac                udc_process_setup
 .text.cpu_irq_enter_critical
                0x000014d4       0x40 src/ASF/common/utils/interrupt/interrupt_sam_nvic.o
                0x000014d4                cpu_irq_enter_critical
 .text.cpu_irq_leave_critical
                0x00001514       0x30 src/ASF/common/utils/interrupt/interrupt_sam_nvic.o
                0x00001514                cpu_irq_leave_critical
 .text.system_board_init
                0x00001544       0x38 src/ASF/sam0/boards/samd21_xplained_pro/board_init.o
                0x00001544                board_init
                0x00001544                system_board_init
 .text.events_create_hook
                0x0000157c        0xc src/ASF/sam0/drivers/events/events_hooks.o
                0x0000157c                events_create_hook
 .text.events_add_hook
                0x00001588       0x34 src/ASF/sam0/drivers/events/events_hooks.o
                0x00001588                events_add_hook
 .text.events_enable_interrupt_source
                0x000015bc       0x34 src/ASF/sam0/drivers/events/events_hooks.o
                0x000015bc                events_enable_interrupt_source
 .text.events_is_interrupt_set
                0x000015f0       0x34 src/ASF/sam0/drivers/events/events_hooks.o
                0x000015f0                events_is_interrupt_set
 .text.events_ack_interrupt
                0x00001624       0x34 src/ASF/sam0/drivers/events/events_hooks.o
                0x00001624                events_ack_interrupt
 .text.EVSYS_Handler
                0x00001658       0x3c src/ASF/sam0/drivers/events/events_hooks.o
                0x00001658                EVSYS_Handler
 .text._events_find_bit_position
                0x00001694       0x1c src/ASF/sam0/drivers/events/events_sam_d_r/events.o
                0x00001694                _events_find_bit_position
 .text._system_events_init
                0x000016b0       0x24 src/ASF/sam0/drivers/events/events_sam_d_r/events.o
                0x000016b0                _system_events_init
 .text.events_get_config_defaults
                0x000016d4       0x10 src/ASF/sam0/drivers/events/events_sam_d_r/events.o
                0x000016d4                events_get_config_defaults
 .text.events_allocate
                0x000016e4       0xc4 src/ASF/sam0/drivers/events/events_sam_d_r/events.o
                0x000016e4                events_allocate
 .text.events_is_busy
                0x000017a8       0x20 src/ASF/sam0/drivers/events/events_sam_d_r/events.o
                0x000017a8                events_is_busy
 .text.events_attach_user
                0x000017c8       0x24 src/ASF/sam0/drivers/events/events_sam_d_r/events.o
                0x000017c8                events_attach_user
 .text.extint_register_callback
                0x000017ec       0x2c src/ASF/sam0/drivers/extint/extint_callback.o
                0x000017ec                extint_register_callback
 .text.extint_chan_enable_callback
                0x00001818       0x20 src/ASF/sam0/drivers/extint/extint_callback.o
                0x00001818                extint_chan_enable_callback
 .text.extint_chan_disable_callback
                0x00001838       0x20 src/ASF/sam0/drivers/extint/extint_callback.o
                0x00001838                extint_chan_disable_callback
 .text.EIC_Handler
                0x00001858       0x68 src/ASF/sam0/drivers/extint/extint_callback.o
                0x00001858                EIC_Handler
 .text._extint_enable
                0x000018c0       0x18 src/ASF/sam0/drivers/extint/extint_sam_d_r/extint.o
 .text._system_extint_init
                0x000018d8       0x6c src/ASF/sam0/drivers/extint/extint_sam_d_r/extint.o
                0x000018d8                _system_extint_init
 .text.extint_chan_get_config_defaults
                0x00001944       0x14 src/ASF/sam0/drivers/extint/extint_sam_d_r/extint.o
                0x00001944                extint_chan_get_config_defaults
 .text.extint_chan_set_config
                0x00001958       0x78 src/ASF/sam0/drivers/extint/extint_sam_d_r/extint.o
                0x00001958                extint_chan_set_config
 .text.port_pin_set_config
                0x000019d0       0x24 src/ASF/sam0/drivers/port/port.o
                0x000019d0                port_pin_set_config
 .text.rtc_calendar_enable
                0x000019f4       0x20 src/ASF/sam0/drivers/rtc/rtc_sam_d_r/rtc_calendar.o
                0x000019f4                rtc_calendar_enable
 .text.rtc_calendar_disable
                0x00001a14       0x24 src/ASF/sam0/drivers/rtc/rtc_sam_d_r/rtc_calendar.o
                0x00001a14                rtc_calendar_disable
 .text.rtc_calendar_reset
                0x00001a38       0x28 src/ASF/sam0/drivers/rtc/rtc_sam_d_r/rtc_calendar.o
                0x00001a38                rtc_calendar_reset
 .text.rtc_calendar_time_to_register_value
                0x00001a60       0x3c src/ASF/sam0/drivers/rtc/rtc_sam_d_r/rtc_calendar.o
                0x00001a60                rtc_calendar_time_to_register_value
 .text.rtc_calendar_register_value_to_time
                0x00001a9c       0x40 src/ASF/sam0/drivers/rtc/rtc_sam_d_r/rtc_calendar.o
                0x00001a9c                rtc_calendar_register_value_to_time
 .text.rtc_calendar_set_time
                0x00001adc       0x18 src/ASF/sam0/drivers/rtc/rtc_sam_d_r/rtc_calendar.o
                0x00001adc                rtc_calendar_set_time
 .text.rtc_calendar_get_time
                0x00001af4       0x2c src/ASF/sam0/drivers/rtc/rtc_sam_d_r/rtc_calendar.o
                0x00001af4                rtc_calendar_get_time
 .text.rtc_calendar_set_alarm
                0x00001b20       0x30 src/ASF/sam0/drivers/rtc/rtc_sam_d_r/rtc_calendar.o
                0x00001b20                rtc_calendar_set_alarm
 .text.rtc_calendar_init
                0x00001b50       0x94 src/ASF/sam0/drivers/rtc/rtc_sam_d_r/rtc_calendar.o
                0x00001b50                rtc_calendar_init
 .text.rtc_calendar_register_callback
                0x00001be4       0x20 src/ASF/sam0/drivers/rtc/rtc_sam_d_r/rtc_calendar_interrupt.o
                0x00001be4                rtc_calendar_register_callback
 .text.rtc_calendar_enable_callback
                0x00001c04       0x28 src/ASF/sam0/drivers/rtc/rtc_sam_d_r/rtc_calendar_interrupt.o
                0x00001c04                rtc_calendar_enable_callback
 .text.RTC_Handler
                0x00001c2c       0x3c src/ASF/sam0/drivers/rtc/rtc_sam_d_r/rtc_calendar_interrupt.o
                0x00001c2c                RTC_Handler
 .text._sercom_get_sync_baud_val
                0x00001c68       0x28 src/ASF/sam0/drivers/sercom/sercom.o
                0x00001c68                _sercom_get_sync_baud_val
 .text._sercom_get_async_baud_val
                0x00001c90      0x1c8 src/ASF/sam0/drivers/sercom/sercom.o
                0x00001c90                _sercom_get_async_baud_val
 .text.sercom_set_gclk_generator
                0x00001e58       0x4c src/ASF/sam0/drivers/sercom/sercom.o
                0x00001e58                sercom_set_gclk_generator
 .text._sercom_get_default_pad
                0x00001ea4      0x188 src/ASF/sam0/drivers/sercom/sercom.o
                0x00001ea4                _sercom_get_default_pad
 .text._sercom_get_sercom_inst_index
                0x0000202c       0x3c src/ASF/sam0/drivers/sercom/sercom.o
                0x0000202c                _sercom_get_sercom_inst_index
 .text._sercom_default_handler
                0x00002068        0x4 src/ASF/sam0/drivers/sercom/sercom_interrupt.o
 .text._sercom_set_handler
                0x0000206c       0x3c src/ASF/sam0/drivers/sercom/sercom_interrupt.o
                0x0000206c                _sercom_set_handler
 .text._sercom_get_interrupt_vector
                0x000020a8       0x2c src/ASF/sam0/drivers/sercom/sercom_interrupt.o
                0x000020a8                _sercom_get_interrupt_vector
 .text.SERCOM0_Handler
                0x000020d4       0x10 src/ASF/sam0/drivers/sercom/sercom_interrupt.o
                0x000020d4                SERCOM0_Handler
 .text.SERCOM1_Handler
                0x000020e4       0x10 src/ASF/sam0/drivers/sercom/sercom_interrupt.o
                0x000020e4                SERCOM1_Handler
 .text.SERCOM2_Handler
                0x000020f4       0x10 src/ASF/sam0/drivers/sercom/sercom_interrupt.o
                0x000020f4                SERCOM2_Handler
 .text.SERCOM3_Handler
                0x00002104       0x10 src/ASF/sam0/drivers/sercom/sercom_interrupt.o
                0x00002104                SERCOM3_Handler
 .text.SERCOM4_Handler
                0x00002114       0x10 src/ASF/sam0/drivers/sercom/sercom_interrupt.o
                0x00002114                SERCOM4_Handler
 .text.SERCOM5_Handler
                0x00002124       0x10 src/ASF/sam0/drivers/sercom/sercom_interrupt.o
                0x00002124                SERCOM5_Handler
 .text.usart_init
                0x00002134      0x338 src/ASF/sam0/drivers/sercom/usart/usart.o
                0x00002134                usart_init
 .text._usart_read_buffer
                0x0000246c       0x50 src/ASF/sam0/drivers/sercom/usart/usart_interrupt.o
                0x0000246c                _usart_read_buffer
 .text.usart_register_callback
                0x000024bc       0x18 src/ASF/sam0/drivers/sercom/usart/usart_interrupt.o
                0x000024bc                usart_register_callback
 .text.usart_read_buffer_job
                0x000024d4       0x20 src/ASF/sam0/drivers/sercom/usart/usart_interrupt.o
                0x000024d4                usart_read_buffer_job
 .text._usart_interrupt_handler
                0x000024f4      0x18c src/ASF/sam0/drivers/sercom/usart/usart_interrupt.o
                0x000024f4                _usart_interrupt_handler
 .text.system_clock_source_get_hz
                0x00002680       0x90 src/ASF/sam0/drivers/system/clock/clock_samd21_r21_da/clock.o
                0x00002680                system_clock_source_get_hz
 .text.system_clock_source_osc8m_set_config
                0x00002710       0x3c src/ASF/sam0/drivers/system/clock/clock_samd21_r21_da/clock.o
                0x00002710                system_clock_source_osc8m_set_config
 .text.system_clock_source_osc32k_set_config
                0x0000274c       0x88 src/ASF/sam0/drivers/system/clock/clock_samd21_r21_da/clock.o
                0x0000274c                system_clock_source_osc32k_set_config
 .text.system_clock_source_dfll_set_config
                0x000027d4       0x84 src/ASF/sam0/drivers/system/clock/clock_samd21_r21_da/clock.o
                0x000027d4                system_clock_source_dfll_set_config
 .text.system_clock_source_enable
                0x00002858       0xa8 src/ASF/sam0/drivers/system/clock/clock_samd21_r21_da/clock.o
                0x00002858                system_clock_source_enable
 .text.system_clock_init
                0x00002900      0x198 src/ASF/sam0/drivers/system/clock/clock_samd21_r21_da/clock.o
                0x00002900                system_clock_init
 .text.system_gclk_init
                0x00002a98       0x24 src/ASF/sam0/drivers/system/clock/clock_samd21_r21_da/gclk.o
                0x00002a98                system_gclk_init
 .text.system_gclk_gen_set_config
                0x00002abc       0xb8 src/ASF/sam0/drivers/system/clock/clock_samd21_r21_da/gclk.o
                0x00002abc                system_gclk_gen_set_config
 .text.system_gclk_gen_enable
                0x00002b74       0x44 src/ASF/sam0/drivers/system/clock/clock_samd21_r21_da/gclk.o
                0x00002b74                system_gclk_gen_enable
 .text.system_gclk_gen_get_hz
                0x00002bb8       0x8c src/ASF/sam0/drivers/system/clock/clock_samd21_r21_da/gclk.o
                0x00002bb8                system_gclk_gen_get_hz
 .text.system_gclk_chan_enable
                0x00002c44       0x30 src/ASF/sam0/drivers/system/clock/clock_samd21_r21_da/gclk.o
                0x00002c44                system_gclk_chan_enable
 .text.system_gclk_chan_disable
                0x00002c74       0x5c src/ASF/sam0/drivers/system/clock/clock_samd21_r21_da/gclk.o
                0x00002c74                system_gclk_chan_disable
 .text.system_gclk_chan_set_config
                0x00002cd0       0x1c src/ASF/sam0/drivers/system/clock/clock_samd21_r21_da/gclk.o
                0x00002cd0                system_gclk_chan_set_config
 .text.system_gclk_chan_get_hz
                0x00002cec       0x34 src/ASF/sam0/drivers/system/clock/clock_samd21_r21_da/gclk.o
                0x00002cec                system_gclk_chan_get_hz
 .text._system_pinmux_config
                0x00002d20       0xa8 src/ASF/sam0/drivers/system/pinmux/pinmux.o
 .text.system_pinmux_pin_set_config
                0x00002dc8       0x30 src/ASF/sam0/drivers/system/pinmux/pinmux.o
                0x00002dc8                system_pinmux_pin_set_config
 .text._system_dummy_init
                0x00002df8        0x4 src/ASF/sam0/drivers/system/system.o
                0x00002df8                _system_dummy_init
                0x00002df8                _system_divas_init
 .text.system_init
                0x00002dfc       0x2c src/ASF/sam0/drivers/system/system.o
                0x00002dfc                system_init
 .text._tcc_get_inst_index
                0x00002e28       0x30 src/ASF/sam0/drivers/tcc/tcc.o
                0x00002e28                _tcc_get_inst_index
 .text._tcc_set_compare_value
                0x00002e58       0x68 src/ASF/sam0/drivers/tcc/tcc.o
 .text.tcc_get_config_defaults
                0x00002ec0      0x150 src/ASF/sam0/drivers/tcc/tcc.o
                0x00002ec0                tcc_get_config_defaults
 .text.tcc_init
                0x00003010      0x428 src/ASF/sam0/drivers/tcc/tcc.o
                0x00003010                tcc_init
 .text.tcc_set_compare_value
                0x00003438       0x10 src/ASF/sam0/drivers/tcc/tcc.o
                0x00003438                tcc_set_compare_value
 .text.tcc_register_callback
                0x00003448       0x18 src/ASF/sam0/drivers/tcc/tcc_callback.o
                0x00003448                tcc_register_callback
 .text.tcc_enable_callback
                0x00003460       0x40 src/ASF/sam0/drivers/tcc/tcc_callback.o
                0x00003460                tcc_enable_callback
 .text._tcc_interrupt_handler
                0x000034a0       0x48 src/ASF/sam0/drivers/tcc/tcc_callback.o
                0x000034a0                _tcc_interrupt_handler
 .text.TCC0_Handler
                0x000034e8       0x10 src/ASF/sam0/drivers/tcc/tcc_callback.o
                0x000034e8                TCC0_Handler
 .text.TCC1_Handler
                0x000034f8       0x10 src/ASF/sam0/drivers/tcc/tcc_callback.o
                0x000034f8                TCC1_Handler
 .text.TCC2_Handler
                0x00003508       0x10 src/ASF/sam0/drivers/tcc/tcc_callback.o
                0x00003508                TCC2_Handler
 .text.udd_sleep_mode
                0x00003518       0xbc src/ASF/sam0/drivers/usb/stack_interface/usb_device_udd.o
 .text.udd_ep_get_job
                0x000035d4       0x1c src/ASF/sam0/drivers/usb/stack_interface/usb_device_udd.o
 .text.udd_ep_transfer_process
                0x000035f0      0x1b0 src/ASF/sam0/drivers/usb/stack_interface/usb_device_udd.o
 .text.udd_ctrl_stall_data
                0x000037a0       0x2c src/ASF/sam0/drivers/usb/stack_interface/usb_device_udd.o
 .text._usb_device_lpm_suspend
                0x000037cc       0x58 src/ASF/sam0/drivers/usb/stack_interface/usb_device_udd.o
 .text._usb_on_wakeup
                0x00003824       0x70 src/ASF/sam0/drivers/usb/stack_interface/usb_device_udd.o
 .text._usb_on_bus_reset
                0x00003894       0xb0 src/ASF/sam0/drivers/usb/stack_interface/usb_device_udd.o
 .text.udd_ctrl_send_zlp_in
                0x00003944       0x3c src/ASF/sam0/drivers/usb/stack_interface/usb_device_udd.o
 .text._usb_ep0_on_tansfer_fail
                0x00003980       0x50 src/ASF/sam0/drivers/usb/stack_interface/usb_device_udd.o
 .text.udd_ctrl_in_sent
                0x000039d0       0xa8 src/ASF/sam0/drivers/usb/stack_interface/usb_device_udd.o
 .text._usb_ep0_on_setup
                0x00003a78       0xe4 src/ASF/sam0/drivers/usb/stack_interface/usb_device_udd.o
 .text._usb_on_sof_notify
                0x00003b5c       0x14 src/ASF/sam0/drivers/usb/stack_interface/usb_device_udd.o
 .text._usb_on_suspend
                0x00003b70       0x34 src/ASF/sam0/drivers/usb/stack_interface/usb_device_udd.o
 .text.udd_ep_abort
                0x00003ba4       0x3c src/ASF/sam0/drivers/usb/stack_interface/usb_device_udd.o
                0x00003ba4                udd_ep_abort
 .text.udd_is_high_speed
                0x00003be0        0x4 src/ASF/sam0/drivers/usb/stack_interface/usb_device_udd.o
                0x00003be0                udd_is_high_speed
 .text.udd_get_frame_number
                0x00003be4       0x10 src/ASF/sam0/drivers/usb/stack_interface/usb_device_udd.o
                0x00003be4                udd_get_frame_number
 .text.udd_get_micro_frame_number
                0x00003bf4       0x10 src/ASF/sam0/drivers/usb/stack_interface/usb_device_udd.o
                0x00003bf4                udd_get_micro_frame_number
 .text.udd_ep_free
                0x00003c04       0x58 src/ASF/sam0/drivers/usb/stack_interface/usb_device_udd.o
                0x00003c04                udd_ep_free
 .text.udd_ep_alloc
                0x00003c5c      0x108 src/ASF/sam0/drivers/usb/stack_interface/usb_device_udd.o
                0x00003c5c                udd_ep_alloc
 .text.udd_ep_is_halted
                0x00003d64       0x14 src/ASF/sam0/drivers/usb/stack_interface/usb_device_udd.o
                0x00003d64                udd_ep_is_halted
 .text.udd_ep_set_halt
                0x00003d78       0x30 src/ASF/sam0/drivers/usb/stack_interface/usb_device_udd.o
                0x00003d78                udd_ep_set_halt
 .text._usb_ep0_on_tansfer_ok
                0x00003da8      0x100 src/ASF/sam0/drivers/usb/stack_interface/usb_device_udd.o
 .text.udd_ep_clear_halt
                0x00003ea8       0x44 src/ASF/sam0/drivers/usb/stack_interface/usb_device_udd.o
                0x00003ea8                udd_ep_clear_halt
 .text.udd_ep_run
                0x00003eec      0x1dc src/ASF/sam0/drivers/usb/stack_interface/usb_device_udd.o
                0x00003eec                udd_ep_run
 .text.udd_set_address
                0x000040c8       0x10 src/ASF/sam0/drivers/usb/stack_interface/usb_device_udd.o
                0x000040c8                udd_set_address
 .text.udd_getaddress
                0x000040d8       0x10 src/ASF/sam0/drivers/usb/stack_interface/usb_device_udd.o
                0x000040d8                udd_getaddress
 .text.udd_send_remotewakeup
                0x000040e8       0x58 src/ASF/sam0/drivers/usb/stack_interface/usb_device_udd.o
                0x000040e8                udd_send_remotewakeup
 .text.udd_set_setup_payload
                0x00004140        0xc src/ASF/sam0/drivers/usb/stack_interface/usb_device_udd.o
                0x00004140                udd_set_setup_payload
 .text.udd_detach
                0x0000414c       0x20 src/ASF/sam0/drivers/usb/stack_interface/usb_device_udd.o
                0x0000414c                udd_detach
 .text.udd_attach
                0x0000416c       0x84 src/ASF/sam0/drivers/usb/stack_interface/usb_device_udd.o
                0x0000416c                udd_attach
 .text._uhd_vbus_handler
                0x000041f0       0x3c src/ASF/sam0/drivers/usb/stack_interface/usb_device_udd.o
 .text.udd_enable
                0x0000422c       0xf8 src/ASF/sam0/drivers/usb/stack_interface/usb_device_udd.o
                0x0000422c                udd_enable
 .text.usb_device_register_callback
                0x00004324       0x20 src/ASF/sam0/drivers/usb/usb_sam_d_r/usb.o
                0x00004324                usb_device_register_callback
 .text.usb_device_enable_callback
                0x00004344       0x20 src/ASF/sam0/drivers/usb/usb_sam_d_r/usb.o
                0x00004344                usb_device_enable_callback
 .text.usb_device_disable_callback
                0x00004364       0x1c src/ASF/sam0/drivers/usb/usb_sam_d_r/usb.o
                0x00004364                usb_device_disable_callback
 .text.usb_device_endpoint_register_callback
                0x00004380       0x28 src/ASF/sam0/drivers/usb/usb_sam_d_r/usb.o
                0x00004380                usb_device_endpoint_register_callback
 .text.usb_device_endpoint_unregister_callback
                0x000043a8       0x28 src/ASF/sam0/drivers/usb/usb_sam_d_r/usb.o
                0x000043a8                usb_device_endpoint_unregister_callback
 .text.usb_device_endpoint_enable_callback
                0x000043d0       0xdc src/ASF/sam0/drivers/usb/usb_sam_d_r/usb.o
                0x000043d0                usb_device_endpoint_enable_callback
 .text.usb_device_endpoint_disable_callback
                0x000044ac       0xdc src/ASF/sam0/drivers/usb/usb_sam_d_r/usb.o
                0x000044ac                usb_device_endpoint_disable_callback
 .text.usb_device_endpoint_get_config_defaults
                0x00004588       0x10 src/ASF/sam0/drivers/usb/usb_sam_d_r/usb.o
                0x00004588                usb_device_endpoint_get_config_defaults
 .text.usb_device_endpoint_set_config
                0x00004598      0x254 src/ASF/sam0/drivers/usb/usb_sam_d_r/usb.o
                0x00004598                usb_device_endpoint_set_config
 .text.usb_device_endpoint_abort_job
                0x000047ec       0x38 src/ASF/sam0/drivers/usb/usb_sam_d_r/usb.o
                0x000047ec                usb_device_endpoint_abort_job
 .text.usb_device_endpoint_is_halted
                0x00004824       0x2c src/ASF/sam0/drivers/usb/usb_sam_d_r/usb.o
                0x00004824                usb_device_endpoint_is_halted
 .text.usb_device_endpoint_set_halt
                0x00004850       0x28 src/ASF/sam0/drivers/usb/usb_sam_d_r/usb.o
                0x00004850                usb_device_endpoint_set_halt
 .text.usb_device_endpoint_clear_halt
                0x00004878       0x88 src/ASF/sam0/drivers/usb/usb_sam_d_r/usb.o
                0x00004878                usb_device_endpoint_clear_halt
 .text.usb_device_endpoint_write_buffer_job
                0x00004900       0x50 src/ASF/sam0/drivers/usb/usb_sam_d_r/usb.o
                0x00004900                usb_device_endpoint_write_buffer_job
 .text.usb_device_endpoint_read_buffer_job
                0x00004950       0x4c src/ASF/sam0/drivers/usb/usb_sam_d_r/usb.o
                0x00004950                usb_device_endpoint_read_buffer_job
 .text.usb_device_endpoint_setup_buffer_job
                0x0000499c       0x30 src/ASF/sam0/drivers/usb/usb_sam_d_r/usb.o
                0x0000499c                usb_device_endpoint_setup_buffer_job
 .text.usb_enable
                0x000049cc       0x14 src/ASF/sam0/drivers/usb/usb_sam_d_r/usb.o
                0x000049cc                usb_enable
 .text.USB_Handler
                0x000049e0      0x5a0 src/ASF/sam0/drivers/usb/usb_sam_d_r/usb.o
                0x000049e0                USB_Handler
 .text.usb_get_config_defaults
                0x00004f80       0x10 src/ASF/sam0/drivers/usb/usb_sam_d_r/usb.o
                0x00004f80                usb_get_config_defaults
 .text.usb_init
                0x00004f90      0x1f8 src/ASF/sam0/drivers/usb/usb_sam_d_r/usb.o
                0x00004f90                usb_init
 .text.Dummy_Handler
                0x00005188        0x4 src/ASF/sam0/utils/cmsis/samd21/source/gcc/startup_samd21.o
                0x00005188                DMAC_Handler
                0x00005188                HardFault_Handler
                0x00005188                AC_Handler
                0x00005188                SysTick_Handler
                0x00005188                PendSV_Handler
                0x00005188                NMI_Handler
                0x00005188                TC7_Handler
                0x00005188                TC6_Handler
                0x00005188                WDT_Handler
                0x00005188                TC4_Handler
                0x00005188                TC3_Handler
                0x00005188                Dummy_Handler
                0x00005188                PM_Handler
                0x00005188                SVC_Handler
                0x00005188                I2S_Handler
                0x00005188                NVMCTRL_Handler
                0x00005188                DAC_Handler
                0x00005188                PTC_Handler
                0x00005188                TC5_Handler
                0x00005188                SYSCTRL_Handler
 .text.Reset_Handler
                0x0000518c       0xf8 src/ASF/sam0/utils/cmsis/samd21/source/gcc/startup_samd21.o
                0x0000518c                Reset_Handler
 .text.convert_dec_to_frac
                0x00005284       0x44 src/adc_temp.o
                0x00005284                convert_dec_to_frac
 .text.load_calibration_data
                0x000052c8      0x164 src/adc_temp.o
                0x000052c8                load_calibration_data
 .text.calculate_temperature
                0x0000542c       0xd8 src/adc_temp.o
                0x0000542c                calculate_temperature
 .text.setParameter
                0x00005504        0x4 src/main.o
                0x00005504                setParameter
 .text.send_battery_data
                0x00005508       0xb8 src/main.o
                0x00005508                send_battery_data
 .text.send_board_time_data
                0x000055c0       0x6c src/main.o
                0x000055c0                send_board_time_data
 .text.setTime  0x0000562c       0x44 src/main.o
                0x0000562c                setTime
 .text.tcc_callback_to_change_duty_cycle
                0x00005670       0x40 src/main.o
 .text.battery_status_update
                0x000056b0       0x78 src/main.o
                0x000056b0                battery_status_update
 .text.adc_start_read_temp
                0x00005728       0xac src/main.o
                0x00005728                adc_start_read_temp
 .text.adc_get_temperature
                0x000057d4       0x50 src/main.o
                0x000057d4                adc_get_temperature
 .text.configure_rtc_callbacks
                0x00005824       0x28 src/main.o
                0x00005824                configure_rtc_callbacks
 .text.configure_rtc_calendar
                0x0000584c       0xa8 src/main.o
                0x0000584c                configure_rtc_calendar
 .text.charger_detection
                0x000058f4       0x28 src/main.o
                0x000058f4                charger_detection
 .text.configure_port_pins
                0x0000591c       0x28 src/main.o
                0x0000591c                configure_port_pins
 .text.configure_adc
                0x00005944       0x78 src/main.o
                0x00005944                configure_adc
 .text.adc_sampling
                0x000059bc      0x184 src/main.o
                0x000059bc                adc_sampling
 .text.ADC_event
                0x00005b40       0x5c src/main.o
                0x00005b40                ADC_event
 .text.processCommandMsg
                0x00005b9c       0x70 src/main.o
                0x00005b9c                processCommandMsg
 .text.execute_system_command
                0x00005c0c       0x64 src/main.o
                0x00005c0c                execute_system_command
 .text.battery_charge_calculation
                0x00005c70      0x168 src/main.o
                0x00005c70                battery_charge_calculation
 .text.rtc_match_callback
                0x00005dd8       0x90 src/main.o
                0x00005dd8                rtc_match_callback
 .text.main_suspend_action
                0x00005e68        0xc src/main.o
                0x00005e68                main_suspend_action
 .text.main_resume_action
                0x00005e74        0xc src/main.o
                0x00005e74                main_resume_action
 .text.main_sof_action
                0x00005e80       0x20 src/main.o
                0x00005e80                main_sof_action
 .text.main_suspend_lpm_action
                0x00005ea0        0xc src/main.o
                0x00005ea0                main_suspend_lpm_action
 .text.main_remotewakeup_lpm_disable
                0x00005eac        0xc src/main.o
                0x00005eac                main_remotewakeup_lpm_disable
 .text.main_remotewakeup_lpm_enable
                0x00005eb8        0xc src/main.o
                0x00005eb8                main_remotewakeup_lpm_enable
 .text.main_cdc_enable
                0x00005ec4       0x18 src/main.o
                0x00005ec4                main_cdc_enable
 .text.main_cdc_disable
                0x00005edc       0x18 src/main.o
                0x00005edc                main_cdc_disable
 .text.main_cdc_set_dtr
                0x00005ef4       0x1c src/main.o
                0x00005ef4                main_cdc_set_dtr
 .text.main     0x00005f10      0x1b4 src/main.o
                0x00005f10                main
 .text.usart_tx_callback
                0x000060c4        0x4 src/uart_samd.o
 .text.usart_rx_callback
                0x000060c8        0x4 src/uart_samd.o
 .text.uart_rx_notify
                0x000060cc       0xa0 src/uart_samd.o
                0x000060cc                uart_rx_notify
 .text.uart_config
                0x0000616c      0x198 src/uart_samd.o
                0x0000616c                uart_config
 .text.uart_open
                0x00006304       0x38 src/uart_samd.o
                0x00006304                uart_open
 .text.uart_close
                0x0000633c       0x3c src/uart_samd.o
                0x0000633c                uart_close
 .text          0x00006378      0x120 d:/atmel studio 7/7.0/toolchain/arm/arm-gnu-toolchain/bin/../lib/gcc/arm-none-eabi/4.9.3/armv6-m\libgcc.a(_udivsi3.o)
                0x00006378                __aeabi_uidiv
                0x00006378                __udivsi3
                0x00006484                __aeabi_uidivmod
 .text          0x00006498      0x1e0 d:/atmel studio 7/7.0/toolchain/arm/arm-gnu-toolchain/bin/../lib/gcc/arm-none-eabi/4.9.3/armv6-m\libgcc.a(_divsi3.o)
                0x00006498                __divsi3
                0x00006498                __aeabi_idiv
                0x00006664                __aeabi_idivmod
 .text          0x00006678        0x4 d:/atmel studio 7/7.0/toolchain/arm/arm-gnu-toolchain/bin/../lib/gcc/arm-none-eabi/4.9.3/armv6-m\libgcc.a(_dvmd_tls.o)
                0x00006678                __aeabi_idiv0
                0x00006678                __aeabi_ldiv0
 .text          0x0000667c       0x3c d:/atmel studio 7/7.0/toolchain/arm/arm-gnu-toolchain/bin/../lib/gcc/arm-none-eabi/4.9.3/armv6-m\libgcc.a(_clzsi2.o)
                0x0000667c                __clzsi2
 .text          0x000066b8       0x40 d:/atmel studio 7/7.0/toolchain/arm/arm-gnu-toolchain/bin/../lib/gcc/arm-none-eabi/4.9.3/armv6-m\libgcc.a(_ctzsi2.o)
                0x000066b8                __ctzsi2
 .text          0x000066f8       0x40 d:/atmel studio 7/7.0/toolchain/arm/arm-gnu-toolchain/bin/../lib/gcc/arm-none-eabi/4.9.3/armv6-m\libgcc.a(_aeabi_uldivmod.o)
                0x000066f8                __aeabi_uldivmod
 .text          0x00006738       0x54 d:/atmel studio 7/7.0/toolchain/arm/arm-gnu-toolchain/bin/../lib/gcc/arm-none-eabi/4.9.3/armv6-m\libgcc.a(_muldi3.o)
                0x00006738                __muldi3
                0x00006738                __aeabi_lmul
 .text          0x0000678c       0x30 d:/atmel studio 7/7.0/toolchain/arm/arm-gnu-toolchain/bin/../lib/gcc/arm-none-eabi/4.9.3/armv6-m\libgcc.a(_fixunssfsi.o)
                0x0000678c                __fixunssfsi
                0x0000678c                __aeabi_f2uiz
 .text          0x000067bc       0x6c d:/atmel studio 7/7.0/toolchain/arm/arm-gnu-toolchain/bin/../lib/gcc/arm-none-eabi/4.9.3/armv6-m\libgcc.a(bpabi.o)
                0x000067bc                __gnu_ldivmod_helper
                0x000067f4                __gnu_uldivmod_helper
 .text          0x00006828      0x2f8 d:/atmel studio 7/7.0/toolchain/arm/arm-gnu-toolchain/bin/../lib/gcc/arm-none-eabi/4.9.3/armv6-m\libgcc.a(addsf3.o)
                0x00006828                __aeabi_fadd
 .text          0x00006b20      0x270 d:/atmel studio 7/7.0/toolchain/arm/arm-gnu-toolchain/bin/../lib/gcc/arm-none-eabi/4.9.3/armv6-m\libgcc.a(divsf3.o)
                0x00006b20                __aeabi_fdiv
 .text          0x00006d90      0x264 d:/atmel studio 7/7.0/toolchain/arm/arm-gnu-toolchain/bin/../lib/gcc/arm-none-eabi/4.9.3/armv6-m\libgcc.a(mulsf3.o)
                0x00006d90                __aeabi_fmul
 .text          0x00006ff4      0x2fc d:/atmel studio 7/7.0/toolchain/arm/arm-gnu-toolchain/bin/../lib/gcc/arm-none-eabi/4.9.3/armv6-m\libgcc.a(subsf3.o)
                0x00006ff4                __aeabi_fsub
 .text          0x000072f0       0x40 d:/atmel studio 7/7.0/toolchain/arm/arm-gnu-toolchain/bin/../lib/gcc/arm-none-eabi/4.9.3/armv6-m\libgcc.a(fixsfsi.o)
                0x000072f0                __aeabi_f2iz
 .text          0x00007330       0x90 d:/atmel studio 7/7.0/toolchain/arm/arm-gnu-toolchain/bin/../lib/gcc/arm-none-eabi/4.9.3/armv6-m\libgcc.a(floatsisf.o)
                0x00007330                __aeabi_i2f
 .text          0x000073c0       0x90 d:/atmel studio 7/7.0/toolchain/arm/arm-gnu-toolchain/bin/../lib/gcc/arm-none-eabi/4.9.3/armv6-m\libgcc.a(floatunsisf.o)
                0x000073c0                __aeabi_ui2f
 .text          0x00007450      0x648 d:/atmel studio 7/7.0/toolchain/arm/arm-gnu-toolchain/bin/../lib/gcc/arm-none-eabi/4.9.3/armv6-m\libgcc.a(divdf3.o)
                0x00007450                __aeabi_ddiv
 .text          0x00007a98      0x6f4 d:/atmel studio 7/7.0/toolchain/arm/arm-gnu-toolchain/bin/../lib/gcc/arm-none-eabi/4.9.3/armv6-m\libgcc.a(subdf3.o)
                0x00007a98                __aeabi_dsub
 .text          0x0000818c       0xa8 d:/atmel studio 7/7.0/toolchain/arm/arm-gnu-toolchain/bin/../lib/gcc/arm-none-eabi/4.9.3/armv6-m\libgcc.a(extendsfdf2.o)
                0x0000818c                __aeabi_f2d
 .text          0x00008234      0x120 d:/atmel studio 7/7.0/toolchain/arm/arm-gnu-toolchain/bin/../lib/gcc/arm-none-eabi/4.9.3/armv6-m\libgcc.a(truncdfsf2.o)
                0x00008234                __aeabi_d2f
 .text          0x00008354       0x74 d:/atmel studio 7/7.0/toolchain/arm/arm-gnu-toolchain/bin/../lib/gcc/arm-none-eabi/4.9.3/armv6-m\libgcc.a(_arm_cmpsf2.o)
                0x00008354                __aeabi_cfrcmple
                0x0000835c                __aeabi_cfcmpeq
                0x0000835c                __aeabi_cfcmple
                0x0000836c                __aeabi_fcmpeq
                0x00008378                __aeabi_fcmplt
                0x0000838c                __aeabi_fcmple
                0x000083a0                __aeabi_fcmpgt
                0x000083b4                __aeabi_fcmpge
 .text          0x000083c8      0x1f0 d:/atmel studio 7/7.0/toolchain/arm/arm-gnu-toolchain/bin/../lib/gcc/arm-none-eabi/4.9.3/armv6-m\libgcc.a(_divdi3.o)
                0x000083c8                __divdi3
 .text          0x000085b8      0x158 d:/atmel studio 7/7.0/toolchain/arm/arm-gnu-toolchain/bin/../lib/gcc/arm-none-eabi/4.9.3/armv6-m\libgcc.a(_udivdi3.o)
                0x000085b8                __udivdi3
 .text          0x00008710       0x54 d:/atmel studio 7/7.0/toolchain/arm/arm-gnu-toolchain/bin/../lib/gcc/arm-none-eabi/4.9.3/armv6-m\libgcc.a(eqsf2.o)
                0x00008710                __eqsf2
                0x00008710                __nesf2
 .text          0x00008764       0x94 d:/atmel studio 7/7.0/toolchain/arm/arm-gnu-toolchain/bin/../lib/gcc/arm-none-eabi/4.9.3/armv6-m\libgcc.a(gesf2.o)
                0x00008764                __gesf2
                0x00008764                __gtsf2
 .text          0x000087f8       0x8c d:/atmel studio 7/7.0/toolchain/arm/arm-gnu-toolchain/bin/../lib/gcc/arm-none-eabi/4.9.3/armv6-m\libgcc.a(lesf2.o)
                0x000087f8                __ltsf2
                0x000087f8                __lesf2
 .text          0x00008884       0x18 d:/atmel studio 7/7.0/toolchain/arm/arm-gnu-toolchain/bin/../lib/gcc/arm-none-eabi/4.9.3/armv6-m\libgcc.a(_clzdi2.o)
                0x00008884                __clzdi2
 .text.__libc_init_array
                0x0000889c       0x4c d:/atmel studio 7/7.0/toolchain/arm/arm-gnu-toolchain/bin/../lib/gcc/arm-none-eabi/4.9.3/../../../../arm-none-eabi/lib/armv6-m\libc_nano.a(lib_a-init.o)
                0x0000889c                __libc_init_array
 .text.memcpy   0x000088e8       0x12 d:/atmel studio 7/7.0/toolchain/arm/arm-gnu-toolchain/bin/../lib/gcc/arm-none-eabi/4.9.3/../../../../arm-none-eabi/lib/armv6-m\libc_nano.a(lib_a-memcpy.o)
                0x000088e8                memcpy
 .text.memset   0x000088fa       0x10 d:/atmel studio 7/7.0/toolchain/arm/arm-gnu-toolchain/bin/../lib/gcc/arm-none-eabi/4.9.3/../../../../arm-none-eabi/lib/armv6-m\libc_nano.a(lib_a-memset.o)
                0x000088fa                memset
 *(.glue_7t)
 .glue_7t       0x00000000        0x0 linker stubs
 *(.glue_7)
 .glue_7        0x00000000        0x0 linker stubs
 *(.rodata .rodata* .gnu.linkonce.r.*)
 *fill*         0x0000890a        0x2 
 .rodata.adc_init
                0x0000890c       0xd4 src/ASF/sam0/drivers/adc/adc_sam_d_r/adc.o
 .rodata        0x000089e0       0x50 src/ASF/sam0/drivers/adc/adc_sam_d_r/adc.o
 .rodata        0x00008a30       0x18 src/ASF/sam0/drivers/sercom/sercom.o
 .rodata        0x00008a48        0x6 src/ASF/sam0/drivers/sercom/sercom_interrupt.o
 *fill*         0x00008a4e        0x2 
 .rodata.system_clock_source_get_hz
                0x00008a50       0x24 src/ASF/sam0/drivers/system/clock/clock_samd21_r21_da/clock.o
 .rodata.system_clock_source_enable
                0x00008a74       0x24 src/ASF/sam0/drivers/system/clock/clock_samd21_r21_da/clock.o
 .rodata._tcc_gclk_ids
                0x00008a98        0x3 src/ASF/sam0/drivers/tcc/tcc.o
                0x00008a98                _tcc_gclk_ids
 *fill*         0x00008a9b        0x1 
 .rodata._tcc_apbcmasks
                0x00008a9c        0xc src/ASF/sam0/drivers/tcc/tcc.o
                0x00008a9c                _tcc_apbcmasks
 .rodata._tcc_maxs
                0x00008aa8        0xc src/ASF/sam0/drivers/tcc/tcc.o
                0x00008aa8                _tcc_maxs
 .rodata._tcc_cc_nums
                0x00008ab4        0x3 src/ASF/sam0/drivers/tcc/tcc.o
                0x00008ab4                _tcc_cc_nums
 *fill*         0x00008ab7        0x1 
 .rodata._tcc_ow_nums
                0x00008ab8        0x3 src/ASF/sam0/drivers/tcc/tcc.o
                0x00008ab8                _tcc_ow_nums
 *fill*         0x00008abb        0x1 
 .rodata.tcc_interrupt_vectors.12391
                0x00008abc        0x3 src/ASF/sam0/drivers/tcc/tcc_callback.o
 *fill*         0x00008abf        0x1 
 .rodata._tcc_intflag
                0x00008ac0       0x30 src/ASF/sam0/drivers/tcc/tcc_callback.o
                0x00008ac0                _tcc_intflag
 .rodata        0x00008af0        0x4 src/ASF/sam0/drivers/usb/stack_interface/usb_device_udd.o
 .rodata.usb_device_endpoint_set_config
                0x00008af4       0x14 src/ASF/sam0/drivers/usb/usb_sam_d_r/usb.o
 .rodata._usb_device_irq_bits
                0x00008b08        0xe src/ASF/sam0/drivers/usb/usb_sam_d_r/usb.o
 *fill*         0x00008b16        0x2 
 .rodata._usb_endpoint_irq_bits
                0x00008b18        0x4 src/ASF/sam0/drivers/usb/usb_sam_d_r/usb.o
 .rodata.str1.4
                0x00008b1c       0x18 src/uart_samd.o
                                 0x15 (size before relaxing)
 .rodata        0x00008b34       0x80 d:/atmel studio 7/7.0/toolchain/arm/arm-gnu-toolchain/bin/../lib/gcc/arm-none-eabi/4.9.3/armv6-m\libgcc.a(divsf3.o)
 .rodata        0x00008bb4       0x40 d:/atmel studio 7/7.0/toolchain/arm/arm-gnu-toolchain/bin/../lib/gcc/arm-none-eabi/4.9.3/armv6-m\libgcc.a(mulsf3.o)
 .rodata        0x00008bf4       0x40 d:/atmel studio 7/7.0/toolchain/arm/arm-gnu-toolchain/bin/../lib/gcc/arm-none-eabi/4.9.3/armv6-m\libgcc.a(divdf3.o)
 *(.ARM.extab* .gnu.linkonce.armextab.*)
                0x00008c34                . = ALIGN (0x4)
 *(.init)
 .init          0x00008c34        0x4 d:/atmel studio 7/7.0/toolchain/arm/arm-gnu-toolchain/bin/../lib/gcc/arm-none-eabi/4.9.3/armv6-m/crti.o
                0x00008c34                _init
 .init          0x00008c38        0x8 d:/atmel studio 7/7.0/toolchain/arm/arm-gnu-toolchain/bin/../lib/gcc/arm-none-eabi/4.9.3/armv6-m/crtn.o
                0x00008c40                . = ALIGN (0x4)
                0x00008c40                __preinit_array_start = .
 *(.preinit_array)
                0x00008c40                __preinit_array_end = .
                0x00008c40                . = ALIGN (0x4)
                0x00008c40                __init_array_start = .
 *(SORT(.init_array.*))
 *(.init_array)
 .init_array    0x00008c40        0x4 d:/atmel studio 7/7.0/toolchain/arm/arm-gnu-toolchain/bin/../lib/gcc/arm-none-eabi/4.9.3/armv6-m/crtbegin.o
                0x00008c44                __init_array_end = .
                0x00008c44                . = ALIGN (0x4)
 *crtbegin.o(.ctors)
 *(EXCLUDE_FILE(*crtend.o) .ctors)
 *(SORT(.ctors.*))
 *crtend.o(.ctors)
                0x00008c44                . = ALIGN (0x4)
 *(.fini)
 .fini          0x00008c44        0x4 d:/atmel studio 7/7.0/toolchain/arm/arm-gnu-toolchain/bin/../lib/gcc/arm-none-eabi/4.9.3/armv6-m/crti.o
                0x00008c44                _fini
 .fini          0x00008c48        0x8 d:/atmel studio 7/7.0/toolchain/arm/arm-gnu-toolchain/bin/../lib/gcc/arm-none-eabi/4.9.3/armv6-m/crtn.o
                0x00008c50                . = ALIGN (0x4)
                0x00008c50                __fini_array_start = .
 *(.fini_array)
 .fini_array    0x00008c50        0x4 d:/atmel studio 7/7.0/toolchain/arm/arm-gnu-toolchain/bin/../lib/gcc/arm-none-eabi/4.9.3/armv6-m/crtbegin.o
 *(SORT(.fini_array.*))
                0x00008c54                __fini_array_end = .
 *crtbegin.o(.dtors)
 *(EXCLUDE_FILE(*crtend.o) .dtors)
 *(SORT(.dtors.*))
 *crtend.o(.dtors)
                0x00008c54                . = ALIGN (0x4)
                0x00008c54                _efixed = .
                0x00008c54                PROVIDE (__exidx_start, .)

.vfp11_veneer   0x00008c54        0x0
 .vfp11_veneer  0x00000000        0x0 linker stubs

.v4_bx          0x00008c54        0x0
 .v4_bx         0x00000000        0x0 linker stubs

.iplt           0x00008c54        0x0
 .iplt          0x00000000        0x0 d:/atmel studio 7/7.0/toolchain/arm/arm-gnu-toolchain/bin/../lib/gcc/arm-none-eabi/4.9.3/armv6-m/crtbegin.o

.ARM.exidx      0x00008c54        0x8
 *(.ARM.exidx* .gnu.linkonce.armexidx.*)
 .ARM.exidx     0x00008c54        0x8 d:/atmel studio 7/7.0/toolchain/arm/arm-gnu-toolchain/bin/../lib/gcc/arm-none-eabi/4.9.3/armv6-m\libgcc.a(_divdi3.o)
 .ARM.exidx     0x00008c5c        0x0 d:/atmel studio 7/7.0/toolchain/arm/arm-gnu-toolchain/bin/../lib/gcc/arm-none-eabi/4.9.3/armv6-m\libgcc.a(_udivdi3.o)
                                  0x8 (size before relaxing)
                0x00008c5c                PROVIDE (__exidx_end, .)

.eh_frame       0x00008c5c        0x0
 .eh_frame      0x00008c5c        0x0 d:/atmel studio 7/7.0/toolchain/arm/arm-gnu-toolchain/bin/../lib/gcc/arm-none-eabi/4.9.3/armv6-m/crtbegin.o

.rel.dyn        0x00008c5c        0x0
 .rel.iplt      0x00000000        0x0 d:/atmel studio 7/7.0/toolchain/arm/arm-gnu-toolchain/bin/../lib/gcc/arm-none-eabi/4.9.3/armv6-m/crtbegin.o

.jcr            0x00008c5c        0x0
 .jcr           0x00008c5c        0x0 d:/atmel studio 7/7.0/toolchain/arm/arm-gnu-toolchain/bin/../lib/gcc/arm-none-eabi/4.9.3/armv6-m/crtbegin.o

.igot.plt       0x00008c5c        0x0
 .igot.plt      0x00000000        0x0 d:/atmel studio 7/7.0/toolchain/arm/arm-gnu-toolchain/bin/../lib/gcc/arm-none-eabi/4.9.3/armv6-m/crtbegin.o
                0x00008c5c                . = ALIGN (0x4)
                0x00008c5c                _etext = .

.relocate       0x20000000      0x120 load address 0x00008c5c
                0x20000000                . = ALIGN (0x4)
                0x20000000                _srelocate = .
 *(.ramfunc .ramfunc.*)
 *(.data .data.*)
 .data.udi_api_cdc_data
                0x20000000       0x14 src/ASF/common/services/usb/class/cdc/device/udi_cdc.o
                0x20000000                udi_api_cdc_data
 .data.udi_api_cdc_comm
                0x20000014       0x14 src/ASF/common/services/usb/class/cdc/device/udi_cdc.o
                0x20000014                udi_api_cdc_comm
 .data.udc_device_lpm
                0x20000028        0xc src/ASF/common/services/usb/class/cdc/device/udi_cdc_desc.o
                0x20000028                udc_device_lpm
 .data.udc_config
                0x20000034        0xc src/ASF/common/services/usb/class/cdc/device/udi_cdc_desc.o
                0x20000034                udc_config
 .data.udi_apis
                0x20000040        0x8 src/ASF/common/services/usb/class/cdc/device/udi_cdc_desc.o
                0x20000040                udi_apis
 .data.udc_config_fs
                0x20000048        0x8 src/ASF/common/services/usb/class/cdc/device/udi_cdc_desc.o
                0x20000048                udc_config_fs
 .data.udc_device_desc
                0x20000050       0x12 src/ASF/common/services/usb/class/cdc/device/udi_cdc_desc.o
                0x20000050                udc_device_desc
 *fill*         0x20000062        0x2 
 .data.udc_desc_fs
                0x20000064       0x43 src/ASF/common/services/usb/class/cdc/device/udi_cdc_desc.o
                0x20000064                udc_desc_fs
 *fill*         0x200000a7        0x1 
 .data.udc_string_product_name
                0x200000a8       0x10 src/ASF/common/services/usb/udc/udc.o
 .data.udc_string_manufacturer_name
                0x200000b8        0xa src/ASF/common/services/usb/udc/udc.o
 *fill*         0x200000c2        0x2 
 .data.udc_string_desc
                0x200000c4       0x20 src/ASF/common/services/usb/udc/udc.o
 .data.udc_string_desc_languageid
                0x200000e4        0x4 src/ASF/common/services/usb/udc/udc.o
 .data.g_interrupt_enabled
                0x200000e8        0x1 src/ASF/common/utils/interrupt/interrupt_sam_nvic.o
                0x200000e8                g_interrupt_enabled
 *fill*         0x200000e9        0x3 
 .data._events_inst
                0x200000ec       0x14 src/ASF/sam0/drivers/events/events_sam_d_r/events.o
                0x200000ec                _events_inst
 .data.second_count.14556
                0x20000100        0x1 src/main.o
 *fill*         0x20000101        0x3 
 .data.delay.14530
                0x20000104        0x4 src/main.o
 .data.requestAction
                0x20000108        0x8 src/main.o
                0x20000108                requestAction
 .data.calibrated_battery_capacity
                0x20000110        0x4 src/main.o
                0x20000110                calibrated_battery_capacity
 .data.battery_capcity
                0x20000114        0x4 src/main.o
                0x20000114                battery_capcity
 .data.setAction
                0x20000118        0x8 src/main.o
                0x20000118                setAction
                0x20000120                . = ALIGN (0x4)
                0x20000120                _erelocate = .

.bss            0x20000120      0xc08 load address 0x00008d80
                0x20000120                . = ALIGN (0x4)
                0x20000120                _sbss = .
                0x20000120                _szero = .
 *(.bss .bss.*)
 .bss           0x20000120       0x1c d:/atmel studio 7/7.0/toolchain/arm/arm-gnu-toolchain/bin/../lib/gcc/arm-none-eabi/4.9.3/armv6-m/crtbegin.o
 .bss.udi_cdc_line_coding
                0x2000013c        0x7 src/ASF/common/services/usb/class/cdc/device/udi_cdc.o
 *fill*         0x20000143        0x1 
 .bss.udi_cdc_rx_buf_sel
                0x20000144        0x1 src/ASF/common/services/usb/class/cdc/device/udi_cdc.o
 .bss.udi_cdc_nb_data_enabled
                0x20000145        0x1 src/ASF/common/services/usb/class/cdc/device/udi_cdc.o
 *fill*         0x20000146        0x2 
 .bss.udi_cdc_tx_buf_sel
                0x20000148        0x1 src/ASF/common/services/usb/class/cdc/device/udi_cdc.o
 *fill*         0x20000149        0x3 
 .bss.udi_cdc_tx_buf_nb
                0x2000014c        0x4 src/ASF/common/services/usb/class/cdc/device/udi_cdc.o
 .bss.udi_cdc_tx_buf
                0x20000150      0x280 src/ASF/common/services/usb/class/cdc/device/udi_cdc.o
 .bss.udi_cdc_rx_buf_nb
                0x200003d0        0x4 src/ASF/common/services/usb/class/cdc/device/udi_cdc.o
 .bss.udi_cdc_nb_comm_enabled
                0x200003d4        0x1 src/ASF/common/services/usb/class/cdc/device/udi_cdc.o
 *fill*         0x200003d5        0x3 
 .bss.udi_cdc_rx_pos
                0x200003d8        0x2 src/ASF/common/services/usb/class/cdc/device/udi_cdc.o
 *fill*         0x200003da        0x2 
 .bss.udi_cdc_tx_sof_num
                0x200003dc        0x2 src/ASF/common/services/usb/class/cdc/device/udi_cdc.o
 .bss.udi_cdc_data_running
                0x200003de        0x1 src/ASF/common/services/usb/class/cdc/device/udi_cdc.o
 *fill*         0x200003df        0x1 
 .bss.sof_zlp_counter.12338
                0x200003e0        0x2 src/ASF/common/services/usb/class/cdc/device/udi_cdc.o
 *fill*         0x200003e2        0x2 
 .bss.udi_cdc_tx_trans_ongoing
                0x200003e4        0x1 src/ASF/common/services/usb/class/cdc/device/udi_cdc.o
 *fill*         0x200003e5        0x3 
 .bss.uid_cdc_state_msg
                0x200003e8        0xa src/ASF/common/services/usb/class/cdc/device/udi_cdc.o
 *fill*         0x200003f2        0x2 
 .bss.udi_cdc_rx_buf
                0x200003f4      0x280 src/ASF/common/services/usb/class/cdc/device/udi_cdc.o
 .bss.udi_cdc_rx_trans_ongoing
                0x20000674        0x1 src/ASF/common/services/usb/class/cdc/device/udi_cdc.o
 *fill*         0x20000675        0x3 
 .bss.udi_cdc_tx_both_buf_to_send
                0x20000678        0x1 src/ASF/common/services/usb/class/cdc/device/udi_cdc.o
 *fill*         0x20000679        0x3 
 .bss.udi_cdc_state
                0x2000067c        0x2 src/ASF/common/services/usb/class/cdc/device/udi_cdc.o
 *fill*         0x2000067e        0x2 
 .bss.udc_ptr_conf
                0x20000680        0x4 src/ASF/common/services/usb/udc/udc.o
 .bss.udc_iface_setting
                0x20000684        0x1 src/ASF/common/services/usb/udc/udc.o
 *fill*         0x20000685        0x1 
 .bss.udc_ep_status.12005
                0x20000686        0x2 src/ASF/common/services/usb/udc/udc.o
 .bss.udc_device_status
                0x20000688        0x2 src/ASF/common/services/usb/udc/udc.o
 *fill*         0x2000068a        0x2 
 .bss.udc_num_configuration
                0x2000068c        0x1 src/ASF/common/services/usb/udc/udc.o
 *fill*         0x2000068d        0x3 
 .bss.udc_ptr_iface
                0x20000690        0x4 src/ASF/common/services/usb/udc/udc.o
 .bss.cpu_irq_critical_section_counter
                0x20000694        0x4 src/ASF/common/utils/interrupt/interrupt_sam_nvic.o
 .bss.cpu_irq_prev_interrupt_state
                0x20000698        0x1 src/ASF/common/utils/interrupt/interrupt_sam_nvic.o
 *fill*         0x20000699        0x3 
 .bss._sercom_config
                0x2000069c        0x2 src/ASF/sam0/drivers/sercom/sercom.o
 .bss._handler_table_initialized
                0x2000069e        0x1 src/ASF/sam0/drivers/sercom/sercom_interrupt.o
 *fill*         0x2000069f        0x1 
 .bss._sercom_interrupt_handlers
                0x200006a0       0x18 src/ASF/sam0/drivers/sercom/sercom_interrupt.o
 .bss._system_clock_inst
                0x200006b8       0x18 src/ASF/sam0/drivers/system/clock/clock_samd21_r21_da/clock.o
 .bss.udd_ctrl_prev_payload_nb_trans
                0x200006d0        0x2 src/ASF/sam0/drivers/usb/stack_interface/usb_device_udd.o
 *fill*         0x200006d2        0x2 
 .bss.udd_ep_job
                0x200006d4       0x78 src/ASF/sam0/drivers/usb/stack_interface/usb_device_udd.o
 .bss.udd_state.13121
                0x2000074c        0x1 src/ASF/sam0/drivers/usb/stack_interface/usb_device_udd.o
 *fill*         0x2000074d        0x1 
 .bss.udd_ctrl_payload_nb_trans
                0x2000074e        0x2 src/ASF/sam0/drivers/usb/stack_interface/usb_device_udd.o
 .bss.udd_ep_control_state
                0x20000750        0x1 src/ASF/sam0/drivers/usb/stack_interface/usb_device_udd.o
 .bss.b_shortpacket.13264
                0x20000751        0x1 src/ASF/sam0/drivers/usb/stack_interface/usb_device_udd.o
 *fill*         0x20000752        0x2 
 .bss.device_callback_lpm_wakeup_enable
                0x20000754        0x4 src/ASF/sam0/drivers/usb/usb_sam_d_r/usb.o
 .bss.pipe_callback_para
                0x20000758        0x6 src/ASF/sam0/drivers/usb/usb_sam_d_r/usb.o
 *fill*         0x2000075e        0x2 
 .bss.host_pipe_job_busy_status
                0x20000760        0x4 src/ASF/sam0/drivers/usb/usb_sam_d_r/usb.o
                0x20000760                host_pipe_job_busy_status
 .bss.ep_callback_para
                0x20000764        0x8 src/ASF/sam0/drivers/usb/usb_sam_d_r/usb.o
 .bss._usb_instances
                0x2000076c        0x4 src/ASF/sam0/drivers/usb/usb_sam_d_r/usb.o
 .bss.i.14531   0x20000770        0x4 src/main.o
 .bss.charge_sample_num
                0x20000774        0x4 src/main.o
                0x20000774                charge_sample_num
 .bss.avg_discharge_current_reading
                0x20000778        0x2 src/main.o
                0x20000778                avg_discharge_current_reading
 .bss.commandDataLength
                0x2000077a        0x1 src/main.o
                0x2000077a                commandDataLength
 *fill*         0x2000077b        0x1 
 .bss.discharge_sample_num
                0x2000077c        0x4 src/main.o
                0x2000077c                discharge_sample_num
 .bss.charge_remain_percentage
                0x20000780        0x1 src/main.o
                0x20000780                charge_remain_percentage
 *fill*         0x20000781        0x3 
 .bss.delta_charge.14647
                0x20000784        0x4 src/main.o
 .bss.commandData
                0x20000788       0x14 src/main.o
                0x20000788                commandData
 .bss.battery_data
                0x2000079c       0x10 src/main.o
                0x2000079c                battery_data
 .bss.commandReady
                0x200007ac        0x1 src/main.o
                0x200007ac                commandReady
 .bss.battery_status_new
                0x200007ad        0x1 src/main.o
                0x200007ad                battery_status_new
 .bss.charge_from_empty_flag
                0x200007ae        0x1 src/main.o
                0x200007ae                charge_from_empty_flag
 *fill*         0x200007af        0x1 
 .bss.time_data
                0x200007b0        0x7 src/main.o
                0x200007b0                time_data
 *fill*         0x200007b7        0x1 
 .bss.avg_discharge_current_reading_old.14646
                0x200007b8        0x2 src/main.o
 .bss.discharge_from_full_flag
                0x200007ba        0x1 src/main.o
                0x200007ba                discharge_from_full_flag
 .bss.system_busy_flag
                0x200007bb        0x1 src/main.o
                0x200007bb                system_busy_flag
 .bss.avg_charge_current_reading_old.14645
                0x200007bc        0x2 src/main.o
 .bss.battery_status
                0x200007be        0x1 src/main.o
                0x200007be                battery_status
 .bss.battery_status_old
                0x200007bf        0x1 src/main.o
                0x200007bf                battery_status_old
 .bss.charger_status
                0x200007c0        0x1 src/main.o
                0x200007c0                charger_status
 *fill*         0x200007c1        0x1 
 .bss.avg_charge_current_reading
                0x200007c2        0x2 src/main.o
                0x200007c2                avg_charge_current_reading
 .bss.commandType
                0x200007c4        0x1 src/main.o
                0x200007c4                commandType
 *fill*         0x200007c5        0x3 
 .bss.total_discharge_current
                0x200007c8        0x8 src/main.o
                0x200007c8                total_discharge_current
 .bss.dateReportFlag
                0x200007d0        0x1 src/main.o
                0x200007d0                dateReportFlag
 .bss.commandIndex
                0x200007d1        0x1 src/main.o
                0x200007d1                commandIndex
 .bss.main_b_cdc_enable
                0x200007d2        0x1 src/main.o
 *fill*         0x200007d3        0x5 
 .bss.total_charge_current
                0x200007d8        0x8 src/main.o
                0x200007d8                total_charge_current
 .bss.rx_data   0x200007e0        0x1 src/uart_samd.o
 *fill*         0x200007e1        0x3 
 .bss.commandMsg
                0x200007e4       0x14 src/uart_samd.o
                0x200007e4                commandMsg
 .bss.msg_length
                0x200007f8        0x1 src/uart_samd.o
                0x200007f8                msg_length
 .bss.usbMsgInFlag
                0x200007f9        0x1 src/uart_samd.o
                0x200007f9                usbMsgInFlag
 *(COMMON)
 *fill*         0x200007fa        0x2 
 COMMON         0x200007fc        0x4 src/ASF/sam0/drivers/adc/adc_sam_d_r/adc_callback.o
                0x200007fc                _adc_instances
 COMMON         0x20000800        0x5 src/ASF/common/services/sleepmgr/samd/sleepmgr.o
                0x20000800                sleepmgr_locks
 COMMON         0x20000805        0x1 src/ASF/sam0/drivers/extint/extint_callback.o
                0x20000805                _current_channel
 *fill*         0x20000806        0x2 
 COMMON         0x20000808       0x40 src/ASF/sam0/drivers/extint/extint_sam_d_r/extint.o
                0x20000808                _extint_dev
 COMMON         0x20000848        0x4 src/ASF/sam0/drivers/rtc/rtc_sam_d_r/rtc_calendar.o
                0x20000848                _rtc_instance
 COMMON         0x2000084c       0x18 src/ASF/sam0/drivers/sercom/sercom_interrupt.o
                0x2000084c                _sercom_instances
 COMMON         0x20000864        0xc src/ASF/sam0/drivers/tcc/tcc_callback.o
                0x20000864                _tcc_instances
 COMMON         0x20000870      0x280 src/ASF/sam0/drivers/usb/stack_interface/usb_device_udd.o
                0x20000870                udd_ep_out_cache_buffer
                0x20000930                usb_device
                0x20000a98                udd_g_ctrlreq
                0x20000ab0                udd_ctrl_buffer
 COMMON         0x20000af0      0x100 src/ASF/sam0/drivers/usb/usb_sam_d_r/usb.o
                0x20000af0                usb_descriptor_table
 COMMON         0x20000bf0       0x28 src/adc_temp.o
                0x20000bf0                VADCR
                0x20000bf4                INT1VH
                0x20000bf8                ADCH
                0x20000bfc                coarse_temp
                0x20000c00                INT1VR
                0x20000c04                ADCR
                0x20000c08                fine_temp
                0x20000c0c                tempR
                0x20000c10                VADCH
                0x20000c14                tempH
 COMMON         0x20000c18       0x9c src/main.o
                0x20000c18                rtc_instance
                0x20000c30                raw_result
                0x20000c34                adc_charge_signal_voltage
                0x20000c38                charge_signal_adc_result
                0x20000c3c                config_port_pin
                0x20000c40                alarm
                0x20000c4a                temprerature_adc_result
                0x20000c4c                tcc_instance
                0x20000c8c                adc_discharge_signal_voltage
                0x20000c90                discharge_signal_adc_result
                0x20000c92                temprerature_value
                0x20000c94                adc_instance
 COMMON         0x20000cb4       0x74 src/uart_samd.o
                0x20000cb4                usart_conf
                0x20000cf4                usart_module_edbg
                0x20000d28                . = ALIGN (0x4)
                0x20000d28                _ebss = .
                0x20000d28                _ezero = .

.stack          0x20000d28     0x2000 load address 0x00009988
                0x20000d28                . = ALIGN (0x8)
                0x20000d28                _sstack = .
                0x20002d28                . = (. + STACK_SIZE)
 *fill*         0x20000d28     0x2000 
                0x20002d28                . = ALIGN (0x8)
                0x20002d28                _estack = .
                0x20002d28                . = ALIGN (0x4)
                0x20002d28                _end = .
OUTPUT(DEVICE_EXAMPLE1.elf elf32-littlearm)

.ARM.attributes
                0x00000000       0x28
 .ARM.attributes
                0x00000000       0x1e d:/atmel studio 7/7.0/toolchain/arm/arm-gnu-toolchain/bin/../lib/gcc/arm-none-eabi/4.9.3/armv6-m/crti.o
 .ARM.attributes
                0x0000001e       0x2c d:/atmel studio 7/7.0/toolchain/arm/arm-gnu-toolchain/bin/../lib/gcc/arm-none-eabi/4.9.3/armv6-m/crtbegin.o
 .ARM.attributes
                0x0000004a       0x32 src/ASF/sam0/drivers/adc/adc_sam_d_r/adc.o
 .ARM.attributes
                0x0000007c       0x32 src/ASF/sam0/drivers/adc/adc_sam_d_r/adc_callback.o
 .ARM.attributes
                0x000000ae       0x32 src/ASF/common/services/usb/class/cdc/device/example/samd21j18a_samd21_xplained_pro/ui.o
 .ARM.attributes
                0x000000e0       0x32 src/ASF/common/services/sleepmgr/samd/sleepmgr.o
 .ARM.attributes
                0x00000112       0x32 src/ASF/common/services/usb/class/cdc/device/udi_cdc.o
 .ARM.attributes
                0x00000144       0x32 src/ASF/common/services/usb/class/cdc/device/udi_cdc_desc.o
 .ARM.attributes
                0x00000176       0x32 src/ASF/common/services/usb/udc/udc.o
 .ARM.attributes
                0x000001a8       0x32 src/ASF/common/utils/interrupt/interrupt_sam_nvic.o
 .ARM.attributes
                0x000001da       0x32 src/ASF/sam0/boards/samd21_xplained_pro/board_init.o
 .ARM.attributes
                0x0000020c       0x32 src/ASF/sam0/drivers/events/events_hooks.o
 .ARM.attributes
                0x0000023e       0x32 src/ASF/sam0/drivers/events/events_sam_d_r/events.o
 .ARM.attributes
                0x00000270       0x32 src/ASF/sam0/drivers/extint/extint_callback.o
 .ARM.attributes
                0x000002a2       0x32 src/ASF/sam0/drivers/extint/extint_sam_d_r/extint.o
 .ARM.attributes
                0x000002d4       0x32 src/ASF/sam0/drivers/port/port.o
 .ARM.attributes
                0x00000306       0x32 src/ASF/sam0/drivers/rtc/rtc_sam_d_r/rtc_calendar.o
 .ARM.attributes
                0x00000338       0x32 src/ASF/sam0/drivers/rtc/rtc_sam_d_r/rtc_calendar_interrupt.o
 .ARM.attributes
                0x0000036a       0x32 src/ASF/sam0/drivers/sercom/sercom.o
 .ARM.attributes
                0x0000039c       0x32 src/ASF/sam0/drivers/sercom/sercom_interrupt.o
 .ARM.attributes
                0x000003ce       0x32 src/ASF/sam0/drivers/sercom/usart/usart.o
 .ARM.attributes
                0x00000400       0x32 src/ASF/sam0/drivers/sercom/usart/usart_interrupt.o
 .ARM.attributes
                0x00000432       0x32 src/ASF/sam0/drivers/system/clock/clock_samd21_r21_da/clock.o
 .ARM.attributes
                0x00000464       0x32 src/ASF/sam0/drivers/system/clock/clock_samd21_r21_da/gclk.o
 .ARM.attributes
                0x00000496       0x32 src/ASF/sam0/drivers/system/pinmux/pinmux.o
 .ARM.attributes
                0x000004c8       0x32 src/ASF/sam0/drivers/system/system.o
 .ARM.attributes
                0x000004fa       0x32 src/ASF/sam0/drivers/tcc/tcc.o
 .ARM.attributes
                0x0000052c       0x32 src/ASF/sam0/drivers/tcc/tcc_callback.o
 .ARM.attributes
                0x0000055e       0x32 src/ASF/sam0/drivers/usb/stack_interface/usb_device_udd.o
 .ARM.attributes
                0x00000590       0x32 src/ASF/sam0/drivers/usb/usb_sam_d_r/usb.o
 .ARM.attributes
                0x000005c2       0x32 src/ASF/sam0/utils/cmsis/samd21/source/gcc/startup_samd21.o
 .ARM.attributes
                0x000005f4       0x32 src/adc_temp.o
 .ARM.attributes
                0x00000626       0x32 src/main.o
 .ARM.attributes
                0x00000658       0x32 src/uart_samd.o
 .ARM.attributes
                0x0000068a       0x1e d:/atmel studio 7/7.0/toolchain/arm/arm-gnu-toolchain/bin/../lib/gcc/arm-none-eabi/4.9.3/armv6-m\libgcc.a(_udivsi3.o)
 .ARM.attributes
                0x000006a8       0x1e d:/atmel studio 7/7.0/toolchain/arm/arm-gnu-toolchain/bin/../lib/gcc/arm-none-eabi/4.9.3/armv6-m\libgcc.a(_divsi3.o)
 .ARM.attributes
                0x000006c6       0x1e d:/atmel studio 7/7.0/toolchain/arm/arm-gnu-toolchain/bin/../lib/gcc/arm-none-eabi/4.9.3/armv6-m\libgcc.a(_dvmd_tls.o)
 .ARM.attributes
                0x000006e4       0x1e d:/atmel studio 7/7.0/toolchain/arm/arm-gnu-toolchain/bin/../lib/gcc/arm-none-eabi/4.9.3/armv6-m\libgcc.a(_clzsi2.o)
 .ARM.attributes
                0x00000702       0x1e d:/atmel studio 7/7.0/toolchain/arm/arm-gnu-toolchain/bin/../lib/gcc/arm-none-eabi/4.9.3/armv6-m\libgcc.a(_ctzsi2.o)
 .ARM.attributes
                0x00000720       0x1e d:/atmel studio 7/7.0/toolchain/arm/arm-gnu-toolchain/bin/../lib/gcc/arm-none-eabi/4.9.3/armv6-m\libgcc.a(_aeabi_uldivmod.o)
 .ARM.attributes
                0x0000073e       0x2c d:/atmel studio 7/7.0/toolchain/arm/arm-gnu-toolchain/bin/../lib/gcc/arm-none-eabi/4.9.3/armv6-m\libgcc.a(_muldi3.o)
 .ARM.attributes
                0x0000076a       0x2c d:/atmel studio 7/7.0/toolchain/arm/arm-gnu-toolchain/bin/../lib/gcc/arm-none-eabi/4.9.3/armv6-m\libgcc.a(_fixunssfsi.o)
 .ARM.attributes
                0x00000796       0x2c d:/atmel studio 7/7.0/toolchain/arm/arm-gnu-toolchain/bin/../lib/gcc/arm-none-eabi/4.9.3/armv6-m\libgcc.a(bpabi.o)
 .ARM.attributes
                0x000007c2       0x2c d:/atmel studio 7/7.0/toolchain/arm/arm-gnu-toolchain/bin/../lib/gcc/arm-none-eabi/4.9.3/armv6-m\libgcc.a(addsf3.o)
 .ARM.attributes
                0x000007ee       0x2c d:/atmel studio 7/7.0/toolchain/arm/arm-gnu-toolchain/bin/../lib/gcc/arm-none-eabi/4.9.3/armv6-m\libgcc.a(divsf3.o)
 .ARM.attributes
                0x0000081a       0x2c d:/atmel studio 7/7.0/toolchain/arm/arm-gnu-toolchain/bin/../lib/gcc/arm-none-eabi/4.9.3/armv6-m\libgcc.a(mulsf3.o)
 .ARM.attributes
                0x00000846       0x2c d:/atmel studio 7/7.0/toolchain/arm/arm-gnu-toolchain/bin/../lib/gcc/arm-none-eabi/4.9.3/armv6-m\libgcc.a(subsf3.o)
 .ARM.attributes
                0x00000872       0x2c d:/atmel studio 7/7.0/toolchain/arm/arm-gnu-toolchain/bin/../lib/gcc/arm-none-eabi/4.9.3/armv6-m\libgcc.a(fixsfsi.o)
 .ARM.attributes
                0x0000089e       0x2c d:/atmel studio 7/7.0/toolchain/arm/arm-gnu-toolchain/bin/../lib/gcc/arm-none-eabi/4.9.3/armv6-m\libgcc.a(floatsisf.o)
 .ARM.attributes
                0x000008ca       0x2c d:/atmel studio 7/7.0/toolchain/arm/arm-gnu-toolchain/bin/../lib/gcc/arm-none-eabi/4.9.3/armv6-m\libgcc.a(floatunsisf.o)
 .ARM.attributes
                0x000008f6       0x2c d:/atmel studio 7/7.0/toolchain/arm/arm-gnu-toolchain/bin/../lib/gcc/arm-none-eabi/4.9.3/armv6-m\libgcc.a(divdf3.o)
 .ARM.attributes
                0x00000922       0x2c d:/atmel studio 7/7.0/toolchain/arm/arm-gnu-toolchain/bin/../lib/gcc/arm-none-eabi/4.9.3/armv6-m\libgcc.a(subdf3.o)
 .ARM.attributes
                0x0000094e       0x2c d:/atmel studio 7/7.0/toolchain/arm/arm-gnu-toolchain/bin/../lib/gcc/arm-none-eabi/4.9.3/armv6-m\libgcc.a(extendsfdf2.o)
 .ARM.attributes
                0x0000097a       0x2c d:/atmel studio 7/7.0/toolchain/arm/arm-gnu-toolchain/bin/../lib/gcc/arm-none-eabi/4.9.3/armv6-m\libgcc.a(truncdfsf2.o)
 .ARM.attributes
                0x000009a6       0x1e d:/atmel studio 7/7.0/toolchain/arm/arm-gnu-toolchain/bin/../lib/gcc/arm-none-eabi/4.9.3/armv6-m\libgcc.a(_arm_cmpsf2.o)
 .ARM.attributes
                0x000009c4       0x2c d:/atmel studio 7/7.0/toolchain/arm/arm-gnu-toolchain/bin/../lib/gcc/arm-none-eabi/4.9.3/armv6-m\libgcc.a(_divdi3.o)
 .ARM.attributes
                0x000009f0       0x2c d:/atmel studio 7/7.0/toolchain/arm/arm-gnu-toolchain/bin/../lib/gcc/arm-none-eabi/4.9.3/armv6-m\libgcc.a(_udivdi3.o)
 .ARM.attributes
                0x00000a1c       0x2c d:/atmel studio 7/7.0/toolchain/arm/arm-gnu-toolchain/bin/../lib/gcc/arm-none-eabi/4.9.3/armv6-m\libgcc.a(eqsf2.o)
 .ARM.attributes
                0x00000a48       0x2c d:/atmel studio 7/7.0/toolchain/arm/arm-gnu-toolchain/bin/../lib/gcc/arm-none-eabi/4.9.3/armv6-m\libgcc.a(gesf2.o)
 .ARM.attributes
                0x00000a74       0x2c d:/atmel studio 7/7.0/toolchain/arm/arm-gnu-toolchain/bin/../lib/gcc/arm-none-eabi/4.9.3/armv6-m\libgcc.a(lesf2.o)
 .ARM.attributes
                0x00000aa0       0x1e d:/atmel studio 7/7.0/toolchain/arm/arm-gnu-toolchain/bin/../lib/gcc/arm-none-eabi/4.9.3/armv6-m\libgcc.a(_clzdi2.o)
 .ARM.attributes
                0x00000abe       0x2c d:/atmel studio 7/7.0/toolchain/arm/arm-gnu-toolchain/bin/../lib/gcc/arm-none-eabi/4.9.3/../../../../arm-none-eabi/lib/armv6-m\libc_nano.a(lib_a-init.o)
 .ARM.attributes
                0x00000aea       0x2c d:/atmel studio 7/7.0/toolchain/arm/arm-gnu-toolchain/bin/../lib/gcc/arm-none-eabi/4.9.3/../../../../arm-none-eabi/lib/armv6-m\libc_nano.a(lib_a-memcpy.o)
 .ARM.attributes
                0x00000b16       0x2c d:/atmel studio 7/7.0/toolchain/arm/arm-gnu-toolchain/bin/../lib/gcc/arm-none-eabi/4.9.3/../../../../arm-none-eabi/lib/armv6-m\libc_nano.a(lib_a-memset.o)
 .ARM.attributes
                0x00000b42       0x1e d:/atmel studio 7/7.0/toolchain/arm/arm-gnu-toolchain/bin/../lib/gcc/arm-none-eabi/4.9.3/armv6-m/crtn.o

.comment        0x00000000       0x5b
 .comment       0x00000000       0x5b src/ASF/sam0/drivers/adc/adc_sam_d_r/adc.o
                                 0x5c (size before relaxing)
 .comment       0x00000000       0x5c src/ASF/sam0/drivers/adc/adc_sam_d_r/adc_callback.o
 .comment       0x00000000       0x5c src/ASF/common/services/usb/class/cdc/device/example/samd21j18a_samd21_xplained_pro/ui.o
 .comment       0x00000000       0x5c src/ASF/common/services/sleepmgr/samd/sleepmgr.o
 .comment       0x00000000       0x5c src/ASF/common/services/usb/class/cdc/device/udi_cdc.o
 .comment       0x00000000       0x5c src/ASF/common/services/usb/class/cdc/device/udi_cdc_desc.o
 .comment       0x00000000       0x5c src/ASF/common/services/usb/udc/udc.o
 .comment       0x00000000       0x5c src/ASF/common/utils/interrupt/interrupt_sam_nvic.o
 .comment       0x00000000       0x5c src/ASF/sam0/boards/samd21_xplained_pro/board_init.o
 .comment       0x00000000       0x5c src/ASF/sam0/drivers/events/events_hooks.o
 .comment       0x00000000       0x5c src/ASF/sam0/drivers/events/events_sam_d_r/events.o
 .comment       0x00000000       0x5c src/ASF/sam0/drivers/extint/extint_callback.o
 .comment       0x00000000       0x5c src/ASF/sam0/drivers/extint/extint_sam_d_r/extint.o
 .comment       0x00000000       0x5c src/ASF/sam0/drivers/port/port.o
 .comment       0x00000000       0x5c src/ASF/sam0/drivers/rtc/rtc_sam_d_r/rtc_calendar.o
 .comment       0x00000000       0x5c src/ASF/sam0/drivers/rtc/rtc_sam_d_r/rtc_calendar_interrupt.o
 .comment       0x00000000       0x5c src/ASF/sam0/drivers/sercom/sercom.o
 .comment       0x00000000       0x5c src/ASF/sam0/drivers/sercom/sercom_interrupt.o
 .comment       0x00000000       0x5c src/ASF/sam0/drivers/sercom/usart/usart.o
 .comment       0x00000000       0x5c src/ASF/sam0/drivers/sercom/usart/usart_interrupt.o
 .comment       0x00000000       0x5c src/ASF/sam0/drivers/system/clock/clock_samd21_r21_da/clock.o
 .comment       0x00000000       0x5c src/ASF/sam0/drivers/system/clock/clock_samd21_r21_da/gclk.o
 .comment       0x00000000       0x5c src/ASF/sam0/drivers/system/pinmux/pinmux.o
 .comment       0x00000000       0x5c src/ASF/sam0/drivers/system/system.o
 .comment       0x00000000       0x5c src/ASF/sam0/drivers/tcc/tcc.o
 .comment       0x00000000       0x5c src/ASF/sam0/drivers/tcc/tcc_callback.o
 .comment       0x00000000       0x5c src/ASF/sam0/drivers/usb/stack_interface/usb_device_udd.o
 .comment       0x00000000       0x5c src/ASF/sam0/drivers/usb/usb_sam_d_r/usb.o
 .comment       0x00000000       0x5c src/ASF/sam0/utils/cmsis/samd21/source/gcc/startup_samd21.o
 .comment       0x00000000       0x5c src/adc_temp.o
 .comment       0x00000000       0x5c src/main.o
 .comment       0x00000000       0x5c src/uart_samd.o

.debug_info     0x00000000    0x469e5
 .debug_info    0x00000000     0x34e8 src/ASF/sam0/drivers/adc/adc_sam_d_r/adc.o
 .debug_info    0x000034e8     0x12f0 src/ASF/sam0/drivers/adc/adc_sam_d_r/adc_callback.o
 .debug_info    0x000047d8      0x449 src/ASF/common/services/usb/class/cdc/device/example/samd21j18a_samd21_xplained_pro/ui.o
 .debug_info    0x00004c21      0x170 src/ASF/common/services/sleepmgr/samd/sleepmgr.o
 .debug_info    0x00004d91     0x1dbc src/ASF/common/services/usb/class/cdc/device/udi_cdc.o
 .debug_info    0x00006b4d      0x92d src/ASF/common/services/usb/class/cdc/device/udi_cdc_desc.o
 .debug_info    0x0000747a     0x105b src/ASF/common/services/usb/udc/udc.o
 .debug_info    0x000084d5      0x1ec src/ASF/common/utils/interrupt/interrupt_sam_nvic.o
 .debug_info    0x000086c1      0x970 src/ASF/sam0/boards/samd21_xplained_pro/board_init.o
 .debug_info    0x00009031     0x12cf src/ASF/sam0/drivers/events/events_hooks.o
 .debug_info    0x0000a300     0x1e1d src/ASF/sam0/drivers/events/events_sam_d_r/events.o
 .debug_info    0x0000c11d     0x10aa src/ASF/sam0/drivers/extint/extint_callback.o
 .debug_info    0x0000d1c7     0x21ee src/ASF/sam0/drivers/extint/extint_sam_d_r/extint.o
 .debug_info    0x0000f3b5      0x968 src/ASF/sam0/drivers/port/port.o
 .debug_info    0x0000fd1d     0x2ddc src/ASF/sam0/drivers/rtc/rtc_sam_d_r/rtc_calendar.o
 .debug_info    0x00012af9     0x1880 src/ASF/sam0/drivers/rtc/rtc_sam_d_r/rtc_calendar_interrupt.o
 .debug_info    0x00014379     0x2545 src/ASF/sam0/drivers/sercom/sercom.o
 .debug_info    0x000168be     0x2335 src/ASF/sam0/drivers/sercom/sercom_interrupt.o
 .debug_info    0x00018bf3     0x4155 src/ASF/sam0/drivers/sercom/usart/usart.o
 .debug_info    0x0001cd48     0x277b src/ASF/sam0/drivers/sercom/usart/usart_interrupt.o
 .debug_info    0x0001f4c3     0x2ffb src/ASF/sam0/drivers/system/clock/clock_samd21_r21_da/clock.o
 .debug_info    0x000224be     0x1556 src/ASF/sam0/drivers/system/clock/clock_samd21_r21_da/gclk.o
 .debug_info    0x00023a14      0xac4 src/ASF/sam0/drivers/system/pinmux/pinmux.o
 .debug_info    0x000244d8      0x17a src/ASF/sam0/drivers/system/system.o
 .debug_info    0x00024652     0x435e src/ASF/sam0/drivers/tcc/tcc.o
 .debug_info    0x000289b0     0x281d src/ASF/sam0/drivers/tcc/tcc_callback.o
 .debug_info    0x0002b1cd     0x5fd9 src/ASF/sam0/drivers/usb/stack_interface/usb_device_udd.o
 .debug_info    0x000311a6     0x494d src/ASF/sam0/drivers/usb/usb_sam_d_r/usb.o
 .debug_info    0x00035af3     0x3a7c src/ASF/sam0/utils/cmsis/samd21/source/gcc/startup_samd21.o
 .debug_info    0x0003956f     0x1bca src/adc_temp.o
 .debug_info    0x0003b139     0x8749 src/main.o
 .debug_info    0x00043882     0x3163 src/uart_samd.o

.debug_abbrev   0x00000000     0x5eaf
 .debug_abbrev  0x00000000      0x3b1 src/ASF/sam0/drivers/adc/adc_sam_d_r/adc.o
 .debug_abbrev  0x000003b1      0x303 src/ASF/sam0/drivers/adc/adc_sam_d_r/adc_callback.o
 .debug_abbrev  0x000006b4      0x170 src/ASF/common/services/usb/class/cdc/device/example/samd21j18a_samd21_xplained_pro/ui.o
 .debug_abbrev  0x00000824       0x98 src/ASF/common/services/sleepmgr/samd/sleepmgr.o
 .debug_abbrev  0x000008bc      0x3b1 src/ASF/common/services/usb/class/cdc/device/udi_cdc.o
 .debug_abbrev  0x00000c6d      0x123 src/ASF/common/services/usb/class/cdc/device/udi_cdc_desc.o
 .debug_abbrev  0x00000d90      0x338 src/ASF/common/services/usb/udc/udc.o
 .debug_abbrev  0x000010c8       0xf6 src/ASF/common/utils/interrupt/interrupt_sam_nvic.o
 .debug_abbrev  0x000011be      0x22b src/ASF/sam0/boards/samd21_xplained_pro/board_init.o
 .debug_abbrev  0x000013e9      0x297 src/ASF/sam0/drivers/events/events_hooks.o
 .debug_abbrev  0x00001680      0x3e6 src/ASF/sam0/drivers/events/events_sam_d_r/events.o
 .debug_abbrev  0x00001a66      0x297 src/ASF/sam0/drivers/extint/extint_callback.o
 .debug_abbrev  0x00001cfd      0x3fc src/ASF/sam0/drivers/extint/extint_sam_d_r/extint.o
 .debug_abbrev  0x000020f9      0x1da src/ASF/sam0/drivers/port/port.o
 .debug_abbrev  0x000022d3      0x43f src/ASF/sam0/drivers/rtc/rtc_sam_d_r/rtc_calendar.o
 .debug_abbrev  0x00002712      0x275 src/ASF/sam0/drivers/rtc/rtc_sam_d_r/rtc_calendar_interrupt.o
 .debug_abbrev  0x00002987      0x2fd src/ASF/sam0/drivers/sercom/sercom.o
 .debug_abbrev  0x00002c84      0x22c src/ASF/sam0/drivers/sercom/sercom_interrupt.o
 .debug_abbrev  0x00002eb0      0x3c6 src/ASF/sam0/drivers/sercom/usart/usart.o
 .debug_abbrev  0x00003276      0x37b src/ASF/sam0/drivers/sercom/usart/usart_interrupt.o
 .debug_abbrev  0x000035f1      0x3eb src/ASF/sam0/drivers/system/clock/clock_samd21_r21_da/clock.o
 .debug_abbrev  0x000039dc      0x327 src/ASF/sam0/drivers/system/clock/clock_samd21_r21_da/gclk.o
 .debug_abbrev  0x00003d03      0x2ce src/ASF/sam0/drivers/system/pinmux/pinmux.o
 .debug_abbrev  0x00003fd1       0xb9 src/ASF/sam0/drivers/system/system.o
 .debug_abbrev  0x0000408a      0x40f src/ASF/sam0/drivers/tcc/tcc.o
 .debug_abbrev  0x00004499      0x2f3 src/ASF/sam0/drivers/tcc/tcc_callback.o
 .debug_abbrev  0x0000478c      0x574 src/ASF/sam0/drivers/usb/stack_interface/usb_device_udd.o
 .debug_abbrev  0x00004d00      0x44c src/ASF/sam0/drivers/usb/usb_sam_d_r/usb.o
 .debug_abbrev  0x0000514c      0x211 src/ASF/sam0/utils/cmsis/samd21/source/gcc/startup_samd21.o
 .debug_abbrev  0x0000535d      0x2d5 src/adc_temp.o
 .debug_abbrev  0x00005632      0x4f1 src/main.o
 .debug_abbrev  0x00005b23      0x38c src/uart_samd.o

.debug_loc      0x00000000     0xcc1b
 .debug_loc     0x00000000      0x7cb src/ASF/sam0/drivers/adc/adc_sam_d_r/adc.o
 .debug_loc     0x000007cb      0x301 src/ASF/sam0/drivers/adc/adc_sam_d_r/adc_callback.o
 .debug_loc     0x00000acc       0x8c src/ASF/common/services/usb/class/cdc/device/example/samd21j18a_samd21_xplained_pro/ui.o
 .debug_loc     0x00000b58     0x1173 src/ASF/common/services/usb/class/cdc/device/udi_cdc.o
 .debug_loc     0x00001ccb      0x4b3 src/ASF/common/services/usb/udc/udc.o
 .debug_loc     0x0000217e       0x1e src/ASF/common/utils/interrupt/interrupt_sam_nvic.o
 .debug_loc     0x0000219c       0x59 src/ASF/sam0/boards/samd21_xplained_pro/board_init.o
 .debug_loc     0x000021f5      0x4a6 src/ASF/sam0/drivers/events/events_hooks.o
 .debug_loc     0x0000269b      0x44d src/ASF/sam0/drivers/events/events_sam_d_r/events.o
 .debug_loc     0x00002ae8      0x215 src/ASF/sam0/drivers/extint/extint_callback.o
 .debug_loc     0x00002cfd      0x40a src/ASF/sam0/drivers/extint/extint_sam_d_r/extint.o
 .debug_loc     0x00003107      0x16d src/ASF/sam0/drivers/port/port.o
 .debug_loc     0x00003274      0x78d src/ASF/sam0/drivers/rtc/rtc_sam_d_r/rtc_calendar.o
 .debug_loc     0x00003a01      0x1ff src/ASF/sam0/drivers/rtc/rtc_sam_d_r/rtc_calendar_interrupt.o
 .debug_loc     0x00003c00      0x982 src/ASF/sam0/drivers/sercom/sercom.o
 .debug_loc     0x00004582      0x16c src/ASF/sam0/drivers/sercom/sercom_interrupt.o
 .debug_loc     0x000046ee      0xcf3 src/ASF/sam0/drivers/sercom/usart/usart.o
 .debug_loc     0x000053e1      0x589 src/ASF/sam0/drivers/sercom/usart/usart_interrupt.o
 .debug_loc     0x0000596a     0x1035 src/ASF/sam0/drivers/system/clock/clock_samd21_r21_da/clock.o
 .debug_loc     0x0000699f      0x51e src/ASF/sam0/drivers/system/clock/clock_samd21_r21_da/gclk.o
 .debug_loc     0x00006ebd      0x37a src/ASF/sam0/drivers/system/pinmux/pinmux.o
 .debug_loc     0x00007237       0x20 src/ASF/sam0/drivers/system/system.o
 .debug_loc     0x00007257     0x16b8 src/ASF/sam0/drivers/tcc/tcc.o
 .debug_loc     0x0000890f      0x245 src/ASF/sam0/drivers/tcc/tcc_callback.o
 .debug_loc     0x00008b54     0x10f3 src/ASF/sam0/drivers/usb/stack_interface/usb_device_udd.o
 .debug_loc     0x00009c47     0x1757 src/ASF/sam0/drivers/usb/usb_sam_d_r/usb.o
 .debug_loc     0x0000b39e       0x20 src/ASF/sam0/utils/cmsis/samd21/source/gcc/startup_samd21.o
 .debug_loc     0x0000b3be      0x3a8 src/adc_temp.o
 .debug_loc     0x0000b766     0x11ec src/main.o
 .debug_loc     0x0000c952      0x2c9 src/uart_samd.o

.debug_aranges  0x00000000      0xda0
 .debug_aranges
                0x00000000       0x38 src/ASF/sam0/drivers/adc/adc_sam_d_r/adc.o
 .debug_aranges
                0x00000038       0x48 src/ASF/sam0/drivers/adc/adc_sam_d_r/adc_callback.o
 .debug_aranges
                0x00000080       0x90 src/ASF/common/services/usb/class/cdc/device/example/samd21j18a_samd21_xplained_pro/ui.o
 .debug_aranges
                0x00000110       0x18 src/ASF/common/services/sleepmgr/samd/sleepmgr.o
 .debug_aranges
                0x00000128      0x170 src/ASF/common/services/usb/class/cdc/device/udi_cdc.o
 .debug_aranges
                0x00000298       0x18 src/ASF/common/services/usb/class/cdc/device/udi_cdc_desc.o
 .debug_aranges
                0x000002b0       0x70 src/ASF/common/services/usb/udc/udc.o
 .debug_aranges
                0x00000320       0x28 src/ASF/common/utils/interrupt/interrupt_sam_nvic.o
 .debug_aranges
                0x00000348       0x20 src/ASF/sam0/boards/samd21_xplained_pro/board_init.o
 .debug_aranges
                0x00000368       0x58 src/ASF/sam0/drivers/events/events_hooks.o
 .debug_aranges
                0x000003c0       0x80 src/ASF/sam0/drivers/events/events_sam_d_r/events.o
 .debug_aranges
                0x00000440       0x48 src/ASF/sam0/drivers/extint/extint_callback.o
 .debug_aranges
                0x00000488       0x50 src/ASF/sam0/drivers/extint/extint_sam_d_r/extint.o
 .debug_aranges
                0x000004d8       0x28 src/ASF/sam0/drivers/port/port.o
 .debug_aranges
                0x00000500       0x78 src/ASF/sam0/drivers/rtc/rtc_sam_d_r/rtc_calendar.o
 .debug_aranges
                0x00000578       0x40 src/ASF/sam0/drivers/rtc/rtc_sam_d_r/rtc_calendar_interrupt.o
 .debug_aranges
                0x000005b8       0x40 src/ASF/sam0/drivers/sercom/sercom.o
 .debug_aranges