Archive member included because of file (symbol)

d:/atmel studio 7/7.0/toolchain/arm/arm-gnu-toolchain/bin/../lib/gcc/arm-none-eabi/4.9.3/armv6-m\libgcc.a(_udivsi3.o)
                              src/ASF/sam0/drivers/nvm/nvm.o (__aeabi_uidiv)
d:/atmel studio 7/7.0/toolchain/arm/arm-gnu-toolchain/bin/../lib/gcc/arm-none-eabi/4.9.3/armv6-m\libgcc.a(_divsi3.o)
                              src/ASF/sam0/drivers/usb/stack_interface/usb_device_udd.o (__aeabi_idivmod)
d:/atmel studio 7/7.0/toolchain/arm/arm-gnu-toolchain/bin/../lib/gcc/arm-none-eabi/4.9.3/armv6-m\libgcc.a(_dvmd_tls.o)
                              d:/atmel studio 7/7.0/toolchain/arm/arm-gnu-toolchain/bin/../lib/gcc/arm-none-eabi/4.9.3/armv6-m\libgcc.a(_udivsi3.o) (__aeabi_idiv0)
d:/atmel studio 7/7.0/toolchain/arm/arm-gnu-toolchain/bin/../lib/gcc/arm-none-eabi/4.9.3/armv6-m\libgcc.a(_clzsi2.o)
                              src/ASF/sam0/drivers/usb/usb_sam_d_r/usb.o (__clzsi2)
d:/atmel studio 7/7.0/toolchain/arm/arm-gnu-toolchain/bin/../lib/gcc/arm-none-eabi/4.9.3/armv6-m\libgcc.a(_ctzsi2.o)
                              src/ASF/sam0/drivers/usb/usb_sam_d_r/usb.o (__ctzsi2)
d:/atmel studio 7/7.0/toolchain/arm/arm-gnu-toolchain/bin/../lib/gcc/arm-none-eabi/4.9.3/armv6-m\libgcc.a(_aeabi_uldivmod.o)
                              src/main.o (__aeabi_uldivmod)
d:/atmel studio 7/7.0/toolchain/arm/arm-gnu-toolchain/bin/../lib/gcc/arm-none-eabi/4.9.3/armv6-m\libgcc.a(_muldi3.o)
                              src/ASF/sam0/drivers/sercom/sercom.o (__aeabi_lmul)
d:/atmel studio 7/7.0/toolchain/arm/arm-gnu-toolchain/bin/../lib/gcc/arm-none-eabi/4.9.3/armv6-m\libgcc.a(_fixunssfsi.o)
                              src/main.o (__aeabi_f2uiz)
d:/atmel studio 7/7.0/toolchain/arm/arm-gnu-toolchain/bin/../lib/gcc/arm-none-eabi/4.9.3/armv6-m\libgcc.a(bpabi.o)
                              d:/atmel studio 7/7.0/toolchain/arm/arm-gnu-toolchain/bin/../lib/gcc/arm-none-eabi/4.9.3/armv6-m\libgcc.a(_aeabi_uldivmod.o) (__gnu_uldivmod_helper)
d:/atmel studio 7/7.0/toolchain/arm/arm-gnu-toolchain/bin/../lib/gcc/arm-none-eabi/4.9.3/armv6-m\libgcc.a(addsf3.o)
                              src/adc_temp.o (__aeabi_fadd)
d:/atmel studio 7/7.0/toolchain/arm/arm-gnu-toolchain/bin/../lib/gcc/arm-none-eabi/4.9.3/armv6-m\libgcc.a(divsf3.o)
                              src/adc_temp.o (__aeabi_fdiv)
d:/atmel studio 7/7.0/toolchain/arm/arm-gnu-toolchain/bin/../lib/gcc/arm-none-eabi/4.9.3/armv6-m\libgcc.a(mulsf3.o)
                              src/adc_temp.o (__aeabi_fmul)
d:/atmel studio 7/7.0/toolchain/arm/arm-gnu-toolchain/bin/../lib/gcc/arm-none-eabi/4.9.3/armv6-m\libgcc.a(subsf3.o)
                              src/adc_temp.o (__aeabi_fsub)
d:/atmel studio 7/7.0/toolchain/arm/arm-gnu-toolchain/bin/../lib/gcc/arm-none-eabi/4.9.3/armv6-m\libgcc.a(fixsfsi.o)
                              d:/atmel studio 7/7.0/toolchain/arm/arm-gnu-toolchain/bin/../lib/gcc/arm-none-eabi/4.9.3/armv6-m\libgcc.a(_fixunssfsi.o) (__aeabi_f2iz)
d:/atmel studio 7/7.0/toolchain/arm/arm-gnu-toolchain/bin/../lib/gcc/arm-none-eabi/4.9.3/armv6-m\libgcc.a(floatsisf.o)
                              src/adc_temp.o (__aeabi_i2f)
d:/atmel studio 7/7.0/toolchain/arm/arm-gnu-toolchain/bin/../lib/gcc/arm-none-eabi/4.9.3/armv6-m\libgcc.a(floatunsisf.o)
                              src/adc_temp.o (__aeabi_ui2f)
d:/atmel studio 7/7.0/toolchain/arm/arm-gnu-toolchain/bin/../lib/gcc/arm-none-eabi/4.9.3/armv6-m\libgcc.a(divdf3.o)
                              src/adc_temp.o (__aeabi_ddiv)
d:/atmel studio 7/7.0/toolchain/arm/arm-gnu-toolchain/bin/../lib/gcc/arm-none-eabi/4.9.3/armv6-m\libgcc.a(subdf3.o)
                              src/adc_temp.o (__aeabi_dsub)
d:/atmel studio 7/7.0/toolchain/arm/arm-gnu-toolchain/bin/../lib/gcc/arm-none-eabi/4.9.3/armv6-m\libgcc.a(extendsfdf2.o)
                              src/adc_temp.o (__aeabi_f2d)
d:/atmel studio 7/7.0/toolchain/arm/arm-gnu-toolchain/bin/../lib/gcc/arm-none-eabi/4.9.3/armv6-m\libgcc.a(truncdfsf2.o)
                              src/adc_temp.o (__aeabi_d2f)
d:/atmel studio 7/7.0/toolchain/arm/arm-gnu-toolchain/bin/../lib/gcc/arm-none-eabi/4.9.3/armv6-m\libgcc.a(_arm_cmpsf2.o)
                              d:/atmel studio 7/7.0/toolchain/arm/arm-gnu-toolchain/bin/../lib/gcc/arm-none-eabi/4.9.3/armv6-m\libgcc.a(_fixunssfsi.o) (__aeabi_fcmpge)
d:/atmel studio 7/7.0/toolchain/arm/arm-gnu-toolchain/bin/../lib/gcc/arm-none-eabi/4.9.3/armv6-m\libgcc.a(_divdi3.o)
                              d:/atmel studio 7/7.0/toolchain/arm/arm-gnu-toolchain/bin/../lib/gcc/arm-none-eabi/4.9.3/armv6-m\libgcc.a(bpabi.o) (__divdi3)
d:/atmel studio 7/7.0/toolchain/arm/arm-gnu-toolchain/bin/../lib/gcc/arm-none-eabi/4.9.3/armv6-m\libgcc.a(_udivdi3.o)
                              d:/atmel studio 7/7.0/toolchain/arm/arm-gnu-toolchain/bin/../lib/gcc/arm-none-eabi/4.9.3/armv6-m\libgcc.a(bpabi.o) (__udivdi3)
[...]
Memory Configuration

Name             Origin             Length             Attributes
rom              0x00000000         0x00040000         xr
ram              0x20000000         0x00008000         xrw
*default*        0x00000000         0xffffffff

Linker script and memory map

LOAD d:/atmel studio 7/7.0/toolchain/arm/arm-gnu-toolchain/bin/../lib/gcc/arm-none-eabi/4.9.3/armv6-m/crti.o
LOAD d:/atmel studio 7/7.0/toolchain/arm/arm-gnu-toolchain/bin/../lib/gcc/arm-none-eabi/4.9.3/armv6-m/crtbegin.o
LOAD d:/atmel studio 7/7.0/toolchain/arm/arm-gnu-toolchain/bin/../lib/gcc/arm-none-eabi/4.9.3/../../../../arm-none-eabi/lib/armv6-m/crt0.o
LOAD src/ASF/sam0/drivers/adc/adc_sam_d_r/adc.o
LOAD src/ASF/sam0/drivers/adc/adc_sam_d_r/adc_callback.o
LOAD src/ASF/common/services/usb/class/cdc/device/example/samd21j18a_samd21_xplained_pro/ui.o
LOAD src/ASF/common/services/sleepmgr/samd/sleepmgr.o
LOAD src/ASF/common/services/usb/class/cdc/device/udi_cdc.o
LOAD src/ASF/common/services/usb/class/cdc/device/udi_cdc_desc.o
LOAD src/ASF/common/services/usb/udc/udc.o
LOAD src/ASF/common/utils/interrupt/interrupt_sam_nvic.o
LOAD src/ASF/sam0/boards/samd21_xplained_pro/board_init.o
LOAD src/ASF/sam0/drivers/events/events_hooks.o
LOAD src/ASF/sam0/drivers/events/events_sam_d_r/events.o
LOAD src/ASF/sam0/drivers/extint/extint_callback.o
LOAD src/ASF/sam0/drivers/extint/extint_sam_d_r/extint.o
LOAD src/ASF/sam0/drivers/nvm/nvm.o
LOAD src/ASF/sam0/drivers/port/port.o
LOAD src/ASF/sam0/drivers/rtc/rtc_sam_d_r/rtc_calendar.o
LOAD src/ASF/sam0/drivers/rtc/rtc_sam_d_r/rtc_calendar_interrupt.o
LOAD src/ASF/sam0/drivers/sercom/sercom.o
LOAD src/ASF/sam0/drivers/sercom/sercom_interrupt.o
LOAD src/ASF/sam0/drivers/sercom/usart/usart.o
LOAD src/ASF/sam0/drivers/sercom/usart/usart_interrupt.o
LOAD src/ASF/sam0/drivers/system/clock/clock_samd21_r21_da/clock.o
LOAD src/ASF/sam0/drivers/system/clock/clock_samd21_r21_da/gclk.o
LOAD src/ASF/sam0/drivers/system/interrupt/system_interrupt.o
LOAD src/ASF/sam0/drivers/system/pinmux/pinmux.o
LOAD src/ASF/sam0/drivers/system/system.o
LOAD src/ASF/sam0/drivers/tcc/tcc.o
LOAD src/ASF/sam0/drivers/tcc/tcc_callback.o
LOAD src/ASF/sam0/drivers/usb/stack_interface/usb_device_udd.o
LOAD src/ASF/sam0/drivers/usb/stack_interface/usb_dual.o
LOAD src/ASF/sam0/drivers/usb/usb_sam_d_r/usb.o
LOAD src/ASF/sam0/utils/cmsis/samd21/source/gcc/startup_samd21.o
LOAD src/ASF/sam0/utils/cmsis/samd21/source/system_samd21.o
LOAD src/ASF/sam0/utils/syscalls/gcc/syscalls.o
LOAD src/adc_temp.o
LOAD src/main.o
LOAD src/uart_samd.o
START GROUP
LOAD ../src/ASF/thirdparty/CMSIS/Lib/GCC\libarm_cortexM0l_math.a
LOAD d:/atmel studio 7/7.0/toolchain/arm/arm-gnu-toolchain/bin/../lib/gcc/arm-none-eabi/4.9.3/../../../../arm-none-eabi/lib/armv6-m\libm.a
END GROUP
START GROUP
LOAD d:/atmel studio 7/7.0/toolchain/arm/arm-gnu-toolchain/bin/../lib/gcc/arm-none-eabi/4.9.3/armv6-m\libgcc.a
LOAD d:/atmel studio 7/7.0/toolchain/arm/arm-gnu-toolchain/bin/../lib/gcc/arm-none-eabi/4.9.3/../../../../arm-none-eabi/lib/armv6-m\libc_nano.a
END GROUP
START GROUP
LOAD d:/atmel studio 7/7.0/toolchain/arm/arm-gnu-toolchain/bin/../lib/gcc/arm-none-eabi/4.9.3/armv6-m\libgcc.a
LOAD d:/atmel studio 7/7.0/toolchain/arm/arm-gnu-toolchain/bin/../lib/gcc/arm-none-eabi/4.9.3/../../../../arm-none-eabi/lib/armv6-m\libc_nano.a
END GROUP
LOAD d:/atmel studio 7/7.0/toolchain/arm/arm-gnu-toolchain/bin/../lib/gcc/arm-none-eabi/4.9.3/armv6-m/crtend.o
LOAD d:/atmel studio 7/7.0/toolchain/arm/arm-gnu-toolchain/bin/../lib/gcc/arm-none-eabi/4.9.3/armv6-m/crtn.o
                0x00002000                STACK_SIZE = DEFINED (STACK_SIZE)?STACK_SIZE:DEFINED (__stack_size__)?__stack_size__:0x2000

.text           0x00000000     0x8b20
                0x00000000                . = ALIGN (0x4)
                0x00000000                _sfixed = .
 *(.vectors .vectors.*)
 .vectors       0x00000000       0xb4 src/ASF/sam0/utils/cmsis/samd21/source/gcc/startup_samd21.o
                0x00000000                exception_table
 *(.text .text.* .gnu.linkonce.t.*)
 .text          0x000000b4       0x60 d:/atmel studio 7/7.0/toolchain/arm/arm-gnu-toolchain/bin/../lib/gcc/arm-none-eabi/4.9.3/armv6-m/crtbegin.o
 .text.adc_get_config_defaults
                0x00000114       0x48 src/ASF/sam0/drivers/adc/adc_sam_d_r/adc.o
                0x00000114                adc_get_config_defaults
 .text.adc_init
                0x0000015c      0x44c src/ASF/sam0/drivers/adc/adc_sam_d_r/adc.o
                0x0000015c                adc_init
 .text.ADC_Handler
                0x000005a8       0xbc src/ASF/sam0/drivers/adc/adc_sam_d_r/adc_callback.o
                0x000005a8                ADC_Handler
 .text.ui_wakeup_handler
                0x00000664        0xc src/ASF/common/services/usb/class/cdc/device/example/samd21j18a_samd21_xplained_pro/ui.o
 .text.ui_init  0x00000670       0x50 src/ASF/common/services/usb/class/cdc/device/example/samd21j18a_samd21_xplained_pro/ui.o
                0x00000670                ui_init
 .text.ui_powerdown
                0x000006c0        0x4 src/ASF/common/services/usb/class/cdc/device/example/samd21j18a_samd21_xplained_pro/ui.o
                0x000006c0                ui_powerdown
 .text.ui_wakeup_enable
                0x000006c4       0x10 src/ASF/common/services/usb/class/cdc/device/example/samd21j18a_samd21_xplained_pro/ui.o
                0x000006c4                ui_wakeup_enable
 .text.ui_wakeup_disable
                0x000006d4       0x10 src/ASF/common/services/usb/class/cdc/device/example/samd21j18a_samd21_xplained_pro/ui.o
                0x000006d4                ui_wakeup_disable
 .text.ui_wakeup
                0x000006e4        0x4 src/ASF/common/services/usb/class/cdc/device/example/samd21j18a_samd21_xplained_pro/ui.o
                0x000006e4                ui_wakeup
 .text.ui_com_open
                0x000006e8        0x4 src/ASF/common/services/usb/class/cdc/device/example/samd21j18a_samd21_xplained_pro/ui.o
                0x000006e8                ui_com_open
 .text.ui_com_close
                0x000006ec        0x4 src/ASF/common/services/usb/class/cdc/device/example/samd21j18a_samd21_xplained_pro/ui.o
                0x000006ec                ui_com_close
 .text.ui_com_rx_start
                0x000006f0        0x4 src/ASF/common/services/usb/class/cdc/device/example/samd21j18a_samd21_xplained_pro/ui.o
                0x000006f0                ui_com_rx_start
 .text.ui_process
                0x000006f4        0x4 src/ASF/common/services/usb/class/cdc/device/example/samd21j18a_samd21_xplained_pro/ui.o
                0x000006f4                ui_process
 .text.udi_cdc_comm_disable
                0x000006f8       0x10 src/ASF/common/services/usb/class/cdc/device/udi_cdc.o
                0x000006f8                udi_cdc_comm_disable
 .text.udi_cdc_data_setup
                0x00000708        0x4 src/ASF/common/services/usb/class/cdc/device/udi_cdc.o
                0x00000708                udi_cdc_data_setup
 .text.udi_cdc_getsetting
                0x0000070c        0x4 src/ASF/common/services/usb/class/cdc/device/udi_cdc.o
                0x0000070c                udi_cdc_getsetting
 .text.udi_cdc_line_coding_received
                0x00000710       0x14 src/ASF/common/services/usb/class/cdc/device/udi_cdc.o
 .text.udi_cdc_comm_enable
                0x00000724       0x68 src/ASF/common/services/usb/class/cdc/device/udi_cdc.o
                0x00000724                udi_cdc_comm_enable
 .text.udi_cdc_tx_send
                0x0000078c      0x158 src/ASF/common/services/usb/class/cdc/device/udi_cdc.o
 .text.udi_cdc_data_sent
                0x000008e4       0x38 src/ASF/common/services/usb/class/cdc/device/udi_cdc.o
 .text.udi_cdc_data_sof_notify
                0x0000091c       0x10 src/ASF/common/services/usb/class/cdc/device/udi_cdc.o
                0x0000091c                udi_cdc_data_sof_notify
 .text.udi_cdc_data_disable
                0x0000092c       0x28 src/ASF/common/services/usb/class/cdc/device/udi_cdc.o
                0x0000092c                udi_cdc_data_disable
 .text.udi_cdc_comm_setup
                0x00000954       0x94 src/ASF/common/services/usb/class/cdc/device/udi_cdc.o
                0x00000954                udi_cdc_comm_setup
 .text.udi_cdc_multi_get_nb_received_data
                0x000009e8       0x50 src/ASF/common/services/usb/class/cdc/device/udi_cdc.o
                0x000009e8                udi_cdc_multi_get_nb_received_data
 .text.udi_cdc_get_nb_received_data
                0x00000a38       0x10 src/ASF/common/services/usb/class/cdc/device/udi_cdc.o
                0x00000a38                udi_cdc_get_nb_received_data
 .text.udi_cdc_multi_is_rx_ready
                0x00000a48       0x14 src/ASF/common/services/usb/class/cdc/device/udi_cdc.o
                0x00000a48                udi_cdc_multi_is_rx_ready
 .text.udi_cdc_rx_start
                0x00000a5c       0xcc src/ASF/common/services/usb/class/cdc/device/udi_cdc.o
 .text.udi_cdc_data_enable
                0x00000b28       0x90 src/ASF/common/services/usb/class/cdc/device/udi_cdc.o
                0x00000b28                udi_cdc_data_enable
 .text.udi_cdc_data_received
                0x00000bb8       0x68 src/ASF/common/services/usb/class/cdc/device/udi_cdc.o
 .text.udi_cdc_multi_read_buf
                0x00000c20       0xd4 src/ASF/common/services/usb/class/cdc/device/udi_cdc.o
                0x00000c20                udi_cdc_multi_read_buf
 .text.udi_cdc_read_buf
                0x00000cf4       0x14 src/ASF/common/services/usb/class/cdc/device/udi_cdc.o
                0x00000cf4                udi_cdc_read_buf
 .text.udi_cdc_multi_get_free_tx_buffer
                0x00000d08       0x80 src/ASF/common/services/usb/class/cdc/device/udi_cdc.o
                0x00000d08                udi_cdc_multi_get_free_tx_buffer
 .text.udi_cdc_multi_is_tx_ready
                0x00000d88       0x14 src/ASF/common/services/usb/class/cdc/device/udi_cdc.o
                0x00000d88                udi_cdc_multi_is_tx_ready
 .text.udi_cdc_multi_write_buf
                0x00000d9c       0xd0 src/ASF/common/services/usb/class/cdc/device/udi_cdc.o
                0x00000d9c                udi_cdc_multi_write_buf
 .text.udi_cdc_write_buf
                0x00000e6c       0x14 src/ASF/common/services/usb/class/cdc/device/udi_cdc.o
                0x00000e6c                udi_cdc_write_buf
 .text.udc_next_desc_in_iface
                0x00000e80       0x4c src/ASF/common/services/usb/udc/udc.o
 .text.udc_valid_address
                0x00000ecc       0x18 src/ASF/common/services/usb/udc/udc.o
 .text.udc_update_iface_desc
                0x00000ee4       0x68 src/ASF/common/services/usb/udc/udc.o
 .text.udc_iface_disable
                0x00000f4c       0x68 src/ASF/common/services/usb/udc/udc.o
 .text.udc_iface_enable
                0x00000fb4       0x58 src/ASF/common/services/usb/udc/udc.o
 .text.udc_start
                0x0000100c        0xc src/ASF/common/services/usb/udc/udc.o
                0x0000100c                udc_start
 .text.udc_reset
                0x00001018       0x4c src/ASF/common/services/usb/udc/udc.o
                0x00001018                udc_reset
 .text.udc_sof_notify
                0x00001064       0x40 src/ASF/common/services/usb/udc/udc.o
                0x00001064                udc_sof_notify
 .text.udc_process_setup
                0x000010a4      0x428 src/ASF/common/services/usb/udc/udc.o
                0x000010a4                udc_process_setup
 .text.cpu_irq_enter_critical
                0x000014cc       0x40 src/ASF/common/utils/interrupt/interrupt_sam_nvic.o
                0x000014cc                cpu_irq_enter_critical
 .text.cpu_irq_leave_critical
                0x0000150c       0x30 src/ASF/common/utils/interrupt/interrupt_sam_nvic.o
                0x0000150c                cpu_irq_leave_critical
 .text.system_board_init
                0x0000153c       0x38 src/ASF/sam0/boards/samd21_xplained_pro/board_init.o
                0x0000153c                board_init
                0x0000153c                system_board_init
 .text.events_create_hook
                0x00001574        0xc src/ASF/sam0/drivers/events/events_hooks.o
                0x00001574                events_create_hook
 .text.events_add_hook
                0x00001580       0x34 src/ASF/sam0/drivers/events/events_hooks.o
                0x00001580                events_add_hook
 .text.events_enable_interrupt_source
                0x000015b4       0x34 src/ASF/sam0/drivers/events/events_hooks.o
                0x000015b4                events_enable_interrupt_source
 .text.events_is_interrupt_set
                0x000015e8       0x34 src/ASF/sam0/drivers/events/events_hooks.o
                0x000015e8                events_is_interrupt_set
 .text.events_ack_interrupt
                0x0000161c       0x34 src/ASF/sam0/drivers/events/events_hooks.o
                0x0000161c                events_ack_interrupt
 .text.EVSYS_Handler
                0x00001650       0x3c src/ASF/sam0/drivers/events/events_hooks.o
                0x00001650                EVSYS_Handler
 .text._events_find_bit_position
                0x0000168c       0x1c src/ASF/sam0/drivers/events/events_sam_d_r/events.o
                0x0000168c                _events_find_bit_position
 .text._system_events_init
                0x000016a8       0x24 src/ASF/sam0/drivers/events/events_sam_d_r/events.o
                0x000016a8                _system_events_init
 .text.events_get_config_defaults
                0x000016cc       0x10 src/ASF/sam0/drivers/events/events_sam_d_r/events.o
                0x000016cc                events_get_config_defaults
 .text.events_allocate
                0x000016dc       0xc4 src/ASF/sam0/drivers/events/events_sam_d_r/events.o
                0x000016dc                events_allocate
 .text.events_is_busy
                0x000017a0       0x20 src/ASF/sam0/drivers/events/events_sam_d_r/events.o
                0x000017a0                events_is_busy
 .text.events_attach_user
                0x000017c0       0x24 src/ASF/sam0/drivers/events/events_sam_d_r/events.o
                0x000017c0                events_attach_user
 .text.extint_register_callback
                0x000017e4       0x2c src/ASF/sam0/drivers/extint/extint_callback.o
                0x000017e4                extint_register_callback
 .text.extint_chan_enable_callback
                0x00001810       0x20 src/ASF/sam0/drivers/extint/extint_callback.o
                0x00001810                extint_chan_enable_callback
 .text.extint_chan_disable_callback
                0x00001830       0x20 src/ASF/sam0/drivers/extint/extint_callback.o
                0x00001830                extint_chan_disable_callback
 .text.EIC_Handler
                0x00001850       0x68 src/ASF/sam0/drivers/extint/extint_callback.o
                0x00001850                EIC_Handler
 .text._extint_enable
                0x000018b8       0x18 src/ASF/sam0/drivers/extint/extint_sam_d_r/extint.o
 .text._system_extint_init
                0x000018d0       0x6c src/ASF/sam0/drivers/extint/extint_sam_d_r/extint.o
                0x000018d0                _system_extint_init
 .text.extint_chan_get_config_defaults
                0x0000193c       0x14 src/ASF/sam0/drivers/extint/extint_sam_d_r/extint.o
                0x0000193c                extint_chan_get_config_defaults
 .text.extint_chan_set_config
                0x00001950       0x78 src/ASF/sam0/drivers/extint/extint_sam_d_r/extint.o
                0x00001950                extint_chan_set_config
 .text.port_pin_set_config
                0x000019c8       0x24 src/ASF/sam0/drivers/port/port.o
                0x000019c8                port_pin_set_config
 .text.rtc_calendar_enable
                0x000019ec       0x20 src/ASF/sam0/drivers/rtc/rtc_sam_d_r/rtc_calendar.o
                0x000019ec                rtc_calendar_enable
 .text.rtc_calendar_disable
                0x00001a0c       0x24 src/ASF/sam0/drivers/rtc/rtc_sam_d_r/rtc_calendar.o
                0x00001a0c                rtc_calendar_disable
 .text.rtc_calendar_reset
                0x00001a30       0x28 src/ASF/sam0/drivers/rtc/rtc_sam_d_r/rtc_calendar.o
                0x00001a30                rtc_calendar_reset
 .text.rtc_calendar_time_to_register_value
                0x00001a58       0x3c src/ASF/sam0/drivers/rtc/rtc_sam_d_r/rtc_calendar.o
                0x00001a58                rtc_calendar_time_to_register_value
 .text.rtc_calendar_register_value_to_time
                0x00001a94       0x40 src/ASF/sam0/drivers/rtc/rtc_sam_d_r/rtc_calendar.o
                0x00001a94                rtc_calendar_register_value_to_time
 .text.rtc_calendar_set_time
                0x00001ad4       0x18 src/ASF/sam0/drivers/rtc/rtc_sam_d_r/rtc_calendar.o
                0x00001ad4                rtc_calendar_set_time
 .text.rtc_calendar_get_time
                0x00001aec       0x2c src/ASF/sam0/drivers/rtc/rtc_sam_d_r/rtc_calendar.o
                0x00001aec                rtc_calendar_get_time
 .text.rtc_calendar_set_alarm
                0x00001b18       0x30 src/ASF/sam0/drivers/rtc/rtc_sam_d_r/rtc_calendar.o
                0x00001b18                rtc_calendar_set_alarm
 .text.rtc_calendar_init
                0x00001b48       0x94 src/ASF/sam0/drivers/rtc/rtc_sam_d_r/rtc_calendar.o
                0x00001b48                rtc_calendar_init
 .text.rtc_calendar_register_callback
                0x00001bdc       0x20 src/ASF/sam0/drivers/rtc/rtc_sam_d_r/rtc_calendar_interrupt.o
                0x00001bdc                rtc_calendar_register_callback
 .text.rtc_calendar_enable_callback
                0x00001bfc       0x28 src/ASF/sam0/drivers/rtc/rtc_sam_d_r/rtc_calendar_interrupt.o
                0x00001bfc                rtc_calendar_enable_callback
 .text.RTC_Handler
                0x00001c24       0x3c src/ASF/sam0/drivers/rtc/rtc_sam_d_r/rtc_calendar_interrupt.o
                0x00001c24                RTC_Handler
 .text._sercom_get_sync_baud_val
                0x00001c60       0x28 src/ASF/sam0/drivers/sercom/sercom.o
                0x00001c60                _sercom_get_sync_baud_val
 .text._sercom_get_async_baud_val
                0x00001c88      0x1c8 src/ASF/sam0/drivers/sercom/sercom.o
                0x00001c88                _sercom_get_async_baud_val
 .text.sercom_set_gclk_generator
                0x00001e50       0x4c src/ASF/sam0/drivers/sercom/sercom.o
                0x00001e50                sercom_set_gclk_generator
 .text._sercom_get_default_pad
                0x00001e9c      0x188 src/ASF/sam0/drivers/sercom/sercom.o
                0x00001e9c                _sercom_get_default_pad
 .text._sercom_get_sercom_inst_index
                0x00002024       0x3c src/ASF/sam0/drivers/sercom/sercom.o
                0x00002024                _sercom_get_sercom_inst_index
 .text._sercom_default_handler
                0x00002060        0x4 src/ASF/sam0/drivers/sercom/sercom_interrupt.o
 .text._sercom_set_handler
                0x00002064       0x3c src/ASF/sam0/drivers/sercom/sercom_interrupt.o
                0x00002064                _sercom_set_handler
 .text._sercom_get_interrupt_vector
                0x000020a0       0x2c src/ASF/sam0/drivers/sercom/sercom_interrupt.o
                0x000020a0                _sercom_get_interrupt_vector
 .text.SERCOM0_Handler
                0x000020cc       0x10 src/ASF/sam0/drivers/sercom/sercom_interrupt.o
                0x000020cc                SERCOM0_Handler
 .text.SERCOM1_Handler
                0x000020dc       0x10 src/ASF/sam0/drivers/sercom/sercom_interrupt.o
                0x000020dc                SERCOM1_Handler
 .text.SERCOM2_Handler
                0x000020ec       0x10 src/ASF/sam0/drivers/sercom/sercom_interrupt.o
                0x000020ec                SERCOM2_Handler
 .text.SERCOM3_Handler
                0x000020fc       0x10 src/ASF/sam0/drivers/sercom/sercom_interrupt.o
                0x000020fc                SERCOM3_Handler
 .text.SERCOM4_Handler
                0x0000210c       0x10 src/ASF/sam0/drivers/sercom/sercom_interrupt.o
                0x0000210c                SERCOM4_Handler
 .text.SERCOM5_Handler
                0x0000211c       0x10 src/ASF/sam0/drivers/sercom/sercom_interrupt.o
                0x0000211c                SERCOM5_Handler
 .text.usart_init
                0x0000212c      0x338 src/ASF/sam0/drivers/sercom/usart/usart.o
                0x0000212c                usart_init
 .text._usart_read_buffer
                0x00002464       0x50 src/ASF/sam0/drivers/sercom/usart/usart_interrupt.o
                0x00002464                _usart_read_buffer
 .text.usart_register_callback
                0x000024b4       0x18 src/ASF/sam0/drivers/sercom/usart/usart_interrupt.o
                0x000024b4                usart_register_callback
 .text.usart_read_buffer_job
                0x000024cc       0x20 src/ASF/sam0/drivers/sercom/usart/usart_interrupt.o
                0x000024cc                usart_read_buffer_job
 .text._usart_interrupt_handler
                0x000024ec      0x18c src/ASF/sam0/drivers/sercom/usart/usart_interrupt.o
                0x000024ec                _usart_interrupt_handler
 .text.system_clock_source_get_hz
                0x00002678       0x90 src/ASF/sam0/drivers/system/clock/clock_samd21_r21_da/clock.o
                0x00002678                system_clock_source_get_hz
 .text.system_clock_source_osc8m_set_config
                0x00002708       0x3c src/ASF/sam0/drivers/system/clock/clock_samd21_r21_da/clock.o
                0x00002708                system_clock_source_osc8m_set_config
 .text.system_clock_source_osc32k_set_config
                0x00002744       0x88 src/ASF/sam0/drivers/system/clock/clock_samd21_r21_da/clock.o
                0x00002744                system_clock_source_osc32k_set_config
 .text.system_clock_source_dfll_set_config
                0x000027cc       0x84 src/ASF/sam0/drivers/system/clock/clock_samd21_r21_da/clock.o
                0x000027cc                system_clock_source_dfll_set_config
 .text.system_clock_source_enable
                0x00002850       0xa8 src/ASF/sam0/drivers/system/clock/clock_samd21_r21_da/clock.o
                0x00002850                system_clock_source_enable
 .text.system_clock_init
                0x000028f8      0x198 src/ASF/sam0/drivers/system/clock/clock_samd21_r21_da/clock.o
                0x000028f8                system_clock_init
 .text.system_gclk_init
                0x00002a90       0x24 src/ASF/sam0/drivers/system/clock/clock_samd21_r21_da/gclk.o
                0x00002a90                system_gclk_init
 .text.system_gclk_gen_set_config
                0x00002ab4       0xb8 src/ASF/sam0/drivers/system/clock/clock_samd21_r21_da/gclk.o
                0x00002ab4                system_gclk_gen_set_config
 .text.system_gclk_gen_enable
                0x00002b6c       0x44 src/ASF/sam0/drivers/system/clock/clock_samd21_r21_da/gclk.o
                0x00002b6c                system_gclk_gen_enable
 .text.system_gclk_gen_get_hz
                0x00002bb0       0x8c src/ASF/sam0/drivers/system/clock/clock_samd21_r21_da/gclk.o
                0x00002bb0                system_gclk_gen_get_hz
 .text.system_gclk_chan_enable
                0x00002c3c       0x30 src/ASF/sam0/drivers/system/clock/clock_samd21_r21_da/gclk.o
                0x00002c3c                system_gclk_chan_enable
 .text.system_gclk_chan_disable
                0x00002c6c       0x5c src/ASF/sam0/drivers/system/clock/clock_samd21_r21_da/gclk.o
                0x00002c6c                system_gclk_chan_disable
 .text.system_gclk_chan_set_config
                0x00002cc8       0x1c src/ASF/sam0/drivers/system/clock/clock_samd21_r21_da/gclk.o
                0x00002cc8                system_gclk_chan_set_config
 .text.system_gclk_chan_get_hz
                0x00002ce4       0x34 src/ASF/sam0/drivers/system/clock/clock_samd21_r21_da/gclk.o
                0x00002ce4                system_gclk_chan_get_hz
 .text._system_pinmux_config
                0x00002d18       0xa8 src/ASF/sam0/drivers/system/pinmux/pinmux.o
 .text.system_pinmux_pin_set_config
                0x00002dc0       0x30 src/ASF/sam0/drivers/system/pinmux/pinmux.o
                0x00002dc0                system_pinmux_pin_set_config
 .text._system_dummy_init
                0x00002df0        0x4 src/ASF/sam0/drivers/system/system.o
                0x00002df0                _system_dummy_init
                0x00002df0                _system_divas_init
 .text.system_init
                0x00002df4       0x2c src/ASF/sam0/drivers/system/system.o
                0x00002df4                system_init
 .text._tcc_get_inst_index
                0x00002e20       0x30 src/ASF/sam0/drivers/tcc/tcc.o
                0x00002e20                _tcc_get_inst_index
 .text._tcc_set_compare_value
                0x00002e50       0x68 src/ASF/sam0/drivers/tcc/tcc.o
 .text.tcc_get_config_defaults
                0x00002eb8      0x14c src/ASF/sam0/drivers/tcc/tcc.o
                0x00002eb8                tcc_get_config_defaults
 .text.tcc_init
                0x00003004      0x428 src/ASF/sam0/drivers/tcc/tcc.o
                0x00003004                tcc_init
 .text.tcc_set_compare_value
                0x0000342c       0x10 src/ASF/sam0/drivers/tcc/tcc.o
                0x0000342c                tcc_set_compare_value
 .text.tcc_register_callback
                0x0000343c       0x18 src/ASF/sam0/drivers/tcc/tcc_callback.o
                0x0000343c                tcc_register_callback
 .text.tcc_enable_callback
                0x00003454       0x40 src/ASF/sam0/drivers/tcc/tcc_callback.o
                0x00003454                tcc_enable_callback
 .text._tcc_interrupt_handler
                0x00003494       0x48 src/ASF/sam0/drivers/tcc/tcc_callback.o
                0x00003494                _tcc_interrupt_handler
 .text.TCC0_Handler
                0x000034dc       0x10 src/ASF/sam0/drivers/tcc/tcc_callback.o
                0x000034dc                TCC0_Handler
 .text.TCC1_Handler
                0x000034ec       0x10 src/ASF/sam0/drivers/tcc/tcc_callback.o
                0x000034ec                TCC1_Handler
 .text.TCC2_Handler
                0x000034fc       0x10 src/ASF/sam0/drivers/tcc/tcc_callback.o
                0x000034fc                TCC2_Handler
 .text.udd_sleep_mode
                0x0000350c       0xbc src/ASF/sam0/drivers/usb/stack_interface/usb_device_udd.o
 .text.udd_ep_get_job
                0x000035c8       0x1c src/ASF/sam0/drivers/usb/stack_interface/usb_device_udd.o
 .text.udd_ep_transfer_process
                0x000035e4      0x1b0 src/ASF/sam0/drivers/usb/stack_interface/usb_device_udd.o
 .text.udd_ctrl_stall_data
                0x00003794       0x2c src/ASF/sam0/drivers/usb/stack_interface/usb_device_udd.o
 .text._usb_device_lpm_suspend
                0x000037c0       0x58 src/ASF/sam0/drivers/usb/stack_interface/usb_device_udd.o
 .text._usb_on_wakeup
                0x00003818       0x70 src/ASF/sam0/drivers/usb/stack_interface/usb_device_udd.o
 .text._usb_on_bus_reset
                0x00003888       0xb0 src/ASF/sam0/drivers/usb/stack_interface/usb_device_udd.o
 .text.udd_ctrl_send_zlp_in
                0x00003938       0x3c src/ASF/sam0/drivers/usb/stack_interface/usb_device_udd.o
 .text._usb_ep0_on_tansfer_fail
                0x00003974       0x50 src/ASF/sam0/drivers/usb/stack_interface/usb_device_udd.o
 .text.udd_ctrl_in_sent
                0x000039c4       0xa8 src/ASF/sam0/drivers/usb/stack_interface/usb_device_udd.o
 .text._usb_ep0_on_setup
                0x00003a6c       0xe4 src/ASF/sam0/drivers/usb/stack_interface/usb_device_udd.o
 .text._usb_on_sof_notify
                0x00003b50       0x14 src/ASF/sam0/drivers/usb/stack_interface/usb_device_udd.o
 .text._usb_on_suspend
                0x00003b64       0x34 src/ASF/sam0/drivers/usb/stack_interface/usb_device_udd.o
 .text.udd_ep_abort
                0x00003b98       0x3c src/ASF/sam0/drivers/usb/stack_interface/usb_device_udd.o
                0x00003b98                udd_ep_abort
 .text.udd_is_high_speed
                0x00003bd4        0x4 src/ASF/sam0/drivers/usb/stack_interface/usb_device_udd.o
                0x00003bd4                udd_is_high_speed
 .text.udd_get_frame_number
                0x00003bd8       0x10 src/ASF/sam0/drivers/usb/stack_interface/usb_device_udd.o
                0x00003bd8                udd_get_frame_number
 .text.udd_get_micro_frame_number
                0x00003be8       0x10 src/ASF/sam0/drivers/usb/stack_interface/usb_device_udd.o
                0x00003be8                udd_get_micro_frame_number
 .text.udd_ep_free
                0x00003bf8       0x58 src/ASF/sam0/drivers/usb/stack_interface/usb_device_udd.o
                0x00003bf8                udd_ep_free
 .text.udd_ep_alloc
                0x00003c50      0x108 src/ASF/sam0/drivers/usb/stack_interface/usb_device_udd.o
                0x00003c50                udd_ep_alloc
 .text.udd_ep_is_halted
                0x00003d58       0x14 src/ASF/sam0/drivers/usb/stack_interface/usb_device_udd.o
                0x00003d58                udd_ep_is_halted
 .text.udd_ep_set_halt
                0x00003d6c       0x30 src/ASF/sam0/drivers/usb/stack_interface/usb_device_udd.o
                0x00003d6c                udd_ep_set_halt
 .text._usb_ep0_on_tansfer_ok
                0x00003d9c      0x100 src/ASF/sam0/drivers/usb/stack_interface/usb_device_udd.o
 .text.udd_ep_clear_halt
                0x00003e9c       0x44 src/ASF/sam0/drivers/usb/stack_interface/usb_device_udd.o
                0x00003e9c                udd_ep_clear_halt
 .text.udd_ep_run
                0x00003ee0      0x1dc src/ASF/sam0/drivers/usb/stack_interface/usb_device_udd.o
                0x00003ee0                udd_ep_run
 .text.udd_set_address
                0x000040bc       0x10 src/ASF/sam0/drivers/usb/stack_interface/usb_device_udd.o
                0x000040bc                udd_set_address
 .text.udd_getaddress
                0x000040cc       0x10 src/ASF/sam0/drivers/usb/stack_interface/usb_device_udd.o
                0x000040cc                udd_getaddress
 .text.udd_send_remotewakeup
                0x000040dc       0x58 src/ASF/sam0/drivers/usb/stack_interface/usb_device_udd.o
                0x000040dc                udd_send_remotewakeup
 .text.udd_set_setup_payload
                0x00004134        0xc src/ASF/sam0/drivers/usb/stack_interface/usb_device_udd.o
                0x00004134                udd_set_setup_payload
 .text.udd_detach
                0x00004140       0x20 src/ASF/sam0/drivers/usb/stack_interface/usb_device_udd.o
                0x00004140                udd_detach
 .text.udd_attach
                0x00004160       0x84 src/ASF/sam0/drivers/usb/stack_interface/usb_device_udd.o
                0x00004160                udd_attach
 .text._uhd_vbus_handler
                0x000041e4       0x3c src/ASF/sam0/drivers/usb/stack_interface/usb_device_udd.o
 .text.udd_enable
                0x00004220       0xf8 src/ASF/sam0/drivers/usb/stack_interface/usb_device_udd.o
                0x00004220                udd_enable
 .text.usb_device_register_callback
                0x00004318       0x20 src/ASF/sam0/drivers/usb/usb_sam_d_r/usb.o
                0x00004318                usb_device_register_callback
 .text.usb_device_enable_callback
                0x00004338       0x20 src/ASF/sam0/drivers/usb/usb_sam_d_r/usb.o
                0x00004338                usb_device_enable_callback
 .text.usb_device_disable_callback
                0x00004358       0x1c src/ASF/sam0/drivers/usb/usb_sam_d_r/usb.o
                0x00004358                usb_device_disable_callback
 .text.usb_device_endpoint_register_callback
                0x00004374       0x28 src/ASF/sam0/drivers/usb/usb_sam_d_r/usb.o
                0x00004374                usb_device_endpoint_register_callback
 .text.usb_device_endpoint_unregister_callback
                0x0000439c       0x28 src/ASF/sam0/drivers/usb/usb_sam_d_r/usb.o
                0x0000439c                usb_device_endpoint_unregister_callback
 .text.usb_device_endpoint_enable_callback
                0x000043c4       0xdc src/ASF/sam0/drivers/usb/usb_sam_d_r/usb.o
                0x000043c4                usb_device_endpoint_enable_callback
 .text.usb_device_endpoint_disable_callback
                0x000044a0       0xdc src/ASF/sam0/drivers/usb/usb_sam_d_r/usb.o
                0x000044a0                usb_device_endpoint_disable_callback
 .text.usb_device_endpoint_get_config_defaults
                0x0000457c       0x10 src/ASF/sam0/drivers/usb/usb_sam_d_r/usb.o
                0x0000457c                usb_device_endpoint_get_config_defaults
 .text.usb_device_endpoint_set_config
                0x0000458c      0x254 src/ASF/sam0/drivers/usb/usb_sam_d_r/usb.o
                0x0000458c                usb_device_endpoint_set_config
 .text.usb_device_endpoint_abort_job
                0x000047e0       0x38 src/ASF/sam0/drivers/usb/usb_sam_d_r/usb.o
                0x000047e0                usb_device_endpoint_abort_job
 .text.usb_device_endpoint_is_halted
                0x00004818       0x2c src/ASF/sam0/drivers/usb/usb_sam_d_r/usb.o
                0x00004818                usb_device_endpoint_is_halted
 .text.usb_device_endpoint_set_halt
                0x00004844       0x28 src/ASF/sam0/drivers/usb/usb_sam_d_r/usb.o
                0x00004844                usb_device_endpoint_set_halt
 .text.usb_device_endpoint_clear_halt
                0x0000486c       0x88 src/ASF/sam0/drivers/usb/usb_sam_d_r/usb.o
                0x0000486c                usb_device_endpoint_clear_halt
 .text.usb_device_endpoint_write_buffer_job
                0x000048f4       0x50 src/ASF/sam0/drivers/usb/usb_sam_d_r/usb.o
                0x000048f4                usb_device_endpoint_write_buffer_job
 .text.usb_device_endpoint_read_buffer_job
                0x00004944       0x4c src/ASF/sam0/drivers/usb/usb_sam_d_r/usb.o
                0x00004944                usb_device_endpoint_read_buffer_job
 .text.usb_device_endpoint_setup_buffer_job
                0x00004990       0x30 src/ASF/sam0/drivers/usb/usb_sam_d_r/usb.o
                0x00004990                usb_device_endpoint_setup_buffer_job
 .text.usb_enable
                0x000049c0       0x14 src/ASF/sam0/drivers/usb/usb_sam_d_r/usb.o
                0x000049c0                usb_enable
 .text.USB_Handler
                0x000049d4      0x5a0 src/ASF/sam0/drivers/usb/usb_sam_d_r/usb.o
                0x000049d4                USB_Handler
 .text.usb_get_config_defaults
                0x00004f74       0x10 src/ASF/sam0/drivers/usb/usb_sam_d_r/usb.o
                0x00004f74                usb_get_config_defaults
 .text.usb_init
                0x00004f84      0x1f8 src/ASF/sam0/drivers/usb/usb_sam_d_r/usb.o
                0x00004f84                usb_init
 .text.Dummy_Handler
                0x0000517c        0x4 src/ASF/sam0/utils/cmsis/samd21/source/gcc/startup_samd21.o
                0x0000517c                DMAC_Handler
                0x0000517c                HardFault_Handler
                0x0000517c                AC_Handler
                0x0000517c                SysTick_Handler
                0x0000517c                PendSV_Handler
                0x0000517c                NMI_Handler
                0x0000517c                TC7_Handler
                0x0000517c                TC6_Handler
                0x0000517c                WDT_Handler
                0x0000517c                TC4_Handler
                0x0000517c                TC3_Handler
                0x0000517c                Dummy_Handler
                0x0000517c                PM_Handler
                0x0000517c                SVC_Handler
                0x0000517c                I2S_Handler
                0x0000517c                NVMCTRL_Handler
                0x0000517c                DAC_Handler
                0x0000517c                PTC_Handler
                0x0000517c                TC5_Handler
                0x0000517c                SYSCTRL_Handler
 .text.Reset_Handler
                0x00005180       0xf8 src/ASF/sam0/utils/cmsis/samd21/source/gcc/startup_samd21.o
                0x00005180                Reset_Handler
 .text.convert_dec_to_frac
                0x00005278       0x44 src/adc_temp.o
                0x00005278                convert_dec_to_frac
 .text.load_calibration_data
                0x000052bc      0x164 src/adc_temp.o
                0x000052bc                load_calibration_data
 .text.calculate_temperature
                0x00005420       0xd8 src/adc_temp.o
                0x00005420                calculate_temperature
 .text.updateParameter
                0x000054f8        0x4 src/main.o
                0x000054f8                updateParameter
 .text.send_battery_data
                0x000054fc       0xb0 src/main.o
                0x000054fc                send_battery_data
 .text.send_board_time_data
                0x000055ac       0x6c src/main.o
                0x000055ac                send_board_time_data
 .text.updateTime
                0x00005618       0x44 src/main.o
                0x00005618                updateTime
 .text.tcc_callback_to_change_duty_cycle
                0x0000565c       0x40 src/main.o
 .text.battery_status_update
                0x0000569c       0x44 src/main.o
                0x0000569c                battery_status_update
 .text.adc_start_read_temp
                0x000056e0       0xac src/main.o
                0x000056e0                adc_start_read_temp
 .text.adc_get_temperature
                0x0000578c       0x50 src/main.o
                0x0000578c                adc_get_temperature
 .text.configure_rtc_callbacks
                0x000057dc       0x28 src/main.o
                0x000057dc                configure_rtc_callbacks
 .text.configure_rtc_calendar
                0x00005804       0xac src/main.o
                0x00005804                configure_rtc_calendar
 .text.charger_detection
                0x000058b0       0x28 src/main.o
                0x000058b0                charger_detection
 .text.configure_port_pins
                0x000058d8       0x28 src/main.o
                0x000058d8                configure_port_pins
 .text.configure_adc
                0x00005900       0x78 src/main.o
                0x00005900                configure_adc
 .text.adc_sample_voltage_mapping
                0x00005978      0x1a4 src/main.o
                0x00005978                adc_sample_voltage_mapping
 .text.processCommandMsg
                0x00005b1c       0x70 src/main.o
                0x00005b1c                processCommandMsg
 .text.execute_system_command
                0x00005b8c       0x64 src/main.o
                0x00005b8c                execute_system_command
 .text.get_avg_current
                0x00005bf0       0x68 src/main.o
                0x00005bf0                get_avg_current
 .text.rtc_match_callback
                0x00005c58       0x50 src/main.o
                0x00005c58                rtc_match_callback
 .text.event_counter
                0x00005ca8       0x6c src/main.o
                0x00005ca8                event_counter
 .text.main_suspend_action
                0x00005d14        0xc src/main.o
                0x00005d14                main_suspend_action
 .text.main_resume_action
                0x00005d20        0xc src/main.o
                0x00005d20                main_resume_action
 .text.main_sof_action
                0x00005d2c       0x20 src/main.o
                0x00005d2c                main_sof_action
 .text.main_suspend_lpm_action
                0x00005d4c        0xc src/main.o
                0x00005d4c                main_suspend_lpm_action
 .text.main_remotewakeup_lpm_disable
                0x00005d58        0xc src/main.o
                0x00005d58                main_remotewakeup_lpm_disable
 .text.main_remotewakeup_lpm_enable
                0x00005d64        0xc src/main.o
                0x00005d64                main_remotewakeup_lpm_enable
 .text.main_cdc_enable
                0x00005d70       0x18 src/main.o
                0x00005d70                main_cdc_enable
 .text.main_cdc_disable
                0x00005d88       0x18 src/main.o
                0x00005d88                main_cdc_disable
 .text.main_cdc_set_dtr
                0x00005da0       0x1c src/main.o
                0x00005da0                main_cdc_set_dtr
 .text.main     0x00005dbc      0x1b4 src/main.o
                0x00005dbc                main
 .text.usart_tx_callback
                0x00005f70        0x4 src/uart_samd.o
 .text.usart_rx_callback
                0x00005f74        0x4 src/uart_samd.o
 .text.uart_rx_notify
                0x00005f78       0xc0 src/uart_samd.o
                0x00005f78                uart_rx_notify
 .text.uart_config
                0x00006038      0x198 src/uart_samd.o
                0x00006038                uart_config
 .text.uart_open
                0x000061d0       0x38 src/uart_samd.o
                0x000061d0                uart_open
 .text.uart_close
                0x00006208       0x3c src/uart_samd.o
                0x00006208                uart_close
 .text          0x00006244      0x120 d:/atmel studio 7/7.0/toolchain/arm/arm-gnu-toolchain/bin/../lib/gcc/arm-none-eabi/4.9.3/armv6-m\libgcc.a(_udivsi3.o)
                0x00006244                __aeabi_uidiv
                0x00006244                __udivsi3
                0x00006350                __aeabi_uidivmod
 .text          0x00006364      0x1e0 d:/atmel studio 7/7.0/toolchain/arm/arm-gnu-toolchain/bin/../lib/gcc/arm-none-eabi/4.9.3/armv6-m\libgcc.a(_divsi3.o)
                0x00006364                __divsi3
                0x00006364                __aeabi_idiv
                0x00006530                __aeabi_idivmod
 .text          0x00006544        0x4 d:/atmel studio 7/7.0/toolchain/arm/arm-gnu-toolchain/bin/../lib/gcc/arm-none-eabi/4.9.3/armv6-m\libgcc.a(_dvmd_tls.o)
                0x00006544                __aeabi_idiv0
                0x00006544                __aeabi_ldiv0
 .text          0x00006548       0x3c d:/atmel studio 7/7.0/toolchain/arm/arm-gnu-toolchain/bin/../lib/gcc/arm-none-eabi/4.9.3/armv6-m\libgcc.a(_clzsi2.o)
                0x00006548                __clzsi2
 .text          0x00006584       0x40 d:/atmel studio 7/7.0/toolchain/arm/arm-gnu-toolchain/bin/../lib/gcc/arm-none-eabi/4.9.3/armv6-m\libgcc.a(_ctzsi2.o)
                0x00006584                __ctzsi2
 .text          0x000065c4       0x40 d:/atmel studio 7/7.0/toolchain/arm/arm-gnu-toolchain/bin/../lib/gcc/arm-none-eabi/4.9.3/armv6-m\libgcc.a(_aeabi_uldivmod.o)
                0x000065c4                __aeabi_uldivmod
 .text          0x00006604       0x54 d:/atmel studio 7/7.0/toolchain/arm/arm-gnu-toolchain/bin/../lib/gcc/arm-none-eabi/4.9.3/armv6-m\libgcc.a(_muldi3.o)
                0x00006604                __muldi3
                0x00006604                __aeabi_lmul
 .text          0x00006658       0x30 d:/atmel studio 7/7.0/toolchain/arm/arm-gnu-toolchain/bin/../lib/gcc/arm-none-eabi/4.9.3/armv6-m\libgcc.a(_fixunssfsi.o)
                0x00006658                __fixunssfsi
                0x00006658                __aeabi_f2uiz
 .text          0x00006688       0x6c d:/atmel studio 7/7.0/toolchain/arm/arm-gnu-toolchain/bin/../lib/gcc/arm-none-eabi/4.9.3/armv6-m\libgcc.a(bpabi.o)
                0x00006688                __gnu_ldivmod_helper
                0x000066c0                __gnu_uldivmod_helper
 .text          0x000066f4      0x2f8 d:/atmel studio 7/7.0/toolchain/arm/arm-gnu-toolchain/bin/../lib/gcc/arm-none-eabi/4.9.3/armv6-m\libgcc.a(addsf3.o)
                0x000066f4                __aeabi_fadd
 .text          0x000069ec      0x270 d:/atmel studio 7/7.0/toolchain/arm/arm-gnu-toolchain/bin/../lib/gcc/arm-none-eabi/4.9.3/armv6-m\libgcc.a(divsf3.o)
                0x000069ec                __aeabi_fdiv
 .text          0x00006c5c      0x264 d:/atmel studio 7/7.0/toolchain/arm/arm-gnu-toolchain/bin/../lib/gcc/arm-none-eabi/4.9.3/armv6-m\libgcc.a(mulsf3.o)
                0x00006c5c                __aeabi_fmul
 .text          0x00006ec0      0x2fc d:/atmel studio 7/7.0/toolchain/arm/arm-gnu-toolchain/bin/../lib/gcc/arm-none-eabi/4.9.3/armv6-m\libgcc.a(subsf3.o)
                0x00006ec0                __aeabi_fsub
 .text          0x000071bc       0x40 d:/atmel studio 7/7.0/toolchain/arm/arm-gnu-toolchain/bin/../lib/gcc/arm-none-eabi/4.9.3/armv6-m\libgcc.a(fixsfsi.o)
                0x000071bc                __aeabi_f2iz
 .text          0x000071fc       0x90 d:/atmel studio 7/7.0/toolchain/arm/arm-gnu-toolchain/bin/../lib/gcc/arm-none-eabi/4.9.3/armv6-m\libgcc.a(floatsisf.o)
                0x000071fc                __aeabi_i2f
 .text          0x0000728c       0x90 d:/atmel studio 7/7.0/toolchain/arm/arm-gnu-toolchain/bin/../lib/gcc/arm-none-eabi/4.9.3/armv6-m\libgcc.a(floatunsisf.o)
                0x0000728c                __aeabi_ui2f
 .text          0x0000731c      0x648 d:/atmel studio 7/7.0/toolchain/arm/arm-gnu-toolchain/bin/../lib/gcc/arm-none-eabi/4.9.3/armv6-m\libgcc.a(divdf3.o)
                0x0000731c                __aeabi_ddiv
 .text          0x00007964      0x6f4 d:/atmel studio 7/7.0/toolchain/arm/arm-gnu-toolchain/bin/../lib/gcc/arm-none-eabi/4.9.3/armv6-m\libgcc.a(subdf3.o)
                0x00007964                __aeabi_dsub
 .text          0x00008058       0xa8 d:/atmel studio 7/7.0/toolchain/arm/arm-gnu-toolchain/bin/../lib/gcc/arm-none-eabi/4.9.3/armv6-m\libgcc.a(extendsfdf2.o)
                0x00008058                __aeabi_f2d
 .text          0x00008100      0x120 d:/atmel studio 7/7.0/toolchain/arm/arm-gnu-toolchain/bin/../lib/gcc/arm-none-eabi/4.9.3/armv6-m\libgcc.a(truncdfsf2.o)
                0x00008100                __aeabi_d2f
 .text          0x00008220       0x74 d:/atmel studio 7/7.0/toolchain/arm/arm-gnu-toolchain/bin/../lib/gcc/arm-none-eabi/4.9.3/armv6-m\libgcc.a(_arm_cmpsf2.o)
                0x00008220                __aeabi_cfrcmple
                0x00008228                __aeabi_cfcmpeq
                0x00008228                __aeabi_cfcmple
                0x00008238                __aeabi_fcmpeq
                0x00008244                __aeabi_fcmplt
                0x00008258                __aeabi_fcmple
                0x0000826c                __aeabi_fcmpgt
                0x00008280                __aeabi_fcmpge
 .text          0x00008294      0x1f0 d:/atmel studio 7/7.0/toolchain/arm/arm-gnu-toolchain/bin/../lib/gcc/arm-none-eabi/4.9.3/armv6-m\libgcc.a(_divdi3.o)
                0x00008294                __divdi3
 .text          0x00008484      0x158 d:/atmel studio 7/7.0/toolchain/arm/arm-gnu-toolchain/bin/../lib/gcc/arm-none-eabi/4.9.3/armv6-m\libgcc.a(_udivdi3.o)
                0x00008484                __udivdi3
 .text          0x000085dc       0x54 d:/atmel studio 7/7.0/toolchain/arm/arm-gnu-toolchain/bin/../lib/gcc/arm-none-eabi/4.9.3/armv6-m\libgcc.a(eqsf2.o)
                0x000085dc                __eqsf2
                0x000085dc                __nesf2
 .text          0x00008630       0x94 d:/atmel studio 7/7.0/toolchain/arm/arm-gnu-toolchain/bin/../lib/gcc/arm-none-eabi/4.9.3/armv6-m\libgcc.a(gesf2.o)
                0x00008630                __gesf2
                0x00008630                __gtsf2
 .text          0x000086c4       0x8c d:/atmel studio 7/7.0/toolchain/arm/arm-gnu-toolchain/bin/../lib/gcc/arm-none-eabi/4.9.3/armv6-m\libgcc.a(lesf2.o)
                0x000086c4                __ltsf2
                0x000086c4                __lesf2
 .text          0x00008750       0x18 d:/atmel studio 7/7.0/toolchain/arm/arm-gnu-toolchain/bin/../lib/gcc/arm-none-eabi/4.9.3/armv6-m\libgcc.a(_clzdi2.o)
                0x00008750                __clzdi2
 .text.__libc_init_array
                0x00008768       0x4c d:/atmel studio 7/7.0/toolchain/arm/arm-gnu-toolchain/bin/../lib/gcc/arm-none-eabi/4.9.3/../../../../arm-none-eabi/lib/armv6-m\libc_nano.a(lib_a-init.o)
                0x00008768                __libc_init_array
 .text.memcpy   0x000087b4       0x12 d:/atmel studio 7/7.0/toolchain/arm/arm-gnu-toolchain/bin/../lib/gcc/arm-none-eabi/4.9.3/../../../../arm-none-eabi/lib/armv6-m\libc_nano.a(lib_a-memcpy.o)
                0x000087b4                memcpy
 .text.memset   0x000087c6       0x10 d:/atmel studio 7/7.0/toolchain/arm/arm-gnu-toolchain/bin/../lib/gcc/arm-none-eabi/4.9.3/../../../../arm-none-eabi/lib/armv6-m\libc_nano.a(lib_a-memset.o)
                0x000087c6                memset
 *(.glue_7t)
 .glue_7t       0x00000000        0x0 linker stubs
 *(.glue_7)
 .glue_7        0x00000000        0x0 linker stubs
 *(.rodata .rodata* .gnu.linkonce.r.*)
 *fill*         0x000087d6        0x2 
 .rodata.adc_init
                0x000087d8       0xd4 src/ASF/sam0/drivers/adc/adc_sam_d_r/adc.o
 .rodata        0x000088ac       0x50 src/ASF/sam0/drivers/adc/adc_sam_d_r/adc.o
 .rodata        0x000088fc       0x18 src/ASF/sam0/drivers/sercom/sercom.o
 .rodata        0x00008914        0x6 src/ASF/sam0/drivers/sercom/sercom_interrupt.o
 *fill*         0x0000891a        0x2 
 .rodata.system_clock_source_get_hz
                0x0000891c       0x24 src/ASF/sam0/drivers/system/clock/clock_samd21_r21_da/clock.o
 .rodata.system_clock_source_enable
                0x00008940       0x24 src/ASF/sam0/drivers/system/clock/clock_samd21_r21_da/clock.o
 .rodata._tcc_gclk_ids
                0x00008964        0x3 src/ASF/sam0/drivers/tcc/tcc.o
                0x00008964                _tcc_gclk_ids
 *fill*         0x00008967        0x1 
 .rodata._tcc_apbcmasks
                0x00008968        0xc src/ASF/sam0/drivers/tcc/tcc.o
                0x00008968                _tcc_apbcmasks
 .rodata._tcc_maxs
                0x00008974        0xc src/ASF/sam0/drivers/tcc/tcc.o
                0x00008974                _tcc_maxs
 .rodata._tcc_cc_nums
                0x00008980        0x3 src/ASF/sam0/drivers/tcc/tcc.o
                0x00008980                _tcc_cc_nums
 *fill*         0x00008983        0x1 
 .rodata._tcc_ow_nums
                0x00008984        0x3 src/ASF/sam0/drivers/tcc/tcc.o
                0x00008984                _tcc_ow_nums
 *fill*         0x00008987        0x1 
 .rodata.tcc_interrupt_vectors.12391
                0x00008988        0x3 src/ASF/sam0/drivers/tcc/tcc_callback.o
 *fill*         0x0000898b        0x1 
 .rodata._tcc_intflag
                0x0000898c       0x30 src/ASF/sam0/drivers/tcc/tcc_callback.o
                0x0000898c                _tcc_intflag
 .rodata        0x000089bc        0x4 src/ASF/sam0/drivers/usb/stack_interface/usb_device_udd.o
 .rodata.usb_device_endpoint_set_config
                0x000089c0       0x14 src/ASF/sam0/drivers/usb/usb_sam_d_r/usb.o
 .rodata._usb_device_irq_bits
                0x000089d4        0xe src/ASF/sam0/drivers/usb/usb_sam_d_r/usb.o
 *fill*         0x000089e2        0x2 
 .rodata._usb_endpoint_irq_bits
                0x000089e4        0x4 src/ASF/sam0/drivers/usb/usb_sam_d_r/usb.o
 .rodata.str1.4
                0x000089e8       0x18 src/uart_samd.o
                                 0x15 (size before relaxing)
 .rodata        0x00008a00       0x80 d:/atmel studio 7/7.0/toolchain/arm/arm-gnu-toolchain/bin/../lib/gcc/arm-none-eabi/4.9.3/armv6-m\libgcc.a(divsf3.o)
 .rodata        0x00008a80       0x40 d:/atmel studio 7/7.0/toolchain/arm/arm-gnu-toolchain/bin/../lib/gcc/arm-none-eabi/4.9.3/armv6-m\libgcc.a(mulsf3.o)
 .rodata        0x00008ac0       0x40 d:/atmel studio 7/7.0/toolchain/arm/arm-gnu-toolchain/bin/../lib/gcc/arm-none-eabi/4.9.3/armv6-m\libgcc.a(divdf3.o)
 *(.ARM.extab* .gnu.linkonce.armextab.*)
                0x00008b00                . = ALIGN (0x4)
 *(.init)
 .init          0x00008b00        0x4 d:/atmel studio 7/7.0/toolchain/arm/arm-gnu-toolchain/bin/../lib/gcc/arm-none-eabi/4.9.3/armv6-m/crti.o
                0x00008b00                _init
 .init          0x00008b04        0x8 d:/atmel studio 7/7.0/toolchain/arm/arm-gnu-toolchain/bin/../lib/gcc/arm-none-eabi/4.9.3/armv6-m/crtn.o
                0x00008b0c                . = ALIGN (0x4)
                0x00008b0c                __preinit_array_start = .
 *(.preinit_array)
                0x00008b0c                __preinit_array_end = .
                0x00008b0c                . = ALIGN (0x4)
                0x00008b0c                __init_array_start = .
 *(SORT(.init_array.*))
 *(.init_array)
 .init_array    0x00008b0c        0x4 d:/atmel studio 7/7.0/toolchain/arm/arm-gnu-toolchain/bin/../lib/gcc/arm-none-eabi/4.9.3/armv6-m/crtbegin.o
                0x00008b10                __init_array_end = .
                0x00008b10                . = ALIGN (0x4)
 *crtbegin.o(.ctors)
 *(EXCLUDE_FILE(*crtend.o) .ctors)
 *(SORT(.ctors.*))
 *crtend.o(.ctors)
                0x00008b10                . = ALIGN (0x4)
 *(.fini)
 .fini          0x00008b10        0x4 d:/atmel studio 7/7.0/toolchain/arm/arm-gnu-toolchain/bin/../lib/gcc/arm-none-eabi/4.9.3/armv6-m/crti.o
                0x00008b10                _fini
 .fini          0x00008b14        0x8 d:/atmel studio 7/7.0/toolchain/arm/arm-gnu-toolchain/bin/../lib/gcc/arm-none-eabi/4.9.3/armv6-m/crtn.o
                0x00008b1c                . = ALIGN (0x4)
                0x00008b1c                __fini_array_start = .
 *(.fini_array)
 .fini_array    0x00008b1c        0x4 d:/atmel studio 7/7.0/toolchain/arm/arm-gnu-toolchain/bin/../lib/gcc/arm-none-eabi/4.9.3/armv6-m/crtbegin.o
 *(SORT(.fini_array.*))
                0x00008b20                __fini_array_end = .
 *crtbegin.o(.dtors)
 *(EXCLUDE_FILE(*crtend.o) .dtors)
 *(SORT(.dtors.*))
 *crtend.o(.dtors)
                0x00008b20                . = ALIGN (0x4)
                0x00008b20                _efixed = .
                0x00008b20                PROVIDE (__exidx_start, .)

.vfp11_veneer   0x00008b20        0x0
 .vfp11_veneer  0x00000000        0x0 linker stubs

.v4_bx          0x00008b20        0x0
 .v4_bx         0x00000000        0x0 linker stubs

.iplt           0x00008b20        0x0
 .iplt          0x00000000        0x0 d:/atmel studio 7/7.0/toolchain/arm/arm-gnu-toolchain/bin/../lib/gcc/arm-none-eabi/4.9.3/armv6-m/crtbegin.o

.ARM.exidx      0x00008b20        0x8
 *(.ARM.exidx* .gnu.linkonce.armexidx.*)
 .ARM.exidx     0x00008b20        0x8 d:/atmel studio 7/7.0/toolchain/arm/arm-gnu-toolchain/bin/../lib/gcc/arm-none-eabi/4.9.3/armv6-m\libgcc.a(_divdi3.o)
 .ARM.exidx     0x00008b28        0x0 d:/atmel studio 7/7.0/toolchain/arm/arm-gnu-toolchain/bin/../lib/gcc/arm-none-eabi/4.9.3/armv6-m\libgcc.a(_udivdi3.o)
                                  0x8 (size before relaxing)
                0x00008b28                PROVIDE (__exidx_end, .)

.eh_frame       0x00008b28        0x0
 .eh_frame      0x00008b28        0x0 d:/atmel studio 7/7.0/toolchain/arm/arm-gnu-toolchain/bin/../lib/gcc/arm-none-eabi/4.9.3/armv6-m/crtbegin.o

.rel.dyn        0x00008b28        0x0
 .rel.iplt      0x00000000        0x0 d:/atmel studio 7/7.0/toolchain/arm/arm-gnu-toolchain/bin/../lib/gcc/arm-none-eabi/4.9.3/armv6-m/crtbegin.o

.jcr            0x00008b28        0x0
 .jcr           0x00008b28        0x0 d:/atmel studio 7/7.0/toolchain/arm/arm-gnu-toolchain/bin/../lib/gcc/arm-none-eabi/4.9.3/armv6-m/crtbegin.o

.igot.plt       0x00008b28        0x0
 .igot.plt      0x00000000        0x0 d:/atmel studio 7/7.0/toolchain/arm/arm-gnu-toolchain/bin/../lib/gcc/arm-none-eabi/4.9.3/armv6-m/crtbegin.o
                0x00008b28                . = ALIGN (0x4)
                0x00008b28                _etext = .

.relocate       0x20000000      0x114 load address 0x00008b28
                0x20000000                . = ALIGN (0x4)
                0x20000000                _srelocate = .
 *(.ramfunc .ramfunc.*)
 *(.data .data.*)
 .data.udi_api_cdc_data
                0x20000000       0x14 src/ASF/common/services/usb/class/cdc/device/udi_cdc.o
                0x20000000                udi_api_cdc_data
 .data.udi_api_cdc_comm
                0x20000014       0x14 src/ASF/common/services/usb/class/cdc/device/udi_cdc.o
                0x20000014                udi_api_cdc_comm
 .data.udc_device_lpm
                0x20000028        0xc src/ASF/common/services/usb/class/cdc/device/udi_cdc_desc.o
                0x20000028                udc_device_lpm
 .data.udc_config
                0x20000034        0xc src/ASF/common/services/usb/class/cdc/device/udi_cdc_desc.o
                0x20000034                udc_config
 .data.udi_apis
                0x20000040        0x8 src/ASF/common/services/usb/class/cdc/device/udi_cdc_desc.o
                0x20000040                udi_apis
 .data.udc_config_fs
                0x20000048        0x8 src/ASF/common/services/usb/class/cdc/device/udi_cdc_desc.o
                0x20000048                udc_config_fs
 .data.udc_device_desc
                0x20000050       0x12 src/ASF/common/services/usb/class/cdc/device/udi_cdc_desc.o
                0x20000050                udc_device_desc
 *fill*         0x20000062        0x2 
 .data.udc_desc_fs
                0x20000064       0x43 src/ASF/common/services/usb/class/cdc/device/udi_cdc_desc.o
                0x20000064                udc_desc_fs
 *fill*         0x200000a7        0x1 
 .data.udc_string_product_name
                0x200000a8       0x10 src/ASF/common/services/usb/udc/udc.o
 .data.udc_string_manufacturer_name
                0x200000b8        0xa src/ASF/common/services/usb/udc/udc.o
 *fill*         0x200000c2        0x2 
 .data.udc_string_desc
                0x200000c4       0x20 src/ASF/common/services/usb/udc/udc.o
 .data.udc_string_desc_languageid
                0x200000e4        0x4 src/ASF/common/services/usb/udc/udc.o
 .data.g_interrupt_enabled
                0x200000e8        0x1 src/ASF/common/utils/interrupt/interrupt_sam_nvic.o
                0x200000e8                g_interrupt_enabled
 *fill*         0x200000e9        0x3 
 .data._events_inst
                0x200000ec       0x14 src/ASF/sam0/drivers/events/events_sam_d_r/events.o
                0x200000ec                _events_inst
 .data.queryAction
                0x20000100        0x8 src/main.o
                0x20000100                queryAction
 .data.delay.14523
                0x20000108        0x4 src/main.o
 .data.updateAction
                0x2000010c        0x8 src/main.o
                0x2000010c                updateAction
                0x20000114                . = ALIGN (0x4)
                0x20000114                _erelocate = .

.bss            0x20000118      0xbf8 load address 0x00008c40
                0x20000118                . = ALIGN (0x4)
                0x20000118                _sbss = .
                0x20000118                _szero = .
 *(.bss .bss.*)
 .bss           0x20000118       0x1c d:/atmel studio 7/7.0/toolchain/arm/arm-gnu-toolchain/bin/../lib/gcc/arm-none-eabi/4.9.3/armv6-m/crtbegin.o
 .bss.udi_cdc_line_coding
                0x20000134        0x7 src/ASF/common/services/usb/class/cdc/device/udi_cdc.o
 *fill*         0x2000013b        0x1 
 .bss.udi_cdc_rx_buf_sel
                0x2000013c        0x1 src/ASF/common/services/usb/class/cdc/device/udi_cdc.o
 .bss.udi_cdc_nb_data_enabled
                0x2000013d        0x1 src/ASF/common/services/usb/class/cdc/device/udi_cdc.o
 *fill*         0x2000013e        0x2 
 .bss.udi_cdc_tx_buf_sel
                0x20000140        0x1 src/ASF/common/services/usb/class/cdc/device/udi_cdc.o
 *fill*         0x20000141        0x3 
 .bss.udi_cdc_tx_buf_nb
                0x20000144        0x4 src/ASF/common/services/usb/class/cdc/device/udi_cdc.o
 .bss.udi_cdc_tx_buf
                0x20000148      0x280 src/ASF/common/services/usb/class/cdc/device/udi_cdc.o
 .bss.udi_cdc_rx_buf_nb
                0x200003c8        0x4 src/ASF/common/services/usb/class/cdc/device/udi_cdc.o
 .bss.udi_cdc_nb_comm_enabled
                0x200003cc        0x1 src/ASF/common/services/usb/class/cdc/device/udi_cdc.o
 *fill*         0x200003cd        0x3 
 .bss.udi_cdc_rx_pos
                0x200003d0        0x2 src/ASF/common/services/usb/class/cdc/device/udi_cdc.o
 *fill*         0x200003d2        0x2 
 .bss.udi_cdc_tx_sof_num
                0x200003d4        0x2 src/ASF/common/services/usb/class/cdc/device/udi_cdc.o
 .bss.udi_cdc_data_running
                0x200003d6        0x1 src/ASF/common/services/usb/class/cdc/device/udi_cdc.o
 *fill*         0x200003d7        0x1 
 .bss.sof_zlp_counter.12338
                0x200003d8        0x2 src/ASF/common/services/usb/class/cdc/device/udi_cdc.o
 *fill*         0x200003da        0x2 
 .bss.udi_cdc_tx_trans_ongoing
                0x200003dc        0x1 src/ASF/common/services/usb/class/cdc/device/udi_cdc.o
 *fill*         0x200003dd        0x3 
 .bss.uid_cdc_state_msg
                0x200003e0        0xa src/ASF/common/services/usb/class/cdc/device/udi_cdc.o
 *fill*         0x200003ea        0x2 
 .bss.udi_cdc_rx_buf
                0x200003ec      0x280 src/ASF/common/services/usb/class/cdc/device/udi_cdc.o
 .bss.udi_cdc_rx_trans_ongoing
                0x2000066c        0x1 src/ASF/common/services/usb/class/cdc/device/udi_cdc.o
 *fill*         0x2000066d        0x3 
 .bss.udi_cdc_tx_both_buf_to_send
                0x20000670        0x1 src/ASF/common/services/usb/class/cdc/device/udi_cdc.o
 *fill*         0x20000671        0x3 
 .bss.udi_cdc_state
                0x20000674        0x2 src/ASF/common/services/usb/class/cdc/device/udi_cdc.o
 *fill*         0x20000676        0x2 
 .bss.udc_ptr_conf
                0x20000678        0x4 src/ASF/common/services/usb/udc/udc.o
 .bss.udc_iface_setting
                0x2000067c        0x1 src/ASF/common/services/usb/udc/udc.o
 *fill*         0x2000067d        0x1 
 .bss.udc_ep_status.12005
                0x2000067e        0x2 src/ASF/common/services/usb/udc/udc.o
 .bss.udc_device_status
                0x20000680        0x2 src/ASF/common/services/usb/udc/udc.o
 *fill*         0x20000682        0x2 
 .bss.udc_num_configuration
                0x20000684        0x1 src/ASF/common/services/usb/udc/udc.o
 *fill*         0x20000685        0x3 
 .bss.udc_ptr_iface
                0x20000688        0x4 src/ASF/common/services/usb/udc/udc.o
 .bss.cpu_irq_critical_section_counter
                0x2000068c        0x4 src/ASF/common/utils/interrupt/interrupt_sam_nvic.o
 .bss.cpu_irq_prev_interrupt_state
                0x20000690        0x1 src/ASF/common/utils/interrupt/interrupt_sam_nvic.o
 *fill*         0x20000691        0x3 
 .bss._sercom_config
                0x20000694        0x2 src/ASF/sam0/drivers/sercom/sercom.o
 .bss._handler_table_initialized
                0x20000696        0x1 src/ASF/sam0/drivers/sercom/sercom_interrupt.o
 *fill*         0x20000697        0x1 
 .bss._sercom_interrupt_handlers
                0x20000698       0x18 src/ASF/sam0/drivers/sercom/sercom_interrupt.o
 .bss._system_clock_inst
                0x200006b0       0x18 src/ASF/sam0/drivers/system/clock/clock_samd21_r21_da/clock.o
 .bss.udd_ctrl_prev_payload_nb_trans
                0x200006c8        0x2 src/ASF/sam0/drivers/usb/stack_interface/usb_device_udd.o
 *fill*         0x200006ca        0x2 
 .bss.udd_ep_job
                0x200006cc       0x78 src/ASF/sam0/drivers/usb/stack_interface/usb_device_udd.o
 .bss.udd_state.13121
                0x20000744        0x1 src/ASF/sam0/drivers/usb/stack_interface/usb_device_udd.o
 *fill*         0x20000745        0x1 
 .bss.udd_ctrl_payload_nb_trans
                0x20000746        0x2 src/ASF/sam0/drivers/usb/stack_interface/usb_device_udd.o
 .bss.udd_ep_control_state
                0x20000748        0x1 src/ASF/sam0/drivers/usb/stack_interface/usb_device_udd.o
 .bss.b_shortpacket.13264
                0x20000749        0x1 src/ASF/sam0/drivers/usb/stack_interface/usb_device_udd.o
 *fill*         0x2000074a        0x2 
 .bss.device_callback_lpm_wakeup_enable
                0x2000074c        0x4 src/ASF/sam0/drivers/usb/usb_sam_d_r/usb.o
 .bss.pipe_callback_para
                0x20000750        0x6 src/ASF/sam0/drivers/usb/usb_sam_d_r/usb.o
 *fill*         0x20000756        0x2 
 .bss.host_pipe_job_busy_status
                0x20000758        0x4 src/ASF/sam0/drivers/usb/usb_sam_d_r/usb.o
                0x20000758                host_pipe_job_busy_status
 .bss.ep_callback_para
                0x2000075c        0x8 src/ASF/sam0/drivers/usb/usb_sam_d_r/usb.o
 .bss._usb_instances
                0x20000764        0x4 src/ASF/sam0/drivers/usb/usb_sam_d_r/usb.o
 .bss.charge_sample_num
                0x20000768        0x4 src/main.o
                0x20000768                charge_sample_num
 .bss.commandDataLength
                0x2000076c        0x1 src/main.o
                0x2000076c                commandDataLength
 .bss.commandReady
                0x2000076d        0x1 src/main.o
                0x2000076d                commandReady
 *fill*         0x2000076e        0x2 
 .bss.discharge_sample_num
                0x20000770        0x4 src/main.o
                0x20000770                discharge_sample_num
 .bss.i.14524   0x20000774        0x4 src/main.o
 .bss.battery_data
                0x20000778        0xf src/main.o
                0x20000778                battery_data
 .bss.battery_status_old
                0x20000787        0x1 src/main.o
                0x20000787                battery_status_old
 .bss.battery_status_new
                0x20000788        0x1 src/main.o
                0x20000788                battery_status_new
 *fill*         0x20000789        0x3 
 .bss.commandData
                0x2000078c       0x14 src/main.o
                0x2000078c                commandData
 .bss.time_data
                0x200007a0        0x7 src/main.o
                0x200007a0                time_data
 .bss.system_busy_flag
                0x200007a7        0x1 src/main.o
                0x200007a7                system_busy_flag
 .bss.battery_status
                0x200007a8        0x1 src/main.o
                0x200007a8                battery_status
 .bss.charger_status
                0x200007a9        0x1 src/main.o
                0x200007a9                charger_status
 .bss.avg_charge_current
                0x200007aa        0x2 src/main.o
                0x200007aa                avg_charge_current
 .bss.commandType
                0x200007ac        0x1 src/main.o
                0x200007ac                commandType
 *fill*         0x200007ad        0x1 
 .bss.avg_discharge_current
                0x200007ae        0x2 src/main.o
                0x200007ae                avg_discharge_current
 .bss.total_discharge_current
                0x200007b0        0x8 src/main.o
                0x200007b0                total_discharge_current
 .bss.commandIndex
                0x200007b8        0x1 src/main.o
                0x200007b8                commandIndex
 .bss.main_b_cdc_enable
                0x200007b9        0x1 src/main.o
 *fill*         0x200007ba        0x6 
 .bss.total_charge_current
                0x200007c0        0x8 src/main.o
                0x200007c0                total_charge_current
 .bss.rx_data   0x200007c8        0x1 src/uart_samd.o
 *fill*         0x200007c9        0x3 
 .bss.commandMsg
                0x200007cc       0x14 src/uart_samd.o
                0x200007cc                commandMsg
 .bss.msg_length
                0x200007e0        0x1 src/uart_samd.o
                0x200007e0                msg_length
 .bss.usbMsgInFlag
                0x200007e1        0x1 src/uart_samd.o
                0x200007e1                usbMsgInFlag
 *(COMMON)
 *fill*         0x200007e2        0x2 
 COMMON         0x200007e4        0x4 src/ASF/sam0/drivers/adc/adc_sam_d_r/adc_callback.o
                0x200007e4                _adc_instances
 COMMON         0x200007e8        0x5 src/ASF/common/services/sleepmgr/samd/sleepmgr.o
                0x200007e8                sleepmgr_locks
 COMMON         0x200007ed        0x1 src/ASF/sam0/drivers/extint/extint_callback.o
                0x200007ed                _current_channel
 *fill*         0x200007ee        0x2 
 COMMON         0x200007f0       0x40 src/ASF/sam0/drivers/extint/extint_sam_d_r/extint.o
                0x200007f0                _extint_dev
 COMMON         0x20000830        0x4 src/ASF/sam0/drivers/rtc/rtc_sam_d_r/rtc_calendar.o
                0x20000830                _rtc_instance
 COMMON         0x20000834       0x18 src/ASF/sam0/drivers/sercom/sercom_interrupt.o
                0x20000834                _sercom_instances
 COMMON         0x2000084c        0xc src/ASF/sam0/drivers/tcc/tcc_callback.o
                0x2000084c                _tcc_instances
 COMMON         0x20000858      0x280 src/ASF/sam0/drivers/usb/stack_interface/usb_device_udd.o
                0x20000858                udd_ep_out_cache_buffer
                0x20000918                usb_device
                0x20000a80                udd_g_ctrlreq
                0x20000a98                udd_ctrl_buffer
 COMMON         0x20000ad8      0x100 src/ASF/sam0/drivers/usb/usb_sam_d_r/usb.o
                0x20000ad8                usb_descriptor_table
 COMMON         0x20000bd8       0x28 src/adc_temp.o
                0x20000bd8                VADCR
                0x20000bdc                INT1VH
                0x20000be0                ADCH
                0x20000be4                coarse_temp
                0x20000be8                INT1VR
                0x20000bec                ADCR
                0x20000bf0                fine_temp
                0x20000bf4                tempR
                0x20000bf8                VADCH
                0x20000bfc                tempH
 COMMON         0x20000c00       0x9c src/main.o
                0x20000c00                rtc_instance
                0x20000c18                raw_result
                0x20000c1c                adc_charge_signal_voltage
                0x20000c20                charge_signal_adc_result
                0x20000c24                config_port_pin
                0x20000c28                alarm
                0x20000c32                temprerature_adc_result
                0x20000c34                tcc_instance
                0x20000c74                adc_discharge_signal_voltage
                0x20000c78                discharge_signal_adc_result
                0x20000c7a                temprerature_value
                0x20000c7c                adc_instance
 COMMON         0x20000c9c       0x74 src/uart_samd.o
                0x20000c9c                usart_conf
                0x20000cdc                usart_module_edbg
                0x20000d10                . = ALIGN (0x4)
                0x20000d10                _ebss = .
                0x20000d10                _ezero = .

.stack          0x20000d10     0x2000 load address 0x00009838
                0x20000d10                . = ALIGN (0x8)
                0x20000d10                _sstack = .
                0x20002d10                . = (. + STACK_SIZE)
 *fill*         0x20000d10     0x2000 
                0x20002d10                . = ALIGN (0x8)
                0x20002d10                _estack = .
                0x20002d10                . = ALIGN (0x4)
                0x20002d10                _end = .
OUTPUT(DEVICE_EXAMPLE1.elf elf32-littlearm)

.ARM.attributes
                0x00000000       0x28
 .ARM.attributes
                0x00000000       0x1e d:/atmel studio 7/7.0/toolchain/arm/arm-gnu-toolchain/bin/../lib/gcc/arm-none-eabi/4.9.3/armv6-m/crti.o
 .ARM.attributes
                0x0000001e       0x2c d:/atmel studio 7/7.0/toolchain/arm/arm-gnu-toolchain/bin/../lib/gcc/arm-none-eabi/4.9.3/armv6-m/crtbegin.o
 .ARM.attributes
                0x0000004a       0x32 src/ASF/sam0/drivers/adc/adc_sam_d_r/adc.o
 .ARM.attributes
                0x0000007c       0x32 src/ASF/sam0/drivers/adc/adc_sam_d_r/adc_callback.o
 .ARM.attributes
                0x000000ae       0x32 src/ASF/common/services/usb/class/cdc/device/example/samd21j18a_samd21_xplained_pro/ui.o
 .ARM.attributes
                0x000000e0       0x32 src/ASF/common/services/sleepmgr/samd/sleepmgr.o
 .ARM.attributes
                0x00000112       0x32 src/ASF/common/services/usb/class/cdc/device/udi_cdc.o
 .ARM.attributes
                0x00000144       0x32 src/ASF/common/services/usb/class/cdc/device/udi_cdc_desc.o
 .ARM.attributes
                0x00000176       0x32 src/ASF/common/services/usb/udc/udc.o
 .ARM.attributes
                0x000001a8       0x32 src/ASF/common/utils/interrupt/interrupt_sam_nvic.o
 .ARM.attributes
                0x000001da       0x32 src/ASF/sam0/boards/samd21_xplained_pro/board_init.o
 .ARM.attributes
                0x0000020c       0x32 src/ASF/sam0/drivers/events/events_hooks.o
 .ARM.attributes
                0x0000023e       0x32 src/ASF/sam0/drivers/events/events_sam_d_r/events.o
 .ARM.attributes
                0x00000270       0x32 src/ASF/sam0/drivers/extint/extint_callback.o
 .ARM.attributes
                0x000002a2       0x32 src/ASF/sam0/drivers/extint/extint_sam_d_r/extint.o
 .ARM.attributes
                0x000002d4       0x32 src/ASF/sam0/drivers/port/port.o
 .ARM.attributes
                0x00000306       0x32 src/ASF/sam0/drivers/rtc/rtc_sam_d_r/rtc_calendar.o
 .ARM.attributes
                0x00000338       0x32 src/ASF/sam0/drivers/rtc/rtc_sam_d_r/rtc_calendar_interrupt.o
 .ARM.attributes
                0x0000036a       0x32 src/ASF/sam0/drivers/sercom/sercom.o
 .ARM.attributes
                0x0000039c       0x32 src/ASF/sam0/drivers/sercom/sercom_interrupt.o
 .ARM.attributes
                0x000003ce       0x32 src/ASF/sam0/drivers/sercom/usart/usart.o
 .ARM.attributes
                0x00000400       0x32 src/ASF/sam0/drivers/sercom/usart/usart_interrupt.o
 .ARM.attributes
                0x00000432       0x32 src/ASF/sam0/drivers/system/clock/clock_samd21_r21_da/clock.o
 .ARM.attributes
                0x00000464       0x32 src/ASF/sam0/drivers/system/clock/clock_samd21_r21_da/gclk.o
 .ARM.attributes
                0x00000496       0x32 src/ASF/sam0/drivers/system/pinmux/pinmux.o
 .ARM.attributes
                0x000004c8       0x32 src/ASF/sam0/drivers/system/system.o
 .ARM.attributes
                0x000004fa       0x32 src/ASF/sam0/drivers/tcc/tcc.o
 .ARM.attributes
                0x0000052c       0x32 src/ASF/sam0/drivers/tcc/tcc_callback.o
 .ARM.attributes
                0x0000055e       0x32 src/ASF/sam0/drivers/usb/stack_interface/usb_device_udd.o
 .ARM.attributes
                0x00000590       0x32 src/ASF/sam0/drivers/usb/usb_sam_d_r/usb.o
 .ARM.attributes
                0x000005c2       0x32 src/ASF/sam0/utils/cmsis/samd21/source/gcc/startup_samd21.o
 .ARM.attributes
                0x000005f4       0x32 src/adc_temp.o
 .ARM.attributes
                0x00000626       0x32 src/main.o
 .ARM.attributes
                0x00000658       0x32 src/uart_samd.o
 .ARM.attributes
                0x0000068a       0x1e d:/atmel studio 7/7.0/toolchain/arm/arm-gnu-toolchain/bin/../lib/gcc/arm-none-eabi/4.9.3/armv6-m\libgcc.a(_udivsi3.o)
 .ARM.attributes
                0x000006a8       0x1e d:/atmel studio 7/7.0/toolchain/arm/arm-gnu-toolchain/bin/../lib/gcc/arm-none-eabi/4.9.3/armv6-m\libgcc.a(_divsi3.o)
 .ARM.attributes
                0x000006c6       0x1e d:/atmel studio 7/7.0/toolchain/arm/arm-gnu-toolchain/bin/../lib/gcc/arm-none-eabi/4.9.3/armv6-m\libgcc.a(_dvmd_tls.o)
 .ARM.attributes
                0x000006e4       0x1e d:/atmel studio 7/7.0/toolchain/arm/arm-gnu-toolchain/bin/../lib/gcc/arm-none-eabi/4.9.3/armv6-m\libgcc.a(_clzsi2.o)
 .ARM.attributes
                0x00000702       0x1e d:/atmel studio 7/7.0/toolchain/arm/arm-gnu-toolchain/bin/../lib/gcc/arm-none-eabi/4.9.3/armv6-m\libgcc.a(_ctzsi2.o)
 .ARM.attributes
                0x00000720       0x1e d:/atmel studio 7/7.0/toolchain/arm/arm-gnu-toolchain/bin/../lib/gcc/arm-none-eabi/4.9.3/armv6-m\libgcc.a(_aeabi_uldivmod.o)
 .ARM.attributes
                0x0000073e       0x2c d:/atmel studio 7/7.0/toolchain/arm/arm-gnu-toolchain/bin/../lib/gcc/arm-none-eabi/4.9.3/armv6-m\libgcc.a(_muldi3.o)
 .ARM.attributes
                0x0000076a       0x2c d:/atmel studio 7/7.0/toolchain/arm/arm-gnu-toolchain/bin/../lib/gcc/arm-none-eabi/4.9.3/armv6-m\libgcc.a(_fixunssfsi.o)
 .ARM.attributes
                0x00000796       0x2c d:/atmel studio 7/7.0/toolchain/arm/arm-gnu-toolchain/bin/../lib/gcc/arm-none-eabi/4.9.3/armv6-m\libgcc.a(bpabi.o)
 .ARM.attributes
                0x000007c2       0x2c d:/atmel studio 7/7.0/toolchain/arm/arm-gnu-toolchain/bin/../lib/gcc/arm-none-eabi/4.9.3/armv6-m\libgcc.a(addsf3.o)
 .ARM.attributes
                0x000007ee       0x2c d:/atmel studio 7/7.0/toolchain/arm/arm-gnu-toolchain/bin/../lib/gcc/arm-none-eabi/4.9.3/armv6-m\libgcc.a(divsf3.o)
 .ARM.attributes
                0x0000081a       0x2c d:/atmel studio 7/7.0/toolchain/arm/arm-gnu-toolchain/bin/../lib/gcc/arm-none-eabi/4.9.3/armv6-m\libgcc.a(mulsf3.o)
 .ARM.attributes
                0x00000846       0x2c d:/atmel studio 7/7.0/toolchain/arm/arm-gnu-toolchain/bin/../lib/gcc/arm-none-eabi/4.9.3/armv6-m\libgcc.a(subsf3.o)
 .ARM.attributes
                0x00000872       0x2c d:/atmel studio 7/7.0/toolchain/arm/arm-gnu-toolchain/bin/../lib/gcc/arm-none-eabi/4.9.3/armv6-m\libgcc.a(fixsfsi.o)
 .ARM.attributes
                0x0000089e       0x2c d:/atmel studio 7/7.0/toolchain/arm/arm-gnu-toolchain/bin/../lib/gcc/arm-none-eabi/4.9.3/armv6-m\libgcc.a(floatsisf.o)
 .ARM.attributes
                0x000008ca       0x2c d:/atmel studio 7/7.0/toolchain/arm/arm-gnu-toolchain/bin/../lib/gcc/arm-none-eabi/4.9.3/armv6-m\libgcc.a(floatunsisf.o)
 .ARM.attributes
                0x000008f6       0x2c d:/atmel studio 7/7.0/toolchain/arm/arm-gnu-toolchain/bin/../lib/gcc/arm-none-eabi/4.9.3/armv6-m\libgcc.a(divdf3.o)
 .ARM.attributes
                0x00000922       0x2c d:/atmel studio 7/7.0/toolchain/arm/arm-gnu-toolchain/bin/../lib/gcc/arm-none-eabi/4.9.3/armv6-m\libgcc.a(subdf3.o)
 .ARM.attributes
                0x0000094e       0x2c d:/atmel studio 7/7.0/toolchain/arm/arm-gnu-toolchain/bin/../lib/gcc/arm-none-eabi/4.9.3/armv6-m\libgcc.a(extendsfdf2.o)
 .ARM.attributes
                0x0000097a       0x2c d:/atmel studio 7/7.0/toolchain/arm/arm-gnu-toolchain/bin/../lib/gcc/arm-none-eabi/4.9.3/armv6-m\libgcc.a(truncdfsf2.o)
 .ARM.attributes
                0x000009a6       0x1e d:/atmel studio 7/7.0/toolchain/arm/arm-gnu-toolchain/bin/../lib/gcc/arm-none-eabi/4.9.3/armv6-m\libgcc.a(_arm_cmpsf2.o)
 .ARM.attributes
                0x000009c4       0x2c d:/atmel studio 7/7.0/toolchain/arm/arm-gnu-toolchain/bin/../lib/gcc/arm-none-eabi/4.9.3/armv6-m\libgcc.a(_divdi3.o)
 .ARM.attributes
                0x000009f0       0x2c d:/atmel studio 7/7.0/toolchain/arm/arm-gnu-toolchain/bin/../lib/gcc/arm-none-eabi/4.9.3/armv6-m\libgcc.a(_udivdi3.o)
 .ARM.attributes
                0x00000a1c       0x2c d:/atmel studio 7/7.0/toolchain/arm/arm-gnu-toolchain/bin/../lib/gcc/arm-none-eabi/4.9.3/armv6-m\libgcc.a(eqsf2.o)
 .ARM.attributes
                0x00000a48       0x2c d:/atmel studio 7/7.0/toolchain/arm/arm-gnu-toolchain/bin/../lib/gcc/arm-none-eabi/4.9.3/armv6-m\libgcc.a(gesf2.o)
 .ARM.attributes
                0x00000a74       0x2c d:/atmel studio 7/7.0/toolchain/arm/arm-gnu-toolchain/bin/../lib/gcc/arm-none-eabi/4.9.3/armv6-m\libgcc.a(lesf2.o)
 .ARM.attributes
                0x00000aa0       0x1e d:/atmel studio 7/7.0/toolchain/arm/arm-gnu-toolchain/bin/../lib/gcc/arm-none-eabi/4.9.3/armv6-m\libgcc.a(_clzdi2.o)
 .ARM.attributes
                0x00000abe       0x2c d:/atmel studio 7/7.0/toolchain/arm/arm-gnu-toolchain/bin/../lib/gcc/arm-none-eabi/4.9.3/../../../../arm-none-eabi/lib/armv6-m\libc_nano.a(lib_a-init.o)
 .ARM.attributes
                0x00000aea       0x2c d:/atmel studio 7/7.0/toolchain/arm/arm-gnu-toolchain/bin/../lib/gcc/arm-none-eabi/4.9.3/../../../../arm-none-eabi/lib/armv6-m\libc_nano.a(lib_a-memcpy.o)
 .ARM.attributes
                0x00000b16       0x2c d:/atmel studio 7/7.0/toolchain/arm/arm-gnu-toolchain/bin/../lib/gcc/arm-none-eabi/4.9.3/../../../../arm-none-eabi/lib/armv6-m\libc_nano.a(lib_a-memset.o)
 .ARM.attributes
                0x00000b42       0x1e d:/atmel studio 7/7.0/toolchain/arm/arm-gnu-toolchain/bin/../lib/gcc/arm-none-eabi/4.9.3/armv6-m/crtn.o

.comment        0x00000000       0x5b
 .comment       0x00000000       0x5b src/ASF/sam0/drivers/adc/adc_sam_d_r/adc.o
                                 0x5c (size before relaxing)
 .comment       0x00000000       0x5c src/ASF/sam0/drivers/adc/adc_sam_d_r/adc_callback.o
 .comment       0x00000000       0x5c src/ASF/common/services/usb/class/cdc/device/example/samd21j18a_samd21_xplained_pro/ui.o
 .comment       0x00000000       0x5c src/ASF/common/services/sleepmgr/samd/sleepmgr.o
 .comment       0x00000000       0x5c src/ASF/common/services/usb/class/cdc/device/udi_cdc.o
 .comment       0x00000000       0x5c src/ASF/common/services/usb/class/cdc/device/udi_cdc_desc.o
 .comment       0x00000000       0x5c src/ASF/common/services/usb/udc/udc.o
 .comment       0x00000000       0x5c src/ASF/common/utils/interrupt/interrupt_sam_nvic.o
 .comment       0x00000000       0x5c src/ASF/sam0/boards/samd21_xplained_pro/board_init.o
 .comment       0x00000000       0x5c src/ASF/sam0/drivers/events/events_hooks.o
 .comment       0x00000000       0x5c src/ASF/sam0/drivers/events/events_sam_d_r/events.o
 .comment       0x00000000       0x5c src/ASF/sam0/drivers/extint/extint_callback.o
 .comment       0x00000000       0x5c src/ASF/sam0/drivers/extint/extint_sam_d_r/extint.o
 .comment       0x00000000       0x5c src/ASF/sam0/drivers/port/port.o
 .comment       0x00000000       0x5c src/ASF/sam0/drivers/rtc/rtc_sam_d_r/rtc_calendar.o
 .comment       0x00000000       0x5c src/ASF/sam0/drivers/rtc/rtc_sam_d_r/rtc_calendar_interrupt.o
 .comment       0x00000000       0x5c src/ASF/sam0/drivers/sercom/sercom.o
 .comment       0x00000000       0x5c src/ASF/sam0/drivers/sercom/sercom_interrupt.o
 .comment       0x00000000       0x5c src/ASF/sam0/drivers/sercom/usart/usart.o
 .comment       0x00000000       0x5c src/ASF/sam0/drivers/sercom/usart/usart_interrupt.o
 .comment       0x00000000       0x5c src/ASF/sam0/drivers/system/clock/clock_samd21_r21_da/clock.o
 .comment       0x00000000       0x5c src/ASF/sam0/drivers/system/clock/clock_samd21_r21_da/gclk.o
 .comment       0x00000000       0x5c src/ASF/sam0/drivers/system/pinmux/pinmux.o
 .comment       0x00000000       0x5c src/ASF/sam0/drivers/system/system.o
 .comment       0x00000000       0x5c src/ASF/sam0/drivers/tcc/tcc.o
 .comment       0x00000000       0x5c src/ASF/sam0/drivers/tcc/tcc_callback.o
 .comment       0x00000000       0x5c src/ASF/sam0/drivers/usb/stack_interface/usb_device_udd.o
 .comment       0x00000000       0x5c src/ASF/sam0/drivers/usb/usb_sam_d_r/usb.o
 .comment       0x00000000       0x5c src/ASF/sam0/utils/cmsis/samd21/source/gcc/startup_samd21.o
 .comment       0x00000000       0x5c src/adc_temp.o
 .comment       0x00000000       0x5c src/main.o
 .comment       0x00000000       0x5c src/uart_samd.o

.debug_info     0x00000000    0x468e3
 .debug_info    0x00000000     0x34e8 src/ASF/sam0/drivers/adc/adc_sam_d_r/adc.o
 .debug_info    0x000034e8     0x12f0 src/ASF/sam0/drivers/adc/adc_sam_d_r/adc_callback.o
 .debug_info    0x000047d8      0x449 src/ASF/common/services/usb/class/cdc/device/example/samd21j18a_samd21_xplained_pro/ui.o
 .debug_info    0x00004c21      0x170 src/ASF/common/services/sleepmgr/samd/sleepmgr.o
 .debug_info    0x00004d91     0x1dbc src/ASF/common/services/usb/class/cdc/device/udi_cdc.o
 .debug_info    0x00006b4d      0x92d src/ASF/common/services/usb/class/cdc/device/udi_cdc_desc.o
 .debug_info    0x0000747a     0x105b src/ASF/common/services/usb/udc/udc.o
 .debug_info    0x000084d5      0x1ec src/ASF/common/utils/interrupt/interrupt_sam_nvic.o
 .debug_info    0x000086c1      0x970 src/ASF/sam0/boards/samd21_xplained_pro/board_init.o
 .debug_info    0x00009031     0x12cf src/ASF/sam0/drivers/events/events_hooks.o
 .debug_info    0x0000a300     0x1e1d src/ASF/sam0/drivers/events/events_sam_d_r/events.o
 .debug_info    0x0000c11d     0x10aa src/ASF/sam0/drivers/extint/extint_callback.o
 .debug_info    0x0000d1c7     0x21ee src/ASF/sam0/drivers/extint/extint_sam_d_r/extint.o
 .debug_info    0x0000f3b5      0x968 src/ASF/sam0/drivers/port/port.o
 .debug_info    0x0000fd1d     0x2ddc src/ASF/sam0/drivers/rtc/rtc_sam_d_r/rtc_calendar.o
 .debug_info    0x00012af9     0x1880 src/ASF/sam0/drivers/rtc/rtc_sam_d_r/rtc_calendar_interrupt.o
 .debug_info    0x00014379     0x2545 src/ASF/sam0/drivers/sercom/sercom.o
 .debug_info    0x000168be     0x2335 src/ASF/sam0/drivers/sercom/sercom_interrupt.o
 .debug_info    0x00018bf3     0x4155 src/ASF/sam0/drivers/sercom/usart/usart.o
 .debug_info    0x0001cd48     0x277b src/ASF/sam0/drivers/sercom/usart/usart_interrupt.o
 .debug_info    0x0001f4c3     0x2ffb src/ASF/sam0/drivers/system/clock/clock_samd21_r21_da/clock.o
 .debug_info    0x000224be     0x1556 src/ASF/sam0/drivers/system/clock/clock_samd21_r21_da/gclk.o
 .debug_info    0x00023a14      0xac4 src/ASF/sam0/drivers/system/pinmux/pinmux.o
 .debug_info    0x000244d8      0x17a src/ASF/sam0/drivers/system/system.o
 .debug_info    0x00024652     0x435e src/ASF/sam0/drivers/tcc/tcc.o
 .debug_info    0x000289b0     0x281d src/ASF/sam0/drivers/tcc/tcc_callback.o
 .debug_info    0x0002b1cd     0x5fd9 src/ASF/sam0/drivers/usb/stack_interface/usb_device_udd.o
 .debug_info    0x000311a6     0x494d src/ASF/sam0/drivers/usb/usb_sam_d_r/usb.o
 .debug_info    0x00035af3     0x3a7c src/ASF/sam0/utils/cmsis/samd21/source/gcc/startup_samd21.o
 .debug_info    0x0003956f     0x1bca src/adc_temp.o
 .debug_info    0x0003b139     0x8668 src/main.o
 .debug_info    0x000437a1     0x3142 src/uart_samd.o

.debug_abbrev   0x00000000     0x5eeb
 .debug_abbrev  0x00000000      0x3b1 src/ASF/sam0/drivers/adc/adc_sam_d_r/adc.o
 .debug_abbrev  0x000003b1      0x303 src/ASF/sam0/drivers/adc/adc_sam_d_r/adc_callback.o
 .debug_abbrev  0x000006b4      0x170 src/ASF/common/services/usb/class/cdc/device/example/samd21j18a_samd21_xplained_pro/ui.o
 .debug_abbrev  0x00000824       0x98 src/ASF/common/services/sleepmgr/samd/sleepmgr.o
 .debug_abbrev  0x000008bc      0x3b1 src/ASF/common/services/usb/class/cdc/device/udi_cdc.o
 .debug_abbrev  0x00000c6d      0x123 src/ASF/common/services/usb/class/cdc/device/udi_cdc_desc.o
 .debug_abbrev  0x00000d90      0x338 src/ASF/common/services/usb/udc/udc.o
 .debug_abbrev  0x000010c8       0xf6 src/ASF/common/utils/interrupt/interrupt_sam_nvic.o
 .debug_abbrev  0x000011be      0x22b src/ASF/sam0/boards/samd21_xplained_pro/board_init.o
 .debug_abbrev  0x000013e9      0x297 src/ASF/sam0/drivers/events/events_hooks.o
 .debug_abbrev  0x00001680      0x3e6 src/ASF/sam0/drivers/events/events_sam_d_r/events.o
 .debug_abbrev  0x00001a66      0x297 src/ASF/sam0/drivers/extint/extint_callback.o
 .debug_abbrev  0x00001cfd      0x3fc src/ASF/sam0/drivers/extint/extint_sam_d_r/extint.o
 .debug_abbrev  0x000020f9      0x1da src/ASF/sam0/drivers/port/port.o
 .debug_abbrev  0x000022d3      0x43f src/ASF/sam0/drivers/rtc/rtc_sam_d_r/rtc_calendar.o
 .debug_abbrev  0x00002712      0x275 src/ASF/sam0/drivers/rtc/rtc_sam_d_r/rtc_calendar_interrupt.o
 .debug_abbrev  0x00002987      0x2fd src/ASF/sam0/drivers/sercom/sercom.o
 .debug_abbrev  0x00002c84      0x22c src/ASF/sam0/drivers/sercom/sercom_interrupt.o
 .debug_abbrev  0x00002eb0      0x3c6 src/ASF/sam0/drivers/sercom/usart/usart.o
 .debug_abbrev  0x00003276      0x37b src/ASF/sam0/drivers/sercom/usart/usart_interrupt.o
 .debug_abbrev  0x000035f1      0x3eb src/ASF/sam0/drivers/system/clock/clock_samd21_r21_da/clock.o
 .debug_abbrev  0x000039dc      0x327 src/ASF/sam0/drivers/system/clock/clock_samd21_r21_da/gclk.o
 .debug_abbrev  0x00003d03      0x2ce src/ASF/sam0/drivers/system/pinmux/pinmux.o
 .debug_abbrev  0x00003fd1       0xb9 src/ASF/sam0/drivers/system/system.o
 .debug_abbrev  0x0000408a      0x40f src/ASF/sam0/drivers/tcc/tcc.o
 .debug_abbrev  0x00004499      0x2f3 src/ASF/sam0/drivers/tcc/tcc_callback.o
 .debug_abbrev  0x0000478c      0x574 src/ASF/sam0/drivers/usb/stack_interface/usb_device_udd.o
 .debug_abbrev  0x00004d00      0x44c src/ASF/sam0/drivers/usb/usb_sam_d_r/usb.o
 .debug_abbrev  0x0000514c      0x211 src/ASF/sam0/utils/cmsis/samd21/source/gcc/startup_samd21.o
 .debug_abbrev  0x0000535d      0x2d5 src/adc_temp.o
 .debug_abbrev  0x00005632      0x52b src/main.o
 .debug_abbrev  0x00005b5d      0x38e src/uart_samd.o

.debug_loc      0x00000000     0xcb53
 .debug_loc     0x00000000      0x7cb src/ASF/sam0/drivers/adc/adc_sam_d_r/adc.o
 .debug_loc     0x000007cb      0x301 src/ASF/sam0/drivers/adc/adc_sam_d_r/adc_callback.o
 .debug_loc     0x00000acc       0x8c src/ASF/common/services/usb/class/cdc/device/example/samd21j18a_samd21_xplained_pro/ui.o
 .debug_loc     0x00000b58     0x1173 src/ASF/common/services/usb/class/cdc/device/udi_cdc.o
 .debug_loc     0x00001ccb      0x4b3 src/ASF/common/services/usb/udc/udc.o
 .debug_loc     0x0000217e       0x1e src/ASF/common/utils/interrupt/interrupt_sam_nvic.o
 .debug_loc     0x0000219c       0x59 src/ASF/sam0/boards/samd21_xplained_pro/board_init.o
 .debug_loc     0x000021f5      0x4a6 src/ASF/sam0/drivers/events/events_hooks.o
 .debug_loc     0x0000269b      0x44d src/ASF/sam0/drivers/events/events_sam_d_r/events.o
 .debug_loc     0x00002ae8      0x215 src/ASF/sam0/drivers/extint/extint_callback.o
 .debug_loc     0x00002cfd      0x40a src/ASF/sam0/drivers/extint/extint_sam_d_r/extint.o
 .debug_loc     0x00003107      0x16d src/ASF/sam0/drivers/port/port.o
 .debug_loc     0x00003274      0x78d src/ASF/sam0/drivers/rtc/rtc_sam_d_r/rtc_calendar.o
 .debug_loc     0x00003a01      0x1ff src/ASF/sam0/drivers/rtc/rtc_sam_d_r/rtc_calendar_interrupt.o
 .debug_loc     0x00003c00      0x982 src/ASF/sam0/drivers/sercom/sercom.o
 .debug_loc     0x00004582      0x16c src/ASF/sam0/drivers/sercom/sercom_interrupt.o
 .debug_loc     0x000046ee      0xcf3 src/ASF/sam0/drivers/sercom/usart/usart.o
 .debug_loc     0x000053e1      0x589 src/ASF/sam0/drivers/sercom/usart/usart_interrupt.o
 .debug_loc     0x0000596a     0x1035 src/ASF/sam0/drivers/system/clock/clock_samd21_r21_da/clock.o
 .debug_loc     0x0000699f      0x51e src/ASF/sam0/drivers/system/clock/clock_samd21_r21_da/gclk.o
 .debug_loc     0x00006ebd      0x37a src/ASF/sam0/drivers/system/pinmux/pinmux.o
 .debug_loc     0x00007237       0x20 src/ASF/sam0/drivers/system/system.o
 .debug_loc     0x00007257     0x16b8 src/ASF/sam0/drivers/tcc/tcc.o
 .debug_loc     0x0000890f      0x245 src/ASF/sam0/drivers/tcc/tcc_callback.o
 .debug_loc     0x00008b54     0x10f3 src/ASF/sam0/drivers/usb/stack_interface/usb_device_udd.o
 .debug_loc     0x00009c47     0x1757 src/ASF/sam0/drivers/usb/usb_sam_d_r/usb.o
 .debug_loc     0x0000b39e       0x20 src/ASF/sam0/utils/cmsis/samd21/source/gcc/startup_samd21.o
 .debug_loc     0x0000b3be      0x3a8 src/adc_temp.o
 .debug_loc     0x0000b766     0x111b src/main.o
 .debug_loc     0x0000c881      0x2d2 src/uart_samd.o

.debug_aranges  0x00000000      0xda0
 .debug_aranges
                0x00000000       0x38 src/ASF/sam0/drivers/adc/adc_sam_d_r/adc.o
 .debug_aranges
                0x00000038       0x48 src/ASF/sam0/drivers/adc/adc_sam_d_r/adc_callback.o
 .debug_aranges
                0x00000080       0x90 src/ASF/common/services/usb/class/cdc/device/example/samd21j18a_samd21_xplained_pro/ui.o
 .debug_aranges
                0x00000110       0x18 src/ASF/common/services/sleepmgr/samd/sleepmgr.o
 .debug_aranges
                0x00000128      0x170 src/ASF/common/services/usb/class/cdc/device/udi_cdc.o
 .debug_aranges
                0x00000298       0x18 src/ASF/common/services/usb/class/cdc/device/udi_cdc_desc.o
 .debug_aranges
                0x000002b0       0x70 src/ASF/common/services/usb/udc/udc.o
 .debug_aranges
                0x00000320       0x28 src/ASF/common/utils/interrupt/interrupt_sam_nvic.o
 .debug_aranges
                0x00000348       0x20 src/ASF/sam0/boards/samd21_xplained_pro/board_init.o
 .debug_aranges
                0x00000368       0x58 src/ASF/sam0/drivers/events/events_hooks.o
 .debug_aranges
                0x000003c0       0x80 src/ASF/sam0/drivers/events/events_sam_d_r/events.o
 .debug_aranges
                0x00000440       0x48 src/ASF/sam0/drivers/extint/extint_callback.o
 .debug_aranges
                0x00000488       0x50 src/ASF/sam0/drivers/extint/extint_sam_d_r/extint.o
 .debug_aranges
                0x000004d8       0x28 src/ASF/sam0/drivers/port/port.o
 .debug_aranges
                0x00000500       0x78 src/ASF/sam0/drivers/rtc/rtc_sam_d_r/rtc_calendar.o
 .debug_aranges
                0x00000578       0x40 src/ASF/sam0/drivers/rtc/rtc_sam_d_r/rtc_calendar_interrupt.o
 .debug_aranges
                0x000005b8       0x40 src/ASF/sam0/drivers/sercom/sercom.o
 .debug_aranges
                0x000005f8       0x60 src/ASF/sam0/drivers/sercom/sercom_interrupt.o
 .debug_aranges
                0x00000658       0x40 src/ASF/sam0/drivers/sercom/usart/usart.o
 .debug_aranges
                0x00000698       0x70 src/ASF/sam0/drivers/sercom/usart/usart_interrupt.o
 .debug_aranges
                0x00000708       0x78 src/ASF/sam0/drivers/system/clock/clock_samd21_r21_da/clock.o
 .debug_aranges
                0x00000780       0x80 src/ASF/sam0/drivers/system/clock/clock_samd21_r21_da/gclk.o
 .debug_aranges
                0x00000800       0x40 src/ASF/sam0/drivers/system/pinmux/pinmux.o
 .debug_aranges
                0x00000840       0x28 src/ASF/sam0/drivers/system/system.o
 .debug_aranges
                0x00000868       0xb0 src/ASF/sam0/drivers/tcc/tcc.o
 .debug_aranges
                0x00000918       0x58 src/ASF/sam0/drivers/tcc/tcc_callback.o
 .debug_aranges
                0x00000970      0x130 src/ASF/sam0/drivers/usb/stack_interface/usb_device_udd.o
 .debug_aranges
                0x00000aa0      0x158 src/ASF/sam0/drivers/usb/usb_sam_d_r/usb.o
 .debug_aranges
                0x00000bf8       0x28 src/ASF/sam0/utils/cmsis/samd21/source/gcc/startup_samd21.o
 .debug_aranges
                0x00000c20       0x38 src/adc_temp.o
 .debug_aranges
                0x00000c58      0x100 src/main.o
 .debug_aranges