Archive member included because of file (symbol)

d:/atmel studio 7/7.0/toolchain/arm/arm-gnu-toolchain/bin/../lib/gcc/arm-none-eabi/4.9.3/armv6-m\libgcc.a(_thumb1_case_uqi.o)
                              src/ASF/common/services/usb/udc/udc.o (__gnu_thumb1_case_uqi)
d:/atmel studio 7/7.0/toolchain/arm/arm-gnu-toolchain/bin/../lib/gcc/arm-none-eabi/4.9.3/armv6-m\libgcc.a(_udivsi3.o)
                              src/ASF/sam0/drivers/system/clock/clock_samd21_r21_da/clock.o (__aeabi_uidiv)
d:/atmel studio 7/7.0/toolchain/arm/arm-gnu-toolchain/bin/../lib/gcc/arm-none-eabi/4.9.3/armv6-m\libgcc.a(_divsi3.o)
                              src/ASF/sam0/drivers/usb/stack_interface/usb_device_udd.o (__aeabi_idivmod)
d:/atmel studio 7/7.0/toolchain/arm/arm-gnu-toolchain/bin/../lib/gcc/arm-none-eabi/4.9.3/armv6-m\libgcc.a(_dvmd_tls.o)
                              d:/atmel studio 7/7.0/toolchain/arm/arm-gnu-toolchain/bin/../lib/gcc/arm-none-eabi/4.9.3/armv6-m\libgcc.a(_udivsi3.o) (__aeabi_idiv0)
d:/atmel studio 7/7.0/toolchain/arm/arm-gnu-toolchain/bin/../lib/gcc/arm-none-eabi/4.9.3/armv6-m\libgcc.a(_ashldi3.o)
                              src/ASF/sam0/drivers/sercom/sercom.o (__aeabi_llsl)
d:/atmel studio 7/7.0/toolchain/arm/arm-gnu-toolchain/bin/../lib/gcc/arm-none-eabi/4.9.3/armv6-m\libgcc.a(_clzsi2.o)
                              src/ASF/sam0/drivers/usb/usb_sam_d_r/usb.o (__clzsi2)
d:/atmel studio 7/7.0/toolchain/arm/arm-gnu-toolchain/bin/../lib/gcc/arm-none-eabi/4.9.3/armv6-m\libgcc.a(_ctzsi2.o)
                              src/ASF/sam0/drivers/usb/usb_sam_d_r/usb.o (__ctzsi2)
d:/atmel studio 7/7.0/toolchain/arm/arm-gnu-toolchain/bin/../lib/gcc/arm-none-eabi/4.9.3/armv6-m\libgcc.a(_muldi3.o)
                              src/ASF/sam0/drivers/sercom/sercom.o (__aeabi_lmul)
d:/atmel studio 7/7.0/toolchain/arm/arm-gnu-toolchain/bin/../lib/gcc/arm-none-eabi/4.9.3/../../../../arm-none-eabi/lib/armv6-m\libc_nano.a(lib_a-exit.o)
                              d:/atmel studio 7/7.0/toolchain/arm/arm-gnu-toolchain/bin/../lib/gcc/arm-none-eabi/4.9.3/../../../../arm-none-eabi/lib/armv6-m/crt0.o (exit)
d:/atmel studio 7/7.0/toolchain/arm/arm-gnu-toolchain/bin/../lib/gcc/arm-none-eabi/4.9.3/../../../../arm-none-eabi/lib/armv6-m\libc_nano.a(lib_a-impure.o)
                              d:/atmel studio 7/7.0/toolchain/arm/arm-gnu-toolchain/bin/../lib/gcc/arm-none-eabi/4.9.3/../../../../arm-none-eabi/lib/armv6-m\libc_nano.a(lib_a-exit.o) (_global_impure_ptr)
d:/atmel studio 7/7.0/toolchain/arm/arm-gnu-toolchain/bin/../lib/gcc/arm-none-eabi/4.9.3/../../../../arm-none-eabi/lib/armv6-m\libc_nano.a(lib_a-init.o)
                              d:/atmel studio 7/7.0/toolchain/arm/arm-gnu-toolchain/bin/../lib/gcc/arm-none-eabi/4.9.3/../../../../arm-none-eabi/lib/armv6-m/crt0.o (__libc_init_array)
d:/atmel studio 7/7.0/toolchain/arm/arm-gnu-toolchain/bin/../lib/gcc/arm-none-eabi/4.9.3/../../../../arm-none-eabi/lib/armv6-m\libc_nano.a(lib_a-memcpy.o)
                              src/ASF/sam0/drivers/adc/adc_sam_d_r/adc.o (memcpy)
d:/atmel studio 7/7.0/toolchain/arm/arm-gnu-toolchain/bin/../lib/gcc/arm-none-eabi/4.9.3/../../../../arm-none-eabi/lib/armv6-m\libc_nano.a(lib_a-memset.o)
                              d:/atmel studio 7/7.0/toolchain/arm/arm-gnu-toolchain/bin/../lib/gcc/arm-none-eabi/4.9.3/../../../../arm-none-eabi/lib/armv6-m/crt0.o (memset)
d:/atmel studio 7/7.0/toolchain/arm/arm-gnu-toolchain/bin/../lib/gcc/arm-none-eabi/4.9.3/../../../../arm-none-eabi/lib/armv6-m\libc_nano.a(lib_a-printf.o)
                              src/ASF/sam0/utils/syscalls/gcc/syscalls.o (printf)
d:/atmel studio 7/7.0/toolchain/arm/arm-gnu-toolchain/bin/../lib/gcc/arm-none-eabi/4.9.3/../../../../arm-none-eabi/lib/armv6-m\libc_nano.a(lib_a-findfp.o)
                              d:/atmel studio 7/7.0/toolchain/arm/arm-gnu-toolchain/bin/../lib/gcc/arm-none-eabi/4.9.3/../../../../arm-none-eabi/lib/armv6-m\libc_nano.a(lib_a-printf.o) (__sinit)
d:/atmel studio 7/7.0/toolchain/arm/arm-gnu-toolchain/bin/../lib/gcc/arm-none-eabi/4.9.3/../../../../arm-none-eabi/lib/armv6-m\libc_nano.a(lib_a-fwalk.o)
                              d:/atmel studio 7/7.0/toolchain/arm/arm-gnu-toolchain/bin/../lib/gcc/arm-none-eabi/4.9.3/../../../../arm-none-eabi/lib/armv6-m\libc_nano.a(lib_a-findfp.o) (_fwalk)
d:/atmel studio 7/7.0/toolchain/arm/arm-gnu-toolchain/bin/../lib/gcc/arm-none-eabi/4.9.3/../../../../arm-none-eabi/lib/armv6-m\libc_nano.a(lib_a-nano-mallocr.o)
                              d:/atmel studio 7/7.0/toolchain/arm/arm-gnu-toolchain/bin/../lib/gcc/arm-none-eabi/4.9.3/../../../../arm-none-eabi/lib/armv6-m\libc_nano.a(lib_a-findfp.o) (_malloc_r)
d:/atmel studio 7/7.0/toolchain/arm/arm-gnu-toolchain/bin/../lib/gcc/arm-none-eabi/4.9.3/../../../../arm-none-eabi/lib/armv6-m\libc_nano.a(lib_a-nano-vfprintf.o)
[...]
Memory Configuration

Name             Origin             Length             Attributes
rom              0x00000000         0x00040000         xr
ram              0x20000000         0x00008000         xrw
*default*        0x00000000         0xffffffff

Linker script and memory map

LOAD d:/atmel studio 7/7.0/toolchain/arm/arm-gnu-toolchain/bin/../lib/gcc/arm-none-eabi/4.9.3/armv6-m/crti.o
LOAD d:/atmel studio 7/7.0/toolchain/arm/arm-gnu-toolchain/bin/../lib/gcc/arm-none-eabi/4.9.3/armv6-m/crtbegin.o
LOAD d:/atmel studio 7/7.0/toolchain/arm/arm-gnu-toolchain/bin/../lib/gcc/arm-none-eabi/4.9.3/../../../../arm-none-eabi/lib/armv6-m/crt0.o
LOAD src/ASF/sam0/drivers/adc/adc_sam_d_r/adc.o
LOAD src/ASF/sam0/drivers/adc/adc_sam_d_r/adc_callback.o
LOAD src/ASF/sam0/drivers/tc/tc_sam_d_r/tc.o
LOAD src/ASF/sam0/drivers/tc/tc_interrupt.o
LOAD src/ASF/common/services/usb/class/cdc/device/example/samd21j18a_samd21_xplained_pro/ui.o
LOAD src/ASF/common/services/sleepmgr/samd/sleepmgr.o
LOAD src/ASF/common/services/usb/class/cdc/device/udi_cdc.o
LOAD src/ASF/common/services/usb/class/cdc/device/udi_cdc_desc.o
LOAD src/ASF/common/services/usb/udc/udc.o
LOAD src/ASF/common/utils/interrupt/interrupt_sam_nvic.o
LOAD src/ASF/sam0/boards/samd21_xplained_pro/board_init.o
LOAD src/ASF/sam0/drivers/extint/extint_callback.o
LOAD src/ASF/sam0/drivers/extint/extint_sam_d_r/extint.o
LOAD src/ASF/sam0/drivers/port/port.o
LOAD src/ASF/sam0/drivers/sercom/sercom.o
LOAD src/ASF/sam0/drivers/sercom/sercom_interrupt.o
LOAD src/ASF/sam0/drivers/sercom/usart/usart.o
LOAD src/ASF/sam0/drivers/sercom/usart/usart_interrupt.o
LOAD src/ASF/sam0/drivers/system/clock/clock_samd21_r21_da/clock.o
LOAD src/ASF/sam0/drivers/system/clock/clock_samd21_r21_da/gclk.o
LOAD src/ASF/sam0/drivers/system/interrupt/system_interrupt.o
LOAD src/ASF/sam0/drivers/system/pinmux/pinmux.o
LOAD src/ASF/sam0/drivers/system/system.o
LOAD src/ASF/sam0/drivers/usb/stack_interface/usb_device_udd.o
LOAD src/ASF/sam0/drivers/usb/stack_interface/usb_dual.o
LOAD src/ASF/sam0/drivers/usb/usb_sam_d_r/usb.o
LOAD src/ASF/sam0/utils/cmsis/samd21/source/gcc/startup_samd21.o
LOAD src/ASF/sam0/utils/cmsis/samd21/source/system_samd21.o
LOAD src/ASF/sam0/utils/syscalls/gcc/syscalls.o
LOAD src/main.o
LOAD src/uart_samd.o
START GROUP
LOAD ../src/ASF/thirdparty/CMSIS/Lib/GCC\libarm_cortexM0l_math.a
LOAD d:/atmel studio 7/7.0/toolchain/arm/arm-gnu-toolchain/bin/../lib/gcc/arm-none-eabi/4.9.3/../../../../arm-none-eabi/lib/armv6-m\libm.a
END GROUP
START GROUP
LOAD d:/atmel studio 7/7.0/toolchain/arm/arm-gnu-toolchain/bin/../lib/gcc/arm-none-eabi/4.9.3/armv6-m\libgcc.a
LOAD d:/atmel studio 7/7.0/toolchain/arm/arm-gnu-toolchain/bin/../lib/gcc/arm-none-eabi/4.9.3/../../../../arm-none-eabi/lib/armv6-m\libc_nano.a
END GROUP
START GROUP
LOAD d:/atmel studio 7/7.0/toolchain/arm/arm-gnu-toolchain/bin/../lib/gcc/arm-none-eabi/4.9.3/armv6-m\libgcc.a
LOAD d:/atmel studio 7/7.0/toolchain/arm/arm-gnu-toolchain/bin/../lib/gcc/arm-none-eabi/4.9.3/../../../../arm-none-eabi/lib/armv6-m\libc_nano.a
END GROUP
LOAD d:/atmel studio 7/7.0/toolchain/arm/arm-gnu-toolchain/bin/../lib/gcc/arm-none-eabi/4.9.3/armv6-m/crtend.o
LOAD d:/atmel studio 7/7.0/toolchain/arm/arm-gnu-toolchain/bin/../lib/gcc/arm-none-eabi/4.9.3/armv6-m/crtn.o
                0x00002000                STACK_SIZE = DEFINED (STACK_SIZE)?STACK_SIZE:DEFINED (__stack_size__)?__stack_size__:0x2000

.text           0x00000000     0x4758
                0x00000000                . = ALIGN (0x4)
                0x00000000                _sfixed = .
 *(.vectors .vectors.*)
 .vectors       0x00000000       0xb4 src/ASF/sam0/utils/cmsis/samd21/source/gcc/startup_samd21.o
                0x00000000                exception_table
 *(.text .text.* .gnu.linkonce.t.*)
 .text          0x000000b4       0x60 d:/atmel studio 7/7.0/toolchain/arm/arm-gnu-toolchain/bin/../lib/gcc/arm-none-eabi/4.9.3/armv6-m/crtbegin.o
 .text.adc_is_syncing
                0x00000114        0x8 src/ASF/sam0/drivers/adc/adc_sam_d_r/adc.o
 .text._adc_configure_ain_pin
                0x0000011c       0x40 src/ASF/sam0/drivers/adc/adc_sam_d_r/adc.o
 .text.adc_get_config_defaults
                0x0000015c       0x4a src/ASF/sam0/drivers/adc/adc_sam_d_r/adc.o
                0x0000015c                adc_get_config_defaults
 *fill*         0x000001a6        0x2 
 .text.adc_init
                0x000001a8      0x318 src/ASF/sam0/drivers/adc/adc_sam_d_r/adc.o
                0x000001a8                adc_init
 .text.adc_start_conversion
                0x000004c0       0x1e src/ASF/sam0/drivers/adc/adc_sam_d_r/adc_callback.o
 *fill*         0x000004de        0x2 
 .text.ADC_Handler
                0x000004e0       0xac src/ASF/sam0/drivers/adc/adc_sam_d_r/adc_callback.o
                0x000004e0                ADC_Handler
 .text.adc_register_callback
                0x0000058c       0x14 src/ASF/sam0/drivers/adc/adc_sam_d_r/adc_callback.o
                0x0000058c                adc_register_callback
 .text._tc_interrupt_handler
                0x000005a0       0x5c src/ASF/sam0/drivers/tc/tc_interrupt.o
                0x000005a0                _tc_interrupt_handler
 .text.TC3_Handler
                0x000005fc       0x10 src/ASF/sam0/drivers/tc/tc_interrupt.o
                0x000005fc                TC3_Handler
 .text.TC4_Handler
                0x0000060c       0x10 src/ASF/sam0/drivers/tc/tc_interrupt.o
                0x0000060c                TC4_Handler
 .text.TC5_Handler
                0x0000061c       0x10 src/ASF/sam0/drivers/tc/tc_interrupt.o
                0x0000061c                TC5_Handler
 .text.TC6_Handler
                0x0000062c       0x10 src/ASF/sam0/drivers/tc/tc_interrupt.o
                0x0000062c                TC6_Handler
 .text.TC7_Handler
                0x0000063c       0x10 src/ASF/sam0/drivers/tc/tc_interrupt.o
                0x0000063c                TC7_Handler
 .text.ui_wakeup_handler
                0x0000064c       0x18 src/ASF/common/services/usb/class/cdc/device/example/samd21j18a_samd21_xplained_pro/ui.o
 .text.ui_init  0x00000664       0x58 src/ASF/common/services/usb/class/cdc/device/example/samd21j18a_samd21_xplained_pro/ui.o
                0x00000664                ui_init
 .text.ui_powerdown
                0x000006bc       0x10 src/ASF/common/services/usb/class/cdc/device/example/samd21j18a_samd21_xplained_pro/ui.o
                0x000006bc                ui_powerdown
 .text.ui_wakeup_enable
                0x000006cc       0x10 src/ASF/common/services/usb/class/cdc/device/example/samd21j18a_samd21_xplained_pro/ui.o
                0x000006cc                ui_wakeup_enable
 .text.ui_wakeup_disable
                0x000006dc       0x10 src/ASF/common/services/usb/class/cdc/device/example/samd21j18a_samd21_xplained_pro/ui.o
                0x000006dc                ui_wakeup_disable
 .text.ui_wakeup
                0x000006ec       0x10 src/ASF/common/services/usb/class/cdc/device/example/samd21j18a_samd21_xplained_pro/ui.o
                0x000006ec                ui_wakeup
 .text.ui_com_open
                0x000006fc        0x2 src/ASF/common/services/usb/class/cdc/device/example/samd21j18a_samd21_xplained_pro/ui.o
                0x000006fc                ui_com_open
 .text.ui_com_close
                0x000006fe        0x2 src/ASF/common/services/usb/class/cdc/device/example/samd21j18a_samd21_xplained_pro/ui.o
                0x000006fe                ui_com_close
 .text.ui_com_rx_start
                0x00000700        0x2 src/ASF/common/services/usb/class/cdc/device/example/samd21j18a_samd21_xplained_pro/ui.o
                0x00000700                ui_com_rx_start
 .text.ui_com_rx_stop
                0x00000702        0x2 src/ASF/common/services/usb/class/cdc/device/example/samd21j18a_samd21_xplained_pro/ui.o
                0x00000702                ui_com_rx_stop
 .text.ui_com_tx_start
                0x00000704        0x2 src/ASF/common/services/usb/class/cdc/device/example/samd21j18a_samd21_xplained_pro/ui.o
                0x00000704                ui_com_tx_start
 .text.ui_com_tx_stop
                0x00000706        0x2 src/ASF/common/services/usb/class/cdc/device/example/samd21j18a_samd21_xplained_pro/ui.o
                0x00000706                ui_com_tx_stop
 .text.ui_com_overflow
                0x00000708        0x2 src/ASF/common/services/usb/class/cdc/device/example/samd21j18a_samd21_xplained_pro/ui.o
                0x00000708                ui_com_overflow
 *fill*         0x0000070a        0x2 
 .text.ui_process
                0x0000070c       0x38 src/ASF/common/services/usb/class/cdc/device/example/samd21j18a_samd21_xplained_pro/ui.o
                0x0000070c                ui_process
 .text.cpu_irq_save
                0x00000744       0x24 src/ASF/common/services/usb/class/cdc/device/udi_cdc.o
 .text.udi_cdc_comm_disable
                0x00000768       0x10 src/ASF/common/services/usb/class/cdc/device/udi_cdc.o
                0x00000768                udi_cdc_comm_disable
 .text.udi_cdc_data_setup
                0x00000778        0x4 src/ASF/common/services/usb/class/cdc/device/udi_cdc.o
                0x00000778                udi_cdc_data_setup
 .text.udi_cdc_getsetting
                0x0000077c        0x4 src/ASF/common/services/usb/class/cdc/device/udi_cdc.o
                0x0000077c                udi_cdc_getsetting
 .text.udi_cdc_line_coding_received
                0x00000780       0x14 src/ASF/common/services/usb/class/cdc/device/udi_cdc.o
 .text.udi_cdc_data_disable
                0x00000794       0x28 src/ASF/common/services/usb/class/cdc/device/udi_cdc.o
                0x00000794                udi_cdc_data_disable
 .text.cpu_irq_restore
                0x000007bc       0x18 src/ASF/common/services/usb/class/cdc/device/udi_cdc.o
 .text.udi_cdc_comm_enable
                0x000007d4       0x64 src/ASF/common/services/usb/class/cdc/device/udi_cdc.o
                0x000007d4                udi_cdc_comm_enable
 .text.udi_cdc_tx_send.isra.2
                0x00000838      0x11c src/ASF/common/services/usb/class/cdc/device/udi_cdc.o
 .text.udi_cdc_data_sof_notify
                0x00000954        0xc src/ASF/common/services/usb/class/cdc/device/udi_cdc.o
                0x00000954                udi_cdc_data_sof_notify
 .text.udi_cdc_data_sent
                0x00000960       0x38 src/ASF/common/services/usb/class/cdc/device/udi_cdc.o
 .text.udi_cdc_ctrl_state_notify.isra.5
                0x00000998       0x3c src/ASF/common/services/usb/class/cdc/device/udi_cdc.o
 .text.udi_cdc_serial_state_msg_sent
                0x000009d4       0x34 src/ASF/common/services/usb/class/cdc/device/udi_cdc.o
 .text.udi_cdc_ctrl_state_change.isra.7
                0x00000a08       0x3c src/ASF/common/services/usb/class/cdc/device/udi_cdc.o
 .text.udi_cdc_comm_setup
                0x00000a44       0x68 src/ASF/common/services/usb/class/cdc/device/udi_cdc.o
                0x00000a44                udi_cdc_comm_setup
 .text.udi_cdc_signal_overrun
                0x00000aac       0x10 src/ASF/common/services/usb/class/cdc/device/udi_cdc.o
                0x00000aac                udi_cdc_signal_overrun
 .text.udi_cdc_multi_get_nb_received_data
                0x00000abc       0x34 src/ASF/common/services/usb/class/cdc/device/udi_cdc.o
                0x00000abc                udi_cdc_multi_get_nb_received_data
 .text.udi_cdc_get_nb_received_data
                0x00000af0       0x10 src/ASF/common/services/usb/class/cdc/device/udi_cdc.o
                0x00000af0                udi_cdc_get_nb_received_data
 .text.udi_cdc_multi_is_rx_ready
                0x00000b00       0x14 src/ASF/common/services/usb/class/cdc/device/udi_cdc.o
                0x00000b00                udi_cdc_multi_is_rx_ready
 .text.udi_cdc_rx_start.isra.9
                0x00000b14       0x9c src/ASF/common/services/usb/class/cdc/device/udi_cdc.o
 .text.udi_cdc_data_enable
                0x00000bb0       0x88 src/ASF/common/services/usb/class/cdc/device/udi_cdc.o
                0x00000bb0                udi_cdc_data_enable
 .text.udi_cdc_data_received
                0x00000c38       0x60 src/ASF/common/services/usb/class/cdc/device/udi_cdc.o
 .text.udi_cdc_is_rx_ready
                0x00000c98       0x10 src/ASF/common/services/usb/class/cdc/device/udi_cdc.o
                0x00000c98                udi_cdc_is_rx_ready
 .text.udi_cdc_multi_read_buf
                0x00000ca8       0xa0 src/ASF/common/services/usb/class/cdc/device/udi_cdc.o
                0x00000ca8                udi_cdc_multi_read_buf
 .text.udi_cdc_read_buf
                0x00000d48       0x14 src/ASF/common/services/usb/class/cdc/device/udi_cdc.o
                0x00000d48                udi_cdc_read_buf
 .text.udi_cdc_multi_get_free_tx_buffer
                0x00000d5c       0x60 src/ASF/common/services/usb/class/cdc/device/udi_cdc.o
                0x00000d5c                udi_cdc_multi_get_free_tx_buffer
 .text.udi_cdc_multi_is_tx_ready
                0x00000dbc       0x14 src/ASF/common/services/usb/class/cdc/device/udi_cdc.o
                0x00000dbc                udi_cdc_multi_is_tx_ready
 .text.udi_cdc_is_tx_ready
                0x00000dd0       0x10 src/ASF/common/services/usb/class/cdc/device/udi_cdc.o
                0x00000dd0                udi_cdc_is_tx_ready
 .text.udi_cdc_multi_putc
                0x00000de0       0x78 src/ASF/common/services/usb/class/cdc/device/udi_cdc.o
                0x00000de0                udi_cdc_multi_putc
 .text.udi_cdc_putc
                0x00000e58       0x10 src/ASF/common/services/usb/class/cdc/device/udi_cdc.o
                0x00000e58                udi_cdc_putc
 .text.udi_cdc_multi_write_buf
                0x00000e68       0x9c src/ASF/common/services/usb/class/cdc/device/udi_cdc.o
                0x00000e68                udi_cdc_multi_write_buf
 .text.udi_cdc_write_buf
                0x00000f04       0x14 src/ASF/common/services/usb/class/cdc/device/udi_cdc.o
                0x00000f04                udi_cdc_write_buf
 .text.udc_valid_address
                0x00000f18       0x18 src/ASF/common/services/usb/udc/udc.o
 .text.udc_update_iface_desc
                0x00000f30       0x5c src/ASF/common/services/usb/udc/udc.o
 .text.udc_next_desc_in_iface.constprop.3
                0x00000f8c       0x2c src/ASF/common/services/usb/udc/udc.o
 .text.udc_iface_enable
                0x00000fb8       0x58 src/ASF/common/services/usb/udc/udc.o
 .text.udc_iface_disable
                0x00001010       0x5c src/ASF/common/services/usb/udc/udc.o
 .text.udc_start
                0x0000106c        0xc src/ASF/common/services/usb/udc/udc.o
                0x0000106c                udc_start
 .text.udc_reset
                0x00001078       0x44 src/ASF/common/services/usb/udc/udc.o
                0x00001078                udc_reset
 .text.udc_sof_notify
                0x000010bc       0x38 src/ASF/common/services/usb/udc/udc.o
                0x000010bc                udc_sof_notify
 .text.udc_process_setup
                0x000010f4      0x388 src/ASF/common/services/usb/udc/udc.o
                0x000010f4                udc_process_setup
 .text.cpu_irq_enter_critical
                0x0000147c       0x34 src/ASF/common/utils/interrupt/interrupt_sam_nvic.o
                0x0000147c                cpu_irq_enter_critical
 .text.cpu_irq_leave_critical
                0x000014b0       0x30 src/ASF/common/utils/interrupt/interrupt_sam_nvic.o
                0x000014b0                cpu_irq_leave_critical
 .text.system_board_init
                0x000014e0       0x34 src/ASF/sam0/boards/samd21_xplained_pro/board_init.o
                0x000014e0                board_init
                0x000014e0                system_board_init
 .text.extint_register_callback
                0x00001514       0x28 src/ASF/sam0/drivers/extint/extint_callback.o
                0x00001514                extint_register_callback
 .text.extint_chan_enable_callback
                0x0000153c       0x24 src/ASF/sam0/drivers/extint/extint_callback.o
                0x0000153c                extint_chan_enable_callback
 .text.extint_chan_disable_callback
                0x00001560       0x24 src/ASF/sam0/drivers/extint/extint_callback.o
                0x00001560                extint_chan_disable_callback
 .text.EIC_Handler
                0x00001584       0x3c src/ASF/sam0/drivers/extint/extint_callback.o
                0x00001584                EIC_Handler
 .text.extint_is_syncing
                0x000015c0        0xc src/ASF/sam0/drivers/extint/extint_sam_d_r/extint.o
 .text._extint_enable
                0x000015cc       0x20 src/ASF/sam0/drivers/extint/extint_sam_d_r/extint.o
 .text._system_extint_init
                0x000015ec       0x6c src/ASF/sam0/drivers/extint/extint_sam_d_r/extint.o
                0x000015ec                _system_extint_init
 .text.extint_chan_get_config_defaults
                0x00001658       0x14 src/ASF/sam0/drivers/extint/extint_sam_d_r/extint.o
                0x00001658                extint_chan_get_config_defaults
 .text.extint_chan_set_config
                0x0000166c       0x70 src/ASF/sam0/drivers/extint/extint_sam_d_r/extint.o
                0x0000166c                extint_chan_set_config
 .text.port_pin_set_config
                0x000016dc       0x20 src/ASF/sam0/drivers/port/port.o
                0x000016dc                port_pin_set_config
 .text._sercom_get_sync_baud_val
                0x000016fc       0x28 src/ASF/sam0/drivers/sercom/sercom.o
                0x000016fc                _sercom_get_sync_baud_val
 .text._sercom_get_async_baud_val
                0x00001724      0x148 src/ASF/sam0/drivers/sercom/sercom.o
                0x00001724                _sercom_get_async_baud_val
 .text.sercom_set_gclk_generator
                0x0000186c       0x44 src/ASF/sam0/drivers/sercom/sercom.o
                0x0000186c                sercom_set_gclk_generator
 .text._sercom_get_default_pad
                0x000018b0      0x160 src/ASF/sam0/drivers/sercom/sercom.o
                0x000018b0                _sercom_get_default_pad
 .text._sercom_get_sercom_inst_index
                0x00001a10       0x30 src/ASF/sam0/drivers/sercom/sercom.o
                0x00001a10                _sercom_get_sercom_inst_index
 .text._sercom_default_handler
                0x00001a40        0x2 src/ASF/sam0/drivers/sercom/sercom_interrupt.o
 *fill*         0x00001a42        0x2 
 .text._sercom_set_handler
                0x00001a44       0x3c src/ASF/sam0/drivers/sercom/sercom_interrupt.o
                0x00001a44                _sercom_set_handler
 .text._sercom_get_interrupt_vector
                0x00001a80       0x28 src/ASF/sam0/drivers/sercom/sercom_interrupt.o
                0x00001a80                _sercom_get_interrupt_vector
 .text.SERCOM0_Handler
                0x00001aa8       0x10 src/ASF/sam0/drivers/sercom/sercom_interrupt.o
                0x00001aa8                SERCOM0_Handler
 .text.SERCOM1_Handler
                0x00001ab8       0x10 src/ASF/sam0/drivers/sercom/sercom_interrupt.o
                0x00001ab8                SERCOM1_Handler
 .text.SERCOM2_Handler
                0x00001ac8       0x10 src/ASF/sam0/drivers/sercom/sercom_interrupt.o
                0x00001ac8                SERCOM2_Handler
 .text.SERCOM3_Handler
                0x00001ad8       0x10 src/ASF/sam0/drivers/sercom/sercom_interrupt.o
                0x00001ad8                SERCOM3_Handler
 .text.SERCOM4_Handler
                0x00001ae8       0x10 src/ASF/sam0/drivers/sercom/sercom_interrupt.o
                0x00001ae8                SERCOM4_Handler
 .text.SERCOM5_Handler
                0x00001af8       0x10 src/ASF/sam0/drivers/sercom/sercom_interrupt.o
                0x00001af8                SERCOM5_Handler
 .text._usart_wait_for_sync
                0x00001b08        0xa src/ASF/sam0/drivers/sercom/usart/usart.o
 *fill*         0x00001b12        0x2 
 .text.usart_init
                0x00001b14      0x2d8 src/ASF/sam0/drivers/sercom/usart/usart.o
                0x00001b14                usart_init
 .text._usart_read_buffer
                0x00001dec       0x50 src/ASF/sam0/drivers/sercom/usart/usart_interrupt.o
                0x00001dec                _usart_read_buffer
 .text.usart_register_callback
                0x00001e3c       0x18 src/ASF/sam0/drivers/sercom/usart/usart_interrupt.o
                0x00001e3c                usart_register_callback
 .text.usart_read_buffer_job
                0x00001e54       0x20 src/ASF/sam0/drivers/sercom/usart/usart_interrupt.o
                0x00001e54                usart_read_buffer_job
 .text._usart_interrupt_handler
                0x00001e74      0x164 src/ASF/sam0/drivers/sercom/usart/usart_interrupt.o
                0x00001e74                _usart_interrupt_handler
 .text._system_dfll_wait_for_sync
                0x00001fd8       0x10 src/ASF/sam0/drivers/system/clock/clock_samd21_r21_da/clock.o
 .text.system_clock_source_enable.part.0
                0x00001fe8       0x38 src/ASF/sam0/drivers/system/clock/clock_samd21_r21_da/clock.o
 .text.system_clock_source_get_hz
                0x00002020       0x8c src/ASF/sam0/drivers/system/clock/clock_samd21_r21_da/clock.o
                0x00002020                system_clock_source_get_hz
 .text.system_clock_source_osc8m_set_config
                0x000020ac       0x3c src/ASF/sam0/drivers/system/clock/clock_samd21_r21_da/clock.o
                0x000020ac                system_clock_source_osc8m_set_config
 .text.system_clock_source_dfll_set_config
                0x000020e8       0x80 src/ASF/sam0/drivers/system/clock/clock_samd21_r21_da/clock.o
                0x000020e8                system_clock_source_dfll_set_config
 .text.system_clock_source_enable
                0x00002168       0x68 src/ASF/sam0/drivers/system/clock/clock_samd21_r21_da/clock.o
                0x00002168                system_clock_source_enable
 .text.system_clock_init
                0x000021d0      0x114 src/ASF/sam0/drivers/system/clock/clock_samd21_r21_da/clock.o
                0x000021d0                system_clock_init
 .text.system_gclk_is_syncing
                0x000022e4        0xc src/ASF/sam0/drivers/system/clock/clock_samd21_r21_da/gclk.o
 .text.system_gclk_init
                0x000022f0       0x20 src/ASF/sam0/drivers/system/clock/clock_samd21_r21_da/gclk.o
                0x000022f0                system_gclk_init
 .text.system_gclk_gen_set_config
                0x00002310       0xa4 src/ASF/sam0/drivers/system/clock/clock_samd21_r21_da/gclk.o
                0x00002310                system_gclk_gen_set_config
 .text.system_gclk_gen_enable
                0x000023b4       0x40 src/ASF/sam0/drivers/system/clock/clock_samd21_r21_da/gclk.o
                0x000023b4                system_gclk_gen_enable
 .text.system_gclk_gen_get_hz
                0x000023f4       0x88 src/ASF/sam0/drivers/system/clock/clock_samd21_r21_da/gclk.o
                0x000023f4                system_gclk_gen_get_hz
 .text.system_gclk_chan_enable
                0x0000247c       0x30 src/ASF/sam0/drivers/system/clock/clock_samd21_r21_da/gclk.o
                0x0000247c                system_gclk_chan_enable
 .text.system_gclk_chan_disable
                0x000024ac       0x54 src/ASF/sam0/drivers/system/clock/clock_samd21_r21_da/gclk.o
                0x000024ac                system_gclk_chan_disable
 .text.system_gclk_chan_set_config
                0x00002500       0x1c src/ASF/sam0/drivers/system/clock/clock_samd21_r21_da/gclk.o
                0x00002500                system_gclk_chan_set_config
 .text.system_gclk_chan_get_hz
                0x0000251c       0x34 src/ASF/sam0/drivers/system/clock/clock_samd21_r21_da/gclk.o
                0x0000251c                system_gclk_chan_get_hz
 .text._system_pinmux_config
                0x00002550       0x84 src/ASF/sam0/drivers/system/pinmux/pinmux.o
 .text.system_pinmux_pin_set_config
                0x000025d4       0x30 src/ASF/sam0/drivers/system/pinmux/pinmux.o
                0x000025d4                system_pinmux_pin_set_config
 .text._system_dummy_init
                0x00002604        0x2 src/ASF/sam0/drivers/system/system.o
                0x00002604                _system_events_init
                0x00002604                _system_dummy_init
                0x00002604                _system_divas_init
 *fill*         0x00002606        0x2 
 .text.system_init
                0x00002608       0x2c src/ASF/sam0/drivers/system/system.o
                0x00002608                system_init
 .text.cpu_irq_save
                0x00002634       0x24 src/ASF/sam0/drivers/usb/stack_interface/usb_device_udd.o
 .text.udd_ep_get_job
                0x00002658       0x1c src/ASF/sam0/drivers/usb/stack_interface/usb_device_udd.o
 .text.udd_ep_transfer_process
                0x00002674      0x180 src/ASF/sam0/drivers/usb/stack_interface/usb_device_udd.o
 .text.udd_ctrl_stall_data
                0x000027f4       0x2c src/ASF/sam0/drivers/usb/stack_interface/usb_device_udd.o
 .text._usb_on_bus_reset
                0x00002820       0xac src/ASF/sam0/drivers/usb/stack_interface/usb_device_udd.o
 .text.udd_ctrl_send_zlp_in
                0x000028cc       0x3c src/ASF/sam0/drivers/usb/stack_interface/usb_device_udd.o
 .text._usb_ep0_on_tansfer_fail
                0x00002908       0x48 src/ASF/sam0/drivers/usb/stack_interface/usb_device_udd.o
 .text.udd_ctrl_in_sent
                0x00002950       0x9c src/ASF/sam0/drivers/usb/stack_interface/usb_device_udd.o
 .text._usb_on_sof_notify
                0x000029ec       0x14 src/ASF/sam0/drivers/usb/stack_interface/usb_device_udd.o
 .text.cpu_irq_restore
                0x00002a00       0x18 src/ASF/sam0/drivers/usb/stack_interface/usb_device_udd.o
 .text.udd_sleep_mode
                0x00002a18       0x7c src/ASF/sam0/drivers/usb/stack_interface/usb_device_udd.o
 .text._usb_device_lpm_suspend
                0x00002a94       0x58 src/ASF/sam0/drivers/usb/stack_interface/usb_device_udd.o
 .text._usb_on_suspend
                0x00002aec       0x34 src/ASF/sam0/drivers/usb/stack_interface/usb_device_udd.o
 .text.udd_wait_clock_ready
                0x00002b20       0x20 src/ASF/sam0/drivers/usb/stack_interface/usb_device_udd.o
 .text._usb_on_wakeup
                0x00002b40       0x54 src/ASF/sam0/drivers/usb/stack_interface/usb_device_udd.o
 .text._usb_ep0_on_setup
                0x00002b94       0xcc src/ASF/sam0/drivers/usb/stack_interface/usb_device_udd.o
 .text.udd_ep_abort
                0x00002c60       0x3c src/ASF/sam0/drivers/usb/stack_interface/usb_device_udd.o
                0x00002c60                udd_ep_abort
 .text.udd_is_high_speed
                0x00002c9c        0x4 src/ASF/sam0/drivers/usb/stack_interface/usb_device_udd.o
                0x00002c9c                udd_is_high_speed
 .text.udd_get_frame_number
                0x00002ca0       0x10 src/ASF/sam0/drivers/usb/stack_interface/usb_device_udd.o
                0x00002ca0                udd_get_frame_number
 .text.udd_get_micro_frame_number
                0x00002cb0       0x10 src/ASF/sam0/drivers/usb/stack_interface/usb_device_udd.o
                0x00002cb0                udd_get_micro_frame_number
 .text.udd_ep_free
                0x00002cc0       0x54 src/ASF/sam0/drivers/usb/stack_interface/usb_device_udd.o
                0x00002cc0                udd_ep_free
 .text.udd_ep_alloc
                0x00002d14       0xcc src/ASF/sam0/drivers/usb/stack_interface/usb_device_udd.o
                0x00002d14                udd_ep_alloc
 .text.udd_ep_is_halted
                0x00002de0       0x14 src/ASF/sam0/drivers/usb/stack_interface/usb_device_udd.o
                0x00002de0                udd_ep_is_halted
 .text.udd_ep_set_halt
                0x00002df4       0x2c src/ASF/sam0/drivers/usb/stack_interface/usb_device_udd.o
                0x00002df4                udd_ep_set_halt
 .text._usb_ep0_on_tansfer_ok
                0x00002e20       0xdc src/ASF/sam0/drivers/usb/stack_interface/usb_device_udd.o
 .text.udd_ep_clear_halt
                0x00002efc       0x3c src/ASF/sam0/drivers/usb/stack_interface/usb_device_udd.o
                0x00002efc                udd_ep_clear_halt
 .text.udd_ep_run
                0x00002f38      0x174 src/ASF/sam0/drivers/usb/stack_interface/usb_device_udd.o
                0x00002f38                udd_ep_run
 .text.udd_set_address
                0x000030ac       0x10 src/ASF/sam0/drivers/usb/stack_interface/usb_device_udd.o
                0x000030ac                udd_set_address
 .text.udd_getaddress
                0x000030bc       0x10 src/ASF/sam0/drivers/usb/stack_interface/usb_device_udd.o
                0x000030bc                udd_getaddress
 .text.udd_send_remotewakeup
                0x000030cc       0x38 src/ASF/sam0/drivers/usb/stack_interface/usb_device_udd.o
                0x000030cc                udd_send_remotewakeup
 .text.udd_set_setup_payload
                0x00003104        0xc src/ASF/sam0/drivers/usb/stack_interface/usb_device_udd.o
                0x00003104                udd_set_setup_payload
 .text.udd_detach
                0x00003110       0x1c src/ASF/sam0/drivers/usb/stack_interface/usb_device_udd.o
                0x00003110                udd_detach
 .text.udd_attach
                0x0000312c       0x84 src/ASF/sam0/drivers/usb/stack_interface/usb_device_udd.o
                0x0000312c                udd_attach
 .text._uhd_vbus_handler
                0x000031b0       0x38 src/ASF/sam0/drivers/usb/stack_interface/usb_device_udd.o
 .text.udd_enable
                0x000031e8       0xc4 src/ASF/sam0/drivers/usb/stack_interface/usb_device_udd.o
                0x000031e8                udd_enable
 .text.usb_device_register_callback
                0x000032ac       0x20 src/ASF/sam0/drivers/usb/usb_sam_d_r/usb.o
                0x000032ac                usb_device_register_callback
 .text.usb_device_enable_callback
                0x000032cc       0x20 src/ASF/sam0/drivers/usb/usb_sam_d_r/usb.o
                0x000032cc                usb_device_enable_callback
 .text.usb_device_disable_callback
                0x000032ec       0x1c src/ASF/sam0/drivers/usb/usb_sam_d_r/usb.o
                0x000032ec                usb_device_disable_callback
 .text.usb_device_endpoint_register_callback
                0x00003308       0x28 src/ASF/sam0/drivers/usb/usb_sam_d_r/usb.o
                0x00003308                usb_device_endpoint_register_callback
 .text.usb_device_endpoint_unregister_callback
                0x00003330       0x28 src/ASF/sam0/drivers/usb/usb_sam_d_r/usb.o
                0x00003330                usb_device_endpoint_unregister_callback
 .text.usb_device_endpoint_enable_callback
                0x00003358       0x90 src/ASF/sam0/drivers/usb/usb_sam_d_r/usb.o
                0x00003358                usb_device_endpoint_enable_callback
 .text.usb_device_endpoint_disable_callback
                0x000033e8       0x90 src/ASF/sam0/drivers/usb/usb_sam_d_r/usb.o
                0x000033e8                usb_device_endpoint_disable_callback
 .text.usb_device_endpoint_get_config_defaults
                0x00003478        0xe src/ASF/sam0/drivers/usb/usb_sam_d_r/usb.o
                0x00003478                usb_device_endpoint_get_config_defaults
 *fill*         0x00003486        0x2 
 .text.usb_device_endpoint_set_config
                0x00003488      0x18c src/ASF/sam0/drivers/usb/usb_sam_d_r/usb.o
                0x00003488                usb_device_endpoint_set_config
 .text.usb_device_endpoint_abort_job
                0x00003614       0x2c src/ASF/sam0/drivers/usb/usb_sam_d_r/usb.o
                0x00003614                usb_device_endpoint_abort_job
 .text.usb_device_endpoint_is_halted
                0x00003640       0x1e src/ASF/sam0/drivers/usb/usb_sam_d_r/usb.o
                0x00003640                usb_device_endpoint_is_halted
 .text.usb_device_endpoint_set_halt
                0x0000365e       0x1a src/ASF/sam0/drivers/usb/usb_sam_d_r/usb.o
                0x0000365e                usb_device_endpoint_set_halt
 .text.usb_device_endpoint_clear_halt
                0x00003678       0x60 src/ASF/sam0/drivers/usb/usb_sam_d_r/usb.o
                0x00003678                usb_device_endpoint_clear_halt
 .text.usb_device_endpoint_write_buffer_job
                0x000036d8       0x4c src/ASF/sam0/drivers/usb/usb_sam_d_r/usb.o
                0x000036d8                usb_device_endpoint_write_buffer_job
 .text.usb_device_endpoint_read_buffer_job
                0x00003724       0x48 src/ASF/sam0/drivers/usb/usb_sam_d_r/usb.o
                0x00003724                usb_device_endpoint_read_buffer_job
 .text.usb_device_endpoint_setup_buffer_job
                0x0000376c       0x30 src/ASF/sam0/drivers/usb/usb_sam_d_r/usb.o
                0x0000376c                usb_device_endpoint_setup_buffer_job
 .text.usb_enable
                0x0000379c       0x14 src/ASF/sam0/drivers/usb/usb_sam_d_r/usb.o
                0x0000379c                usb_enable
 .text.USB_Handler
                0x000037b0      0x3c0 src/ASF/sam0/drivers/usb/usb_sam_d_r/usb.o
                0x000037b0                USB_Handler
 .text.usb_get_config_defaults
                0x00003b70        0xe src/ASF/sam0/drivers/usb/usb_sam_d_r/usb.o
                0x00003b70                usb_get_config_defaults
 *fill*         0x00003b7e        0x2 
 .text.usb_init
                0x00003b80      0x1dc src/ASF/sam0/drivers/usb/usb_sam_d_r/usb.o
                0x00003b80                usb_init
 .text.Dummy_Handler
                0x00003d5c        0x2 src/ASF/sam0/utils/cmsis/samd21/source/gcc/startup_samd21.o
                0x00003d5c                DMAC_Handler
                0x00003d5c                HardFault_Handler
                0x00003d5c                AC_Handler
                0x00003d5c                SysTick_Handler
                0x00003d5c                PendSV_Handler
                0x00003d5c                NMI_Handler
                0x00003d5c                TCC1_Handler
                0x00003d5c                TCC0_Handler
                0x00003d5c                RTC_Handler
                0x00003d5c                WDT_Handler
                0x00003d5c                Dummy_Handler
                0x00003d5c                PM_Handler
                0x00003d5c                SVC_Handler
                0x00003d5c                TCC2_Handler
                0x00003d5c                EVSYS_Handler
                0x00003d5c                I2S_Handler
                0x00003d5c                NVMCTRL_Handler
                0x00003d5c                DAC_Handler
                0x00003d5c                PTC_Handler
                0x00003d5c                SYSCTRL_Handler
 *fill*         0x00003d5e        0x2 
 .text.Reset_Handler
                0x00003d60       0xbc src/ASF/sam0/utils/cmsis/samd21/source/gcc/startup_samd21.o
                0x00003d60                Reset_Handler
 .text.adc_complete_callback
                0x00003e1c        0xc src/main.o
                0x00003e1c                adc_complete_callback
 .text.configure_adc
                0x00003e28       0x54 src/main.o
                0x00003e28                configure_adc
 .text.configure_adc_callbacks
                0x00003e7c       0x24 src/main.o
                0x00003e7c                configure_adc_callbacks
 .text.main_suspend_action
                0x00003ea0        0xc src/main.o
                0x00003ea0                main_suspend_action
 .text.main_resume_action
                0x00003eac        0xc src/main.o
                0x00003eac                main_resume_action
 .text.main_sof_action
                0x00003eb8       0x20 src/main.o
                0x00003eb8                main_sof_action
 .text.main_suspend_lpm_action
                0x00003ed8        0xc src/main.o
                0x00003ed8                main_suspend_lpm_action
 .text.main_remotewakeup_lpm_disable
                0x00003ee4        0xc src/main.o
                0x00003ee4                main_remotewakeup_lpm_disable
 .text.main_remotewakeup_lpm_enable
                0x00003ef0        0xc src/main.o
                0x00003ef0                main_remotewakeup_lpm_enable
 .text.main_cdc_enable
                0x00003efc       0x18 src/main.o
                0x00003efc                main_cdc_enable
 .text.main_cdc_disable
                0x00003f14       0x18 src/main.o
                0x00003f14                main_cdc_disable
 .text.main_cdc_set_dtr
                0x00003f2c       0x18 src/main.o
                0x00003f2c                main_cdc_set_dtr
 .text.startup.main
                0x00003f44       0x60 src/main.o
                0x00003f44                main
 .text.usart_rx_callback
                0x00003fa4       0x54 src/uart_samd.o
 .text.usart_tx_callback
                0x00003ff8       0x58 src/uart_samd.o
 .text.usart_enable.constprop.3
                0x00004050       0x38 src/uart_samd.o
 .text.usart_disable.constprop.2
                0x00004088       0x38 src/uart_samd.o
 .text.uart_rx_notify
                0x000040c0       0x4c src/uart_samd.o
                0x000040c0                uart_rx_notify
 .text.uart_config
                0x0000410c      0x138 src/uart_samd.o
                0x0000410c                uart_config
 .text.uart_open
                0x00004244        0xc src/uart_samd.o
                0x00004244                uart_open
 .text.uart_close
                0x00004250        0xc src/uart_samd.o
                0x00004250                uart_close
 .text          0x0000425c       0x14 d:/atmel studio 7/7.0/toolchain/arm/arm-gnu-toolchain/bin/../lib/gcc/arm-none-eabi/4.9.3/armv6-m\libgcc.a(_thumb1_case_uqi.o)
                0x0000425c                __gnu_thumb1_case_uqi
 .text          0x00004270      0x120 d:/atmel studio 7/7.0/toolchain/arm/arm-gnu-toolchain/bin/../lib/gcc/arm-none-eabi/4.9.3/armv6-m\libgcc.a(_udivsi3.o)
                0x00004270                __aeabi_uidiv
                0x00004270                __udivsi3
                0x0000437c                __aeabi_uidivmod
 .text          0x00004390      0x1e0 d:/atmel studio 7/7.0/toolchain/arm/arm-gnu-toolchain/bin/../lib/gcc/arm-none-eabi/4.9.3/armv6-m\libgcc.a(_divsi3.o)
                0x00004390                __divsi3
                0x00004390                __aeabi_idiv
                0x0000455c                __aeabi_idivmod
 .text          0x00004570        0x4 d:/atmel studio 7/7.0/toolchain/arm/arm-gnu-toolchain/bin/../lib/gcc/arm-none-eabi/4.9.3/armv6-m\libgcc.a(_dvmd_tls.o)
                0x00004570                __aeabi_idiv0
                0x00004570                __aeabi_ldiv0
 .text          0x00004574       0x18 d:/atmel studio 7/7.0/toolchain/arm/arm-gnu-toolchain/bin/../lib/gcc/arm-none-eabi/4.9.3/armv6-m\libgcc.a(_ashldi3.o)
                0x00004574                __aeabi_llsl
                0x00004574                __ashldi3
 .text          0x0000458c       0x40 d:/atmel studio 7/7.0/toolchain/arm/arm-gnu-toolchain/bin/../lib/gcc/arm-none-eabi/4.9.3/armv6-m\libgcc.a(_ctzsi2.o)
                0x0000458c                __ctzsi2
 .text          0x000045cc       0x54 d:/atmel studio 7/7.0/toolchain/arm/arm-gnu-toolchain/bin/../lib/gcc/arm-none-eabi/4.9.3/armv6-m\libgcc.a(_muldi3.o)
                0x000045cc                __muldi3
                0x000045cc                __aeabi_lmul
 .text.__libc_init_array
                0x00004620       0x4c d:/atmel studio 7/7.0/toolchain/arm/arm-gnu-toolchain/bin/../lib/gcc/arm-none-eabi/4.9.3/../../../../arm-none-eabi/lib/armv6-m\libc_nano.a(lib_a-init.o)
                0x00004620                __libc_init_array
 .text.memcpy   0x0000466c       0x12 d:/atmel studio 7/7.0/toolchain/arm/arm-gnu-toolchain/bin/../lib/gcc/arm-none-eabi/4.9.3/../../../../arm-none-eabi/lib/armv6-m\libc_nano.a(lib_a-memcpy.o)
                0x0000466c                memcpy
 .text.memset   0x0000467e       0x10 d:/atmel studio 7/7.0/toolchain/arm/arm-gnu-toolchain/bin/../lib/gcc/arm-none-eabi/4.9.3/../../../../arm-none-eabi/lib/armv6-m\libc_nano.a(lib_a-memset.o)
                0x0000467e                memset
 *(.glue_7t)
 .glue_7t       0x00000000        0x0 linker stubs
 *(.glue_7)
 .glue_7        0x00000000        0x0 linker stubs
 *(.rodata .rodata* .gnu.linkonce.r.*)
 *fill*         0x0000468e        0x2 
 .rodata        0x00004690       0x50 src/ASF/sam0/drivers/adc/adc_sam_d_r/adc.o
 .rodata        0x000046e0       0x18 src/ASF/sam0/drivers/sercom/sercom.o
 .rodata        0x000046f8        0x6 src/ASF/sam0/drivers/sercom/sercom_interrupt.o
 .rodata        0x000046fe        0x4 src/ASF/sam0/drivers/usb/stack_interface/usb_device_udd.o
 .rodata._usb_device_irq_bits
                0x00004702        0xe src/ASF/sam0/drivers/usb/usb_sam_d_r/usb.o
 .rodata._usb_endpoint_irq_bits
                0x00004710        0x4 src/ASF/sam0/drivers/usb/usb_sam_d_r/usb.o
 .rodata.str1.1
                0x00004714       0x23 src/uart_samd.o
 *(.ARM.extab* .gnu.linkonce.armextab.*)
                0x00004738                . = ALIGN (0x4)
 *fill*         0x00004737        0x1 
 *(.init)
 .init          0x00004738        0x4 d:/atmel studio 7/7.0/toolchain/arm/arm-gnu-toolchain/bin/../lib/gcc/arm-none-eabi/4.9.3/armv6-m/crti.o
                0x00004738                _init
 .init          0x0000473c        0x8 d:/atmel studio 7/7.0/toolchain/arm/arm-gnu-toolchain/bin/../lib/gcc/arm-none-eabi/4.9.3/armv6-m/crtn.o
                0x00004744                . = ALIGN (0x4)
                0x00004744                __preinit_array_start = .
 *(.preinit_array)
                0x00004744                __preinit_array_end = .
                0x00004744                . = ALIGN (0x4)
                0x00004744                __init_array_start = .
 *(SORT(.init_array.*))
 *(.init_array)
 .init_array    0x00004744        0x4 d:/atmel studio 7/7.0/toolchain/arm/arm-gnu-toolchain/bin/../lib/gcc/arm-none-eabi/4.9.3/armv6-m/crtbegin.o
                0x00004748                __init_array_end = .
                0x00004748                . = ALIGN (0x4)
 *crtbegin.o(.ctors)
 *(EXCLUDE_FILE(*crtend.o) .ctors)
 *(SORT(.ctors.*))
 *crtend.o(.ctors)
                0x00004748                . = ALIGN (0x4)
 *(.fini)
 .fini          0x00004748        0x4 d:/atmel studio 7/7.0/toolchain/arm/arm-gnu-toolchain/bin/../lib/gcc/arm-none-eabi/4.9.3/armv6-m/crti.o
                0x00004748                _fini
 .fini          0x0000474c        0x8 d:/atmel studio 7/7.0/toolchain/arm/arm-gnu-toolchain/bin/../lib/gcc/arm-none-eabi/4.9.3/armv6-m/crtn.o
                0x00004754                . = ALIGN (0x4)
                0x00004754                __fini_array_start = .
 *(.fini_array)
 .fini_array    0x00004754        0x4 d:/atmel studio 7/7.0/toolchain/arm/arm-gnu-toolchain/bin/../lib/gcc/arm-none-eabi/4.9.3/armv6-m/crtbegin.o
 *(SORT(.fini_array.*))
                0x00004758                __fini_array_end = .
 *crtbegin.o(.dtors)
 *(EXCLUDE_FILE(*crtend.o) .dtors)
 *(SORT(.dtors.*))
 *crtend.o(.dtors)
                0x00004758                . = ALIGN (0x4)
                0x00004758                _efixed = .
                0x00004758                PROVIDE (__exidx_start, .)

.vfp11_veneer   0x00004758        0x0
 .vfp11_veneer  0x00000000        0x0 linker stubs

.v4_bx          0x00004758        0x0
 .v4_bx         0x00000000        0x0 linker stubs

.iplt           0x00004758        0x0
 .iplt          0x00000000        0x0 d:/atmel studio 7/7.0/toolchain/arm/arm-gnu-toolchain/bin/../lib/gcc/arm-none-eabi/4.9.3/armv6-m/crtbegin.o

.eh_frame       0x00004758        0x0
 .eh_frame      0x00004758        0x0 d:/atmel studio 7/7.0/toolchain/arm/arm-gnu-toolchain/bin/../lib/gcc/arm-none-eabi/4.9.3/armv6-m/crtbegin.o

.rel.dyn        0x00004758        0x0
 .rel.iplt      0x00000000        0x0 d:/atmel studio 7/7.0/toolchain/arm/arm-gnu-toolchain/bin/../lib/gcc/arm-none-eabi/4.9.3/armv6-m/crtbegin.o

.jcr            0x00004758        0x0
 .jcr           0x00004758        0x0 d:/atmel studio 7/7.0/toolchain/arm/arm-gnu-toolchain/bin/../lib/gcc/arm-none-eabi/4.9.3/armv6-m/crtbegin.o

.igot.plt       0x00004758        0x0
 .igot.plt      0x00000000        0x0 d:/atmel studio 7/7.0/toolchain/arm/arm-gnu-toolchain/bin/../lib/gcc/arm-none-eabi/4.9.3/armv6-m/crtbegin.o

.ARM.exidx
 *(.ARM.exidx* .gnu.linkonce.armexidx.*)
                0x00004758                PROVIDE (__exidx_end, .)
                0x00004758                . = ALIGN (0x4)
                0x00004758                _etext = .

.relocate       0x20000000       0xec load address 0x00004758
                0x20000000                . = ALIGN (0x4)
                0x20000000                _srelocate = .
 *(.ramfunc .ramfunc.*)
 *(.data .data.*)
 .data.udi_api_cdc_data
                0x20000000       0x14 src/ASF/common/services/usb/class/cdc/device/udi_cdc.o
                0x20000000                udi_api_cdc_data
 .data.udi_api_cdc_comm
                0x20000014       0x14 src/ASF/common/services/usb/class/cdc/device/udi_cdc.o
                0x20000014                udi_api_cdc_comm
 .data.udc_device_lpm
                0x20000028        0xc src/ASF/common/services/usb/class/cdc/device/udi_cdc_desc.o
                0x20000028                udc_device_lpm
 .data.udc_config
                0x20000034        0xc src/ASF/common/services/usb/class/cdc/device/udi_cdc_desc.o
                0x20000034                udc_config
 .data.udi_apis
                0x20000040        0x8 src/ASF/common/services/usb/class/cdc/device/udi_cdc_desc.o
                0x20000040                udi_apis
 .data.udc_config_fs
                0x20000048        0x8 src/ASF/common/services/usb/class/cdc/device/udi_cdc_desc.o
                0x20000048                udc_config_fs
 .data.udc_device_desc
                0x20000050       0x12 src/ASF/common/services/usb/class/cdc/device/udi_cdc_desc.o
                0x20000050                udc_device_desc
 *fill*         0x20000062        0x2 
 .data.udc_desc_fs
                0x20000064       0x43 src/ASF/common/services/usb/class/cdc/device/udi_cdc_desc.o
                0x20000064                udc_desc_fs
 .data.udc_string_product_name
                0x200000a7       0x10 src/ASF/common/services/usb/udc/udc.o
 .data.udc_string_manufacturer_name
                0x200000b7        0xa src/ASF/common/services/usb/udc/udc.o
 *fill*         0x200000c1        0x3 
 .data.udc_string_desc
                0x200000c4       0x20 src/ASF/common/services/usb/udc/udc.o
 .data.udc_string_desc_languageid
                0x200000e4        0x4 src/ASF/common/services/usb/udc/udc.o
 .data.g_interrupt_enabled
                0x200000e8        0x1 src/ASF/common/utils/interrupt/interrupt_sam_nvic.o
                0x200000e8                g_interrupt_enabled
                0x200000ec                . = ALIGN (0x4)
 *fill*         0x200000e9        0x3 
                0x200000ec                _erelocate = .

.bss            0x200000ec      0xbcc load address 0x00004844
                0x200000ec                . = ALIGN (0x4)
                0x200000ec                _sbss = .
                0x200000ec                _szero = .
 *(.bss .bss.*)
 .bss           0x200000ec       0x1c d:/atmel studio 7/7.0/toolchain/arm/arm-gnu-toolchain/bin/../lib/gcc/arm-none-eabi/4.9.3/armv6-m/crtbegin.o
 .bss.udi_cdc_line_coding
                0x20000108        0x7 src/ASF/common/services/usb/class/cdc/device/udi_cdc.o
 .bss.udi_cdc_nb_data_enabled
                0x2000010f        0x1 src/ASF/common/services/usb/class/cdc/device/udi_cdc.o
 .bss.udi_cdc_tx_buf_sel
                0x20000110        0x1 src/ASF/common/services/usb/class/cdc/device/udi_cdc.o
 *fill*         0x20000111        0x1 
 .bss.sof_zlp_counter.12335
                0x20000112        0x2 src/ASF/common/services/usb/class/cdc/device/udi_cdc.o
 .bss.udi_cdc_tx_buf_nb
                0x20000114        0x4 src/ASF/common/services/usb/class/cdc/device/udi_cdc.o
 .bss.udi_cdc_tx_buf
                0x20000118      0x280 src/ASF/common/services/usb/class/cdc/device/udi_cdc.o
 .bss.udi_cdc_rx_buf_nb
                0x20000398        0x4 src/ASF/common/services/usb/class/cdc/device/udi_cdc.o
 .bss.udi_cdc_nb_comm_enabled
                0x2000039c        0x1 src/ASF/common/services/usb/class/cdc/device/udi_cdc.o
 .bss.udi_cdc_serial_state_msg_ongoing
                0x2000039d        0x1 src/ASF/common/services/usb/class/cdc/device/udi_cdc.o
 .bss.udi_cdc_rx_pos
                0x2000039e        0x2 src/ASF/common/services/usb/class/cdc/device/udi_cdc.o
 .bss.udi_cdc_tx_sof_num
                0x200003a0        0x2 src/ASF/common/services/usb/class/cdc/device/udi_cdc.o
 .bss.udi_cdc_data_running
                0x200003a2        0x1 src/ASF/common/services/usb/class/cdc/device/udi_cdc.o
 .bss.udi_cdc_rx_buf_sel
                0x200003a3        0x1 src/ASF/common/services/usb/class/cdc/device/udi_cdc.o
 .bss.udi_cdc_tx_trans_ongoing
                0x200003a4        0x1 src/ASF/common/services/usb/class/cdc/device/udi_cdc.o
 *fill*         0x200003a5        0x3 
 .bss.uid_cdc_state_msg
                0x200003a8        0xa src/ASF/common/services/usb/class/cdc/device/udi_cdc.o
 *fill*         0x200003b2        0x2 
 .bss.udi_cdc_rx_buf
                0x200003b4      0x280 src/ASF/common/services/usb/class/cdc/device/udi_cdc.o
 .bss.udi_cdc_rx_trans_ongoing
                0x20000634        0x1 src/ASF/common/services/usb/class/cdc/device/udi_cdc.o
 .bss.udi_cdc_tx_both_buf_to_send
                0x20000635        0x1 src/ASF/common/services/usb/class/cdc/device/udi_cdc.o
 .bss.udi_cdc_state
                0x20000636        0x2 src/ASF/common/services/usb/class/cdc/device/udi_cdc.o
 .bss.udc_ep_status.12002
                0x20000638        0x2 src/ASF/common/services/usb/udc/udc.o
 *fill*         0x2000063a        0x2 
 .bss.udc_ptr_conf
                0x2000063c        0x4 src/ASF/common/services/usb/udc/udc.o
 .bss.udc_iface_setting
                0x20000640        0x1 src/ASF/common/services/usb/udc/udc.o
 *fill*         0x20000641        0x1 
 .bss.udc_device_status
                0x20000642        0x2 src/ASF/common/services/usb/udc/udc.o
 .bss.udc_num_configuration
                0x20000644        0x1 src/ASF/common/services/usb/udc/udc.o
 *fill*         0x20000645        0x3 
 .bss.udc_ptr_iface
                0x20000648        0x4 src/ASF/common/services/usb/udc/udc.o
 .bss.cpu_irq_critical_section_counter
                0x2000064c        0x4 src/ASF/common/utils/interrupt/interrupt_sam_nvic.o
 .bss.cpu_irq_prev_interrupt_state
                0x20000650        0x1 src/ASF/common/utils/interrupt/interrupt_sam_nvic.o
 .bss._sercom_config
                0x20000651        0x2 src/ASF/sam0/drivers/sercom/sercom.o
 .bss._handler_table_initialized
                0x20000653        0x1 src/ASF/sam0/drivers/sercom/sercom_interrupt.o
 .bss._sercom_interrupt_handlers
                0x20000654       0x18 src/ASF/sam0/drivers/sercom/sercom_interrupt.o
 .bss._system_clock_inst
                0x2000066c       0x18 src/ASF/sam0/drivers/system/clock/clock_samd21_r21_da/clock.o
 .bss.udd_ctrl_prev_payload_nb_trans
                0x20000684        0x2 src/ASF/sam0/drivers/usb/stack_interface/usb_device_udd.o
 *fill*         0x20000686        0x2 
 .bss.udd_ep_job
                0x20000688       0x78 src/ASF/sam0/drivers/usb/stack_interface/usb_device_udd.o
 .bss.udd_ctrl_payload_nb_trans
                0x20000700        0x2 src/ASF/sam0/drivers/usb/stack_interface/usb_device_udd.o
 .bss.b_shortpacket.13261
                0x20000702        0x1 src/ASF/sam0/drivers/usb/stack_interface/usb_device_udd.o
 .bss.udd_ep_control_state
                0x20000703        0x1 src/ASF/sam0/drivers/usb/stack_interface/usb_device_udd.o
 .bss.udd_state.13118
                0x20000704        0x1 src/ASF/sam0/drivers/usb/stack_interface/usb_device_udd.o
 *fill*         0x20000705        0x3 
 .bss.device_callback_lpm_wakeup_enable
                0x20000708        0x4 src/ASF/sam0/drivers/usb/usb_sam_d_r/usb.o
 .bss.pipe_callback_para
                0x2000070c        0x6 src/ASF/sam0/drivers/usb/usb_sam_d_r/usb.o
 *fill*         0x20000712        0x2 
 .bss.host_pipe_job_busy_status
                0x20000714        0x4 src/ASF/sam0/drivers/usb/usb_sam_d_r/usb.o
                0x20000714                host_pipe_job_busy_status
 .bss.ep_callback_para
                0x20000718        0x8 src/ASF/sam0/drivers/usb/usb_sam_d_r/usb.o
 .bss._usb_instances
                0x20000720        0x4 src/ASF/sam0/drivers/usb/usb_sam_d_r/usb.o
 .bss.adc_read_done
                0x20000724        0x1 src/main.o
                0x20000724                adc_read_done
 .bss.main_b_cdc_enable
                0x20000725        0x1 src/main.o
 .bss.rx_data   0x20000726        0x1 src/uart_samd.o
 *(COMMON)
 *fill*         0x20000727        0x1 
 COMMON         0x20000728        0x4 src/ASF/sam0/drivers/adc/adc_sam_d_r/adc_callback.o
                0x20000728                _adc_instances
 COMMON         0x2000072c       0x14 src/ASF/sam0/drivers/tc/tc_interrupt.o
                0x2000072c                _tc_instances
 COMMON         0x20000740        0x5 src/ASF/common/services/sleepmgr/samd/sleepmgr.o
                0x20000740                sleepmgr_locks
 COMMON         0x20000745        0x1 src/ASF/sam0/drivers/extint/extint_callback.o
                0x20000745                _current_channel
 *fill*         0x20000746        0x2 
 COMMON         0x20000748       0x40 src/ASF/sam0/drivers/extint/extint_sam_d_r/extint.o
                0x20000748                _extint_dev
 COMMON         0x20000788       0x18 src/ASF/sam0/drivers/sercom/sercom_interrupt.o
                0x20000788                _sercom_instances
 COMMON         0x200007a0      0x280 src/ASF/sam0/drivers/usb/stack_interface/usb_device_udd.o
                0x200007a0                udd_ep_out_cache_buffer
                0x20000860                usb_device
                0x200009c8                udd_g_ctrlreq
                0x200009e0                udd_ctrl_buffer
 COMMON         0x20000a20      0x100 src/ASF/sam0/drivers/usb/usb_sam_d_r/usb.o
                0x20000a20                usb_descriptor_table
 COMMON         0x20000b20      0x124 src/main.o
                0x20000b20                charge_signal_adc_result
                0x20000b22                adc_result_buffer
                0x20000c22                discharge_signal_adc_result
                0x20000c24                adc_instance
 COMMON         0x20000c44       0x74 src/uart_samd.o
                0x20000c44                usart_conf
                0x20000c84                usart_module_edbg
                0x20000cb8                . = ALIGN (0x4)
                0x20000cb8                _ebss = .
                0x20000cb8                _ezero = .

.stack          0x20000cb8     0x2000 load address 0x00005410
                0x20000cb8                . = ALIGN (0x8)
                0x20000cb8                _sstack = .
                0x20002cb8                . = (. + STACK_SIZE)
 *fill*         0x20000cb8     0x2000 
                0x20002cb8                . = ALIGN (0x8)
                0x20002cb8                _estack = .
                0x20002cb8                . = ALIGN (0x4)
                0x20002cb8                _end = .
OUTPUT(DEVICE_EXAMPLE1.elf elf32-littlearm)

.ARM.attributes
                0x00000000       0x28
 .ARM.attributes
                0x00000000       0x1e d:/atmel studio 7/7.0/toolchain/arm/arm-gnu-toolchain/bin/../lib/gcc/arm-none-eabi/4.9.3/armv6-m/crti.o
 .ARM.attributes
                0x0000001e       0x2c d:/atmel studio 7/7.0/toolchain/arm/arm-gnu-toolchain/bin/../lib/gcc/arm-none-eabi/4.9.3/armv6-m/crtbegin.o
 .ARM.attributes
                0x0000004a       0x32 src/ASF/sam0/drivers/adc/adc_sam_d_r/adc.o
 .ARM.attributes
                0x0000007c       0x32 src/ASF/sam0/drivers/adc/adc_sam_d_r/adc_callback.o
 .ARM.attributes
                0x000000ae       0x32 src/ASF/sam0/drivers/tc/tc_interrupt.o
 .ARM.attributes
                0x000000e0       0x32 src/ASF/common/services/usb/class/cdc/device/example/samd21j18a_samd21_xplained_pro/ui.o
 .ARM.attributes
                0x00000112       0x32 src/ASF/common/services/sleepmgr/samd/sleepmgr.o
 .ARM.attributes
                0x00000144       0x32 src/ASF/common/services/usb/class/cdc/device/udi_cdc.o
 .ARM.attributes
                0x00000176       0x32 src/ASF/common/services/usb/class/cdc/device/udi_cdc_desc.o
 .ARM.attributes
                0x000001a8       0x32 src/ASF/common/services/usb/udc/udc.o
 .ARM.attributes
                0x000001da       0x32 src/ASF/common/utils/interrupt/interrupt_sam_nvic.o
 .ARM.attributes
                0x0000020c       0x32 src/ASF/sam0/boards/samd21_xplained_pro/board_init.o
 .ARM.attributes
                0x0000023e       0x32 src/ASF/sam0/drivers/extint/extint_callback.o
 .ARM.attributes
                0x00000270       0x32 src/ASF/sam0/drivers/extint/extint_sam_d_r/extint.o
 .ARM.attributes
                0x000002a2       0x32 src/ASF/sam0/drivers/port/port.o
 .ARM.attributes
                0x000002d4       0x32 src/ASF/sam0/drivers/sercom/sercom.o
 .ARM.attributes
                0x00000306       0x32 src/ASF/sam0/drivers/sercom/sercom_interrupt.o
 .ARM.attributes
                0x00000338       0x32 src/ASF/sam0/drivers/sercom/usart/usart.o
 .ARM.attributes
                0x0000036a       0x32 src/ASF/sam0/drivers/sercom/usart/usart_interrupt.o
 .ARM.attributes
                0x0000039c       0x32 src/ASF/sam0/drivers/system/clock/clock_samd21_r21_da/clock.o
 .ARM.attributes
                0x000003ce       0x32 src/ASF/sam0/drivers/system/clock/clock_samd21_r21_da/gclk.o
 .ARM.attributes
                0x00000400       0x32 src/ASF/sam0/drivers/system/pinmux/pinmux.o
 .ARM.attributes
                0x00000432       0x32 src/ASF/sam0/drivers/system/system.o
 .ARM.attributes
                0x00000464       0x32 src/ASF/sam0/drivers/usb/stack_interface/usb_device_udd.o
 .ARM.attributes
                0x00000496       0x32 src/ASF/sam0/drivers/usb/usb_sam_d_r/usb.o
 .ARM.attributes
                0x000004c8       0x32 src/ASF/sam0/utils/cmsis/samd21/source/gcc/startup_samd21.o
 .ARM.attributes
                0x000004fa       0x32 src/main.o
 .ARM.attributes
                0x0000052c       0x32 src/uart_samd.o
 .ARM.attributes
                0x0000055e       0x1e d:/atmel studio 7/7.0/toolchain/arm/arm-gnu-toolchain/bin/../lib/gcc/arm-none-eabi/4.9.3/armv6-m\libgcc.a(_thumb1_case_uqi.o)
 .ARM.attributes
                0x0000057c       0x1e d:/atmel studio 7/7.0/toolchain/arm/arm-gnu-toolchain/bin/../lib/gcc/arm-none-eabi/4.9.3/armv6-m\libgcc.a(_udivsi3.o)
 .ARM.attributes
                0x0000059a       0x1e d:/atmel studio 7/7.0/toolchain/arm/arm-gnu-toolchain/bin/../lib/gcc/arm-none-eabi/4.9.3/armv6-m\libgcc.a(_divsi3.o)
 .ARM.attributes
                0x000005b8       0x1e d:/atmel studio 7/7.0/toolchain/arm/arm-gnu-toolchain/bin/../lib/gcc/arm-none-eabi/4.9.3/armv6-m\libgcc.a(_dvmd_tls.o)
 .ARM.attributes
                0x000005d6       0x1e d:/atmel studio 7/7.0/toolchain/arm/arm-gnu-toolchain/bin/../lib/gcc/arm-none-eabi/4.9.3/armv6-m\libgcc.a(_ashldi3.o)
 .ARM.attributes
                0x000005f4       0x1e d:/atmel studio 7/7.0/toolchain/arm/arm-gnu-toolchain/bin/../lib/gcc/arm-none-eabi/4.9.3/armv6-m\libgcc.a(_ctzsi2.o)
 .ARM.attributes
                0x00000612       0x2c d:/atmel studio 7/7.0/toolchain/arm/arm-gnu-toolchain/bin/../lib/gcc/arm-none-eabi/4.9.3/armv6-m\libgcc.a(_muldi3.o)
 .ARM.attributes
                0x0000063e       0x2c d:/atmel studio 7/7.0/toolchain/arm/arm-gnu-toolchain/bin/../lib/gcc/arm-none-eabi/4.9.3/../../../../arm-none-eabi/lib/armv6-m\libc_nano.a(lib_a-init.o)
 .ARM.attributes
                0x0000066a       0x2c d:/atmel studio 7/7.0/toolchain/arm/arm-gnu-toolchain/bin/../lib/gcc/arm-none-eabi/4.9.3/../../../../arm-none-eabi/lib/armv6-m\libc_nano.a(lib_a-memcpy.o)
 .ARM.attributes
                0x00000696       0x2c d:/atmel studio 7/7.0/toolchain/arm/arm-gnu-toolchain/bin/../lib/gcc/arm-none-eabi/4.9.3/../../../../arm-none-eabi/lib/armv6-m\libc_nano.a(lib_a-memset.o)
 .ARM.attributes
                0x000006c2       0x1e d:/atmel studio 7/7.0/toolchain/arm/arm-gnu-toolchain/bin/../lib/gcc/arm-none-eabi/4.9.3/armv6-m/crtn.o

.comment        0x00000000       0x5b
 .comment       0x00000000       0x5b src/ASF/sam0/drivers/adc/adc_sam_d_r/adc.o
                                 0x5c (size before relaxing)
 .comment       0x00000000       0x5c src/ASF/sam0/drivers/adc/adc_sam_d_r/adc_callback.o
 .comment       0x00000000       0x5c src/ASF/sam0/drivers/tc/tc_interrupt.o
 .comment       0x00000000       0x5c src/ASF/common/services/usb/class/cdc/device/example/samd21j18a_samd21_xplained_pro/ui.o
 .comment       0x00000000       0x5c src/ASF/common/services/sleepmgr/samd/sleepmgr.o
 .comment       0x00000000       0x5c src/ASF/common/services/usb/class/cdc/device/udi_cdc.o
 .comment       0x00000000       0x5c src/ASF/common/services/usb/class/cdc/device/udi_cdc_desc.o
 .comment       0x00000000       0x5c src/ASF/common/services/usb/udc/udc.o
 .comment       0x00000000       0x5c src/ASF/common/utils/interrupt/interrupt_sam_nvic.o
 .comment       0x00000000       0x5c src/ASF/sam0/boards/samd21_xplained_pro/board_init.o
 .comment       0x00000000       0x5c src/ASF/sam0/drivers/extint/extint_callback.o
 .comment       0x00000000       0x5c src/ASF/sam0/drivers/extint/extint_sam_d_r/extint.o
 .comment       0x00000000       0x5c src/ASF/sam0/drivers/port/port.o
 .comment       0x00000000       0x5c src/ASF/sam0/drivers/sercom/sercom.o
 .comment       0x00000000       0x5c src/ASF/sam0/drivers/sercom/sercom_interrupt.o
 .comment       0x00000000       0x5c src/ASF/sam0/drivers/sercom/usart/usart.o
 .comment       0x00000000       0x5c src/ASF/sam0/drivers/sercom/usart/usart_interrupt.o
 .comment       0x00000000       0x5c src/ASF/sam0/drivers/system/clock/clock_samd21_r21_da/clock.o
 .comment       0x00000000       0x5c src/ASF/sam0/drivers/system/clock/clock_samd21_r21_da/gclk.o
 .comment       0x00000000       0x5c src/ASF/sam0/drivers/system/pinmux/pinmux.o
 .comment       0x00000000       0x5c src/ASF/sam0/drivers/system/system.o
 .comment       0x00000000       0x5c src/ASF/sam0/drivers/usb/stack_interface/usb_device_udd.o
 .comment       0x00000000       0x5c src/ASF/sam0/drivers/usb/usb_sam_d_r/usb.o
 .comment       0x00000000       0x5c src/ASF/sam0/utils/cmsis/samd21/source/gcc/startup_samd21.o
 .comment       0x00000000       0x5c src/main.o
 .comment       0x00000000       0x5c src/uart_samd.o

.debug_frame    0x00000000       0xe8
 .debug_frame   0x00000000       0x20 d:/atmel studio 7/7.0/toolchain/arm/arm-gnu-toolchain/bin/../lib/gcc/arm-none-eabi/4.9.3/armv6-m\libgcc.a(_udivsi3.o)
 .debug_frame   0x00000020       0x20 d:/atmel studio 7/7.0/toolchain/arm/arm-gnu-toolchain/bin/../lib/gcc/arm-none-eabi/4.9.3/armv6-m\libgcc.a(_divsi3.o)
 .debug_frame   0x00000040       0x34 d:/atmel studio 7/7.0/toolchain/arm/arm-gnu-toolchain/bin/../lib/gcc/arm-none-eabi/4.9.3/armv6-m\libgcc.a(_muldi3.o)
 .debug_frame   0x00000074       0x2c d:/atmel studio 7/7.0/toolchain/arm/arm-gnu-toolchain/bin/../lib/gcc/arm-none-eabi/4.9.3/../../../../arm-none-eabi/lib/armv6-m\libc_nano.a(lib_a-init.o)
 .debug_frame   0x000000a0       0x28 d:/atmel studio 7/7.0/toolchain/arm/arm-gnu-toolchain/bin/../lib/gcc/arm-none-eabi/4.9.3/../../../../arm-none-eabi/lib/armv6-m\libc_nano.a(lib_a-memcpy.o)
 .debug_frame   0x000000c8       0x20 d:/atmel studio 7/7.0/toolchain/arm/arm-gnu-toolchain/bin/../lib/gcc/arm-none-eabi/4.9.3/../../../../arm-none-eabi/lib/armv6-m\libc_nano.a(lib_a-memset.o)

Cross Reference Table

Symbol                                            File
AC_Handler                                        src/ASF/sam0/utils/cmsis/samd21/source/gcc/startup_samd21.o
ADC_Handler                                       src/ASF/sam0/drivers/adc/adc_sam_d_r/adc_callback.o
DAC_Handler                                       src/ASF/sam0/utils/cmsis/samd21/source/gcc/startup_samd21.o
DMAC_Handler                                      src/ASF/sam0/utils/cmsis/samd21/source/gcc/startup_samd21.o
Dummy_Handler                                     src/ASF/sam0/utils/cmsis/samd21/source/gcc/startup_samd21.o
EIC_Handler                                       src/ASF/sam0/drivers/extint/extint_callback.o
EVSYS_Handler                                     src/ASF/sam0/utils/cmsis/samd21/source/gcc/startup_samd21.o
HardFault_Handler                                 src/ASF/sam0/utils/cmsis/samd21/source/gcc/startup_samd21.o
I2S_Handler                                       src/ASF/sam0/utils/cmsis/samd21/source/gcc/startup_samd21.o
NMI_Handler                                       src/ASF/sam0/utils/cmsis/samd21/source/gcc/startup_samd21.o
NVMCTRL_Handler                                   src/ASF/sam0/utils/cmsis/samd21/source/gcc/startup_samd21.o
PM_Handler                                        src/ASF/sam0/utils/cmsis/samd21/source/gcc/startup_samd21.o
PTC_Handler                                       src/ASF/sam0/utils/cmsis/samd21/source/gcc/startup_samd21.o
PendSV_Handler                                    src/ASF/sam0/utils/cmsis/samd21/source/gcc/startup_samd21.o
RTC_Handler                                       src/ASF/sam0/utils/cmsis/samd21/source/gcc/startup_samd21.o
Reset_Handler                                     src/ASF/sam0/utils/cmsis/samd21/source/gcc/startup_samd21.o
SERCOM0_Handler                                   src/ASF/sam0/drivers/sercom/sercom_interrupt.o
SERCOM1_Handler                                   src/ASF/sam0/drivers/sercom/sercom_interrupt.o
SERCOM2_Handler                                   src/ASF/sam0/drivers/sercom/sercom_interrupt.o
SERCOM3_Handler                                   src/ASF/sam0/drivers/sercom/sercom_interrupt.o
SERCOM4_Handler                                   src/ASF/sam0/drivers/sercom/sercom_interrupt.o
SERCOM5_Handler                                   src/ASF/sam0/drivers/sercom/sercom_interrupt.o
SVC_Handler                                       src/ASF/sam0/utils/cmsis/samd21/source/gcc/startup_samd21.o
SYSCTRL_Handler                                   src/ASF/sam0/utils/cmsis/samd21/source/gcc/startup_samd21.o
SysTick_Handler                                   src/ASF/sam0/utils/cmsis/samd21/source/gcc/startup_samd21.o
SystemCoreClock                                   src/ASF/sam0/utils/cmsis/samd21/source/system_samd21.o
SystemCoreClockUpdate                             src/ASF/sam0/utils/cmsis/samd21/source/system_samd21.o
SystemInit                                        src/ASF/sam0/utils/cmsis/samd21/source/system_samd21.o
TC3_Handler                                       src/ASF/sam0/drivers/tc/tc_interrupt.o
TC4_Handler                                       src/ASF/sam0/drivers/tc/tc_interrupt.o
TC5_Handler                                       src/ASF/sam0/drivers/tc/tc_interrupt.o
TC6_Handler                                       src/ASF/sam0/drivers/tc/tc_interrupt.o
TC7_Handler                                       src/ASF/sam0/drivers/tc/tc_interrupt.o
TCC0_Handler                                      src/ASF/sam0/utils/cmsis/samd21/source/gcc/startup_samd21.o
TCC1_Handler                                      src/ASF/sam0/utils/cmsis/samd21/source/gcc/startup_samd21.o
TCC2_Handler                                      src/ASF/sam0/utils/cmsis/samd21/source/gcc/startup_samd21.o
USB_Handler                                       src/ASF/sam0/drivers/usb/usb_sam_d_r/usb.o
WDT_Handler                                       src/ASF/sam0/utils/cmsis/samd21/source/gcc/startup_samd21.o
_Jv_RegisterClasses                               d:/atmel studio 7/7.0/toolchain/arm/arm-gnu-toolchain/bin/../lib/gcc/arm-none-eabi/4.9.3/armv6-m/crtbegin.o
__aeabi_idiv                                      d:/atmel studio 7/7.0/toolchain/arm/arm-gnu-toolchain/bin/../lib/gcc/arm-none-eabi/4.9.3/armv6-m\libgcc.a(_divsi3.o)
                                                  d:/atmel studio 7/7.0/toolchain/arm/arm-gnu-toolchain/bin/../lib/gcc/arm-none-eabi/4.9.3/../../../../arm-none-eabi/lib/armv6-m\libc_nano.a(lib_a-fvwrite.o)
__aeabi_idiv0                                     d:/atmel studio 7/7.0/toolchain/arm/arm-gnu-toolchain/bin/../lib/gcc/arm-none-eabi/4.9.3/armv6-m\libgcc.a(_dvmd_tls.o)
                                                  d:/atmel studio 7/7.0/toolchain/arm/arm-gnu-toolchain/bin/../lib/gcc/arm-none-eabi/4.9.3/armv6-m\libgcc.a(_divsi3.o)
                                                  d:/atmel studio 7/7.0/toolchain/arm/arm-gnu-toolchain/bin/../lib/gcc/arm-none-eabi/4.9.3/armv6-m\libgcc.a(_udivsi3.o)
__aeabi_idivmod                                   d:/atmel studio 7/7.0/toolchain/arm/arm-gnu-toolchain/bin/../lib/gcc/arm-none-eabi/4.9.3/armv6-m\libgcc.a(_divsi3.o)
                                                  src/ASF/sam0/drivers/usb/stack_interface/usb_device_udd.o
__aeabi_ldiv0                                     d:/atmel studio 7/7.0/toolchain/arm/arm-gnu-toolchain/bin/../lib/gcc/arm-none-eabi/4.9.3/armv6-m\libgcc.a(_dvmd_tls.o)
__aeabi_llsl                                      d:/atmel studio 7/7.0/toolchain/arm/arm-gnu-toolchain/bin/../lib/gcc/arm-none-eabi/4.9.3/armv6-m\libgcc.a(_ashldi3.o)
                                                  src/ASF/sam0/drivers/sercom/sercom.o
__aeabi_lmul                                      d:/atmel studio 7/7.0/toolchain/arm/arm-gnu-toolchain/bin/../lib/gcc/arm-none-eabi/4.9.3/armv6-m\libgcc.a(_muldi3.o)
                                                  src/ASF/sam0/drivers/sercom/sercom.o
__aeabi_uidiv                                     d:/atmel studio 7/7.0/toolchain/arm/arm-gnu-toolchain/bin/../lib/gcc/arm-none-eabi/4.9.3/armv6-m\libgcc.a(_udivsi3.o)
                                                  d:/atmel studio 7/7.0/toolchain/arm/arm-gnu-toolchain/bin/../lib/gcc/arm-none-eabi/4.9.3/../../../../arm-none-eabi/lib/armv6-m\libc_nano.a(lib_a-nano-vfprintf_i.o)
                                                  src/ASF/sam0/drivers/system/clock/clock_samd21_r21_da/gclk.o
                                                  src/ASF/sam0/drivers/system/clock/clock_samd21_r21_da/clock.o
__aeabi_uidivmod                                  d:/atmel studio 7/7.0/toolchain/arm/arm-gnu-toolchain/bin/../lib/gcc/arm-none-eabi/4.9.3/armv6-m\libgcc.a(_udivsi3.o)
                                                  d:/atmel studio 7/7.0/toolchain/arm/arm-gnu-toolchain/bin/../lib/gcc/arm-none-eabi/4.9.3/../../../../arm-none-eabi/lib/armv6-m\libc_nano.a(lib_a-nano-vfprintf_i.o)
                                                  src/ASF/sam0/drivers/usb/stack_interface/usb_device_udd.o
                                                  src/ASF/common/services/usb/class/cdc/device/example/samd21j18a_samd21_xplained_pro/ui.o
__ashldi3                                         d:/atmel studio 7/7.0/toolchain/arm/arm-gnu-toolchain/bin/../lib/gcc/arm-none-eabi/4.9.3/armv6-m\libgcc.a(_ashldi3.o)
__bss_end__                                       d:/atmel studio 7/7.0/toolchain/arm/arm-gnu-toolchain/bin/../lib/gcc/arm-none-eabi/4.9.3/../../../../arm-none-eabi/lib/armv6-m/crt0.o
__bss_start__                                     d:/atmel studio 7/7.0/toolchain/arm/arm-gnu-toolchain/bin/../lib/gcc/arm-none-eabi/4.9.3/../../../../arm-none-eabi/lib/armv6-m/crt0.o
__call_exitprocs                                  d:/atmel studio 7/7.0/toolchain/arm/arm-gnu-toolchain/bin/../lib/gcc/arm-none-eabi/4.9.3/../../../../arm-none-eabi/lib/armv6-m\libc_nano.a(lib_a-exit.o)
__clzsi2                                          d:/atmel studio 7/7.0/toolchain/arm/arm-gnu-toolchain/bin/../lib/gcc/arm-none-eabi/4.9.3/armv6-m\libgcc.a(_clzsi2.o)
                                                  src/ASF/sam0/drivers/usb/usb_sam_d_r/usb.o
__ctzsi2                                          d:/atmel studio 7/7.0/toolchain/arm/arm-gnu-toolchain/bin/../lib/gcc/arm-none-eabi/4.9.3/armv6-m\libgcc.a(_ctzsi2.o)
                                                  src/ASF/sam0/drivers/usb/usb_sam_d_r/usb.o
__deregister_frame_info                           d:/atmel studio 7/7.0/toolchain/arm/arm-gnu-toolchain/bin/../lib/gcc/arm-none-eabi/4.9.3/armv6-m/crtbegin.o
__divsi3                                          d:/atmel studio 7/7.0/toolchain/arm/arm-gnu-toolchain/bin/../lib/gcc/arm-none-eabi/4.9.3/armv6-m\libgcc.a(_divsi3.o)
__dso_handle                                      d:/atmel studio 7/7.0/toolchain/arm/arm-gnu-toolchain/bin/../lib/gcc/arm-none-eabi/4.9.3/armv6-m/crtbegin.o
__fp_lock_all                                     d:/atmel studio 7/7.0/toolchain/arm/arm-gnu-toolchain/bin/../lib/gcc/arm-none-eabi/4.9.3/../../../../arm-none-eabi/lib/armv6-m\libc_nano.a(lib_a-findfp.o)
__fp_unlock_all                                   d:/atmel studio 7/7.0/toolchain/arm/arm-gnu-toolchain/bin/../lib/gcc/arm-none-eabi/4.9.3/../../../../arm-none-eabi/lib/armv6-m\libc_nano.a(lib_a-findfp.o)
__gnu_thumb1_case_uqi                             d:/atmel studio 7/7.0/toolchain/arm/arm-gnu-toolchain/bin/../lib/gcc/arm-none-eabi/4.9.3/armv6-m\libgcc.a(_thumb1_case_uqi.o)
                                                  src/ASF/sam0/drivers/usb/usb_sam_d_r/usb.o
                                                  src/ASF/sam0/drivers/system/clock/clock_samd21_r21_da/clock.o
                                                  src/ASF/sam0/drivers/sercom/sercom.o
                                                  src/ASF/common/services/usb/udc/udc.o
__init_array_end                                  d:/atmel studio 7/7.0/toolchain/arm/arm-gnu-toolchain/bin/../lib/gcc/arm-none-eabi/4.9.3/../../../../arm-none-eabi/lib/armv6-m\libc_nano.a(lib_a-init.o)
__init_array_start                                d:/atmel studio 7/7.0/toolchain/arm/arm-gnu-toolchain/bin/../lib/gcc/arm-none-eabi/4.9.3/../../../../arm-none-eabi/lib/armv6-m\libc_nano.a(lib_a-init.o)
__libc_fini_array                                 d:/atmel studio 7/7.0/toolchain/arm/arm-gnu-toolchain/bin/../lib/gcc/arm-none-eabi/4.9.3/../../../../arm-none-eabi/lib/armv6-m/crt0.o
__libc_init_array                                 d:/atmel studio 7/7.0/toolchain/arm/arm-gnu-toolchain/bin/../lib/gcc/arm-none-eabi/4.9.3/../../../../arm-none-eabi/lib/armv6-m\libc_nano.a(lib_a-init.o)
                                                  src/ASF/sam0/utils/cmsis/samd21/source/gcc/startup_samd21.o
                                                  d:/atmel studio 7/7.0/toolchain/arm/arm-gnu-toolchain/bin/../lib/gcc/arm-none-eabi/4.9.3/../../../../arm-none-eabi/lib/armv6-m/crt0.o
__malloc_free_list                                d:/atmel studio 7/7.0/toolchain/arm/arm-gnu-toolchain/bin/../lib/gcc/arm-none-eabi/4.9.3/../../../../arm-none-eabi/lib/armv6-m\libc_nano.a(lib_a-nano-mallocr.o)
                                                  d:/atmel studio 7/7.0/toolchain/arm/arm-gnu-toolchain/bin/../lib/gcc/arm-none-eabi/4.9.3/../../../../arm-none-eabi/lib/armv6-m\libc_nano.a(lib_a-nano-freer.o)
__malloc_sbrk_start                               d:/atmel studio 7/7.0/toolchain/arm/arm-gnu-toolchain/bin/../lib/gcc/arm-none-eabi/4.9.3/../../../../arm-none-eabi/lib/armv6-m\libc_nano.a(lib_a-nano-mallocr.o)
__muldi3                                          d:/atmel studio 7/7.0/toolchain/arm/arm-gnu-toolchain/bin/../lib/gcc/arm-none-eabi/4.9.3/armv6-m\libgcc.a(_muldi3.o)
__preinit_array_end                               d:/atmel studio 7/7.0/toolchain/arm/arm-gnu-toolchain/bin/../lib/gcc/arm-none-eabi/4.9.3/../../../../arm-none-eabi/lib/armv6-m\libc_nano.a(lib_a-init.o)
__preinit_array_start                             d:/atmel studio 7/7.0/toolchain/arm/arm-gnu-toolchain/bin/../lib/gcc/arm-none-eabi/4.9.3/../../../../arm-none-eabi/lib/armv6-m\libc_nano.a(lib_a-init.o)
__register_frame_info                             d:/atmel studio 7/7.0/toolchain/arm/arm-gnu-toolchain/bin/../lib/gcc/arm-none-eabi/4.9.3/armv6-m/crtbegin.o
__sclose                                          d:/atmel studio 7/7.0/toolchain/arm/arm-gnu-toolchain/bin/../lib/gcc/arm-none-eabi/4.9.3/../../../../arm-none-eabi/lib/armv6-m\libc_nano.a(lib_a-stdio.o)
                                                  d:/atmel studio 7/7.0/toolchain/arm/arm-gnu-toolchain/bin/../lib/gcc/arm-none-eabi/4.9.3/../../../../arm-none-eabi/lib/armv6-m\libc_nano.a(lib_a-findfp.o)
__seofread                                        d:/atmel studio 7/7.0/toolchain/arm/arm-gnu-toolchain/bin/../lib/gcc/arm-none-eabi/4.9.3/../../../../arm-none-eabi/lib/armv6-m\libc_nano.a(lib_a-stdio.o)
__sf_fake_stderr                                  d:/atmel studio 7/7.0/toolchain/arm/arm-gnu-toolchain/bin/../lib/gcc/arm-none-eabi/4.9.3/../../../../arm-none-eabi/lib/armv6-m\libc_nano.a(lib_a-findfp.o)
                                                  d:/atmel studio 7/7.0/toolchain/arm/arm-gnu-toolchain/bin/../lib/gcc/arm-none-eabi/4.9.3/../../../../arm-none-eabi/lib/armv6-m\libc_nano.a(lib_a-fflush.o)
                                                  d:/atmel studio 7/7.0/toolchain/arm/arm-gnu-toolchain/bin/../lib/gcc/arm-none-eabi/4.9.3/../../../../arm-none-eabi/lib/armv6-m\libc_nano.a(lib_a-wsetup.o)
                                                  d:/atmel studio 7/7.0/toolchain/arm/arm-gnu-toolchain/bin/../lib/gcc/arm-none-eabi/4.9.3/../../../../arm-none-eabi/lib/armv6-m\libc_nano.a(lib_a-wbuf.o)
                                                  d:/atmel studio 7/7.0/toolchain/arm/arm-gnu-toolchain/bin/../lib/gcc/arm-none-eabi/4.9.3/../../../../arm-none-eabi/lib/armv6-m\libc_nano.a(lib_a-nano-vfprintf.o)
                                                  d:/atmel studio 7/7.0/toolchain/arm/arm-gnu-toolchain/bin/../lib/gcc/arm-none-eabi/4.9.3/../../../../arm-none-eabi/lib/armv6-m\libc_nano.a(lib_a-impure.o)
__sf_fake_stdin                                   d:/atmel studio 7/7.0/toolchain/arm/arm-gnu-toolchain/bin/../lib/gcc/arm-none-eabi/4.9.3/../../../../arm-none-eabi/lib/armv6-m\libc_nano.a(lib_a-findfp.o)
                                                  d:/atmel studio 7/7.0/toolchain/arm/arm-gnu-toolchain/bin/../lib/gcc/arm-none-eabi/4.9.3/../../../../arm-none-eabi/lib/armv6-m\libc_nano.a(lib_a-fflush.o)
                                                  d:/atmel studio 7/7.0/toolchain/arm/arm-gnu-toolchain/bin/../lib/gcc/arm-none-eabi/4.9.3/../../../../arm-none-eabi/lib/armv6-m\libc_nano.a(lib_a-wsetup.o)
                                                  d:/atmel studio 7/7.0/toolchain/arm/arm-gnu-toolchain/bin/../lib/gcc/arm-none-eabi/4.9.3/../../../../arm-none-eabi/lib/armv6-m\libc_nano.a(lib_a-wbuf.o)
                                                  d:/atmel studio 7/7.0/toolchain/arm/arm-gnu-toolchain/bin/../lib/gcc/arm-none-eabi/4.9.3/../../../../arm-none-eabi/lib/armv6-m\libc_nano.a(lib_a-nano-vfprintf.o)
                                                  d:/atmel studio 7/7.0/toolchain/arm/arm-gnu-toolchain/bin/../lib/gcc/arm-none-eabi/4.9.3/../../../../arm-none-eabi/lib/armv6-m\libc_nano.a(lib_a-impure.o)
__sf_fake_stdout                                  d:/atmel studio 7/7.0/toolchain/arm/arm-gnu-toolchain/bin/../lib/gcc/arm-none-eabi/4.9.3/../../../../arm-none-eabi/lib/armv6-m\libc_nano.a(lib_a-findfp.o)
                                                  d:/atmel studio 7/7.0/toolchain/arm/arm-gnu-toolchain/bin/../lib/gcc/arm-none-eabi/4.9.3/../../../../arm-none-eabi/lib/armv6-m\libc_nano.a(lib_a-fflush.o)
                                                  d:/atmel studio 7/7.0/toolchain/arm/arm-gnu-toolchain/bin/../lib/gcc/arm-none-eabi/4.9.3/../../../../arm-none-eabi/lib/armv6-m\libc_nano.a(lib_a-wsetup.o)
                                                  d:/atmel studio 7/7.0/toolchain/arm/arm-gnu-toolchain/bin/../lib/gcc/arm-none-eabi/4.9.3/../../../../arm-none-eabi/lib/armv6-m\libc_nano.a(lib_a-wbuf.o)
                                                  d:/atmel studio 7/7.0/toolchain/arm/arm-gnu-toolchain/bin/../lib/gcc/arm-none-eabi/4.9.3/../../../../arm-none-eabi/lib/armv6-m\libc_nano.a(lib_a-nano-vfprintf.o)
                                                  d:/atmel studio 7/7.0/toolchain/arm/arm-gnu-toolchain/bin/../lib/gcc/arm-none-eabi/4.9.3/../../../../arm-none-eabi/lib/armv6-m\libc_nano.a(lib_a-impure.o)
__sflush_r                                        d:/atmel studio 7/7.0/toolchain/arm/arm-gnu-toolchain/bin/../lib/gcc/arm-none-eabi/4.9.3/../../../../arm-none-eabi/lib/armv6-m\libc_nano.a(lib_a-fflush.o)
__sfmoreglue                                      d:/atmel studio 7/7.0/toolchain/arm/arm-gnu-toolchain/bin/../lib/gcc/arm-none-eabi/4.9.3/../../../../arm-none-eabi/lib/armv6-m\libc_nano.a(lib_a-findfp.o)
__sfp                                             d:/atmel studio 7/7.0/toolchain/arm/arm-gnu-toolchain/bin/../lib/gcc/arm-none-eabi/4.9.3/../../../../arm-none-eabi/lib/armv6-m\libc_nano.a(lib_a-findfp.o)
__sfp_lock_acquire                                d:/atmel studio 7/7.0/toolchain/arm/arm-gnu-toolchain/bin/../lib/gcc/arm-none-eabi/4.9.3/../../../../arm-none-eabi/lib/armv6-m\libc_nano.a(lib_a-findfp.o)
__sfp_lock_release                                d:/atmel studio 7/7.0/toolchain/arm/arm-gnu-toolchain/bin/../lib/gcc/arm-none-eabi/4.9.3/../../../../arm-none-eabi/lib/armv6-m\libc_nano.a(lib_a-findfp.o)
__sfputs_r                                        d:/atmel studio 7/7.0/toolchain/arm/arm-gnu-toolchain/bin/../lib/gcc/arm-none-eabi/4.9.3/../../../../arm-none-eabi/lib/armv6-m\libc_nano.a(lib_a-nano-vfprintf.o)
__sfvwrite_r                                      d:/atmel studio 7/7.0/toolchain/arm/arm-gnu-toolchain/bin/../lib/gcc/arm-none-eabi/4.9.3/../../../../arm-none-eabi/lib/armv6-m\libc_nano.a(lib_a-fvwrite.o)
                                                  d:/atmel studio 7/7.0/toolchain/arm/arm-gnu-toolchain/bin/../lib/gcc/arm-none-eabi/4.9.3/../../../../arm-none-eabi/lib/armv6-m\libc_nano.a(lib_a-nano-vfprintf.o)
__sinit                                           d:/atmel studio 7/7.0/toolchain/arm/arm-gnu-toolchain/bin/../lib/gcc/arm-none-eabi/4.9.3/../../../../arm-none-eabi/lib/armv6-m\libc_nano.a(lib_a-findfp.o)
                                                  d:/atmel studio 7/7.0/toolchain/arm/arm-gnu-toolchain/bin/../lib/gcc/arm-none-eabi/4.9.3/../../../../arm-none-eabi/lib/armv6-m\libc_nano.a(lib_a-fflush.o)
                                                  d:/atmel studio 7/7.0/toolchain/arm/arm-gnu-toolchain/bin/../lib/gcc/arm-none-eabi/4.9.3/../../../../arm-none-eabi/lib/armv6-m\libc_nano.a(lib_a-wsetup.o)
                                                  d:/atmel studio 7/7.0/toolchain/arm/arm-gnu-toolchain/bin/../lib/gcc/arm-none-eabi/4.9.3/../../../../arm-none-eabi/lib/armv6-m\libc_nano.a(lib_a-wbuf.o)
                                                  d:/atmel studio 7/7.0/toolchain/arm/arm-gnu-toolchain/bin/../lib/gcc/arm-none-eabi/4.9.3/../../../../arm-none-eabi/lib/armv6-m\libc_nano.a(lib_a-nano-vfprintf.o)
                                                  d:/atmel studio 7/7.0/toolchain/arm/arm-gnu-toolchain/bin/../lib/gcc/arm-none-eabi/4.9.3/../../../../arm-none-eabi/lib/armv6-m\libc_nano.a(lib_a-printf.o)
__sinit_lock_acquire                              d:/atmel studio 7/7.0/toolchain/arm/arm-gnu-toolchain/bin/../lib/gcc/arm-none-eabi/4.9.3/../../../../arm-none-eabi/lib/armv6-m\libc_nano.a(lib_a-findfp.o)
__sinit_lock_release                              d:/atmel studio 7/7.0/toolchain/arm/arm-gnu-toolchain/bin/../lib/gcc/arm-none-eabi/4.9.3/../../../../arm-none-eabi/lib/armv6-m\libc_nano.a(lib_a-findfp.o)
__smakebuf_r                                      d:/atmel studio 7/7.0/toolchain/arm/arm-gnu-toolchain/bin/../lib/gcc/arm-none-eabi/4.9.3/../../../../arm-none-eabi/lib/armv6-m\libc_nano.a(lib_a-makebuf.o)
                                                  d:/atmel studio 7/7.0/toolchain/arm/arm-gnu-toolchain/bin/../lib/gcc/arm-none-eabi/4.9.3/../../../../arm-none-eabi/lib/armv6-m\libc_nano.a(lib_a-wsetup.o)
__sprint_r                                        d:/atmel studio 7/7.0/toolchain/arm/arm-gnu-toolchain/bin/../lib/gcc/arm-none-eabi/4.9.3/../../../../arm-none-eabi/lib/armv6-m\libc_nano.a(lib_a-nano-vfprintf.o)
__sread                                           d:/atmel studio 7/7.0/toolchain/arm/arm-gnu-toolchain/bin/../lib/gcc/arm-none-eabi/4.9.3/../../../../arm-none-eabi/lib/armv6-m\libc_nano.a(lib_a-stdio.o)
                                                  d:/atmel studio 7/7.0/toolchain/arm/arm-gnu-toolchain/bin/../lib/gcc/arm-none-eabi/4.9.3/../../../../arm-none-eabi/lib/armv6-m\libc_nano.a(lib_a-findfp.o)
__sseek                                           d:/atmel studio 7/7.0/toolchain/arm/arm-gnu-toolchain/bin/../lib/gcc/arm-none-eabi/4.9.3/../../../../arm-none-eabi/lib/armv6-m\libc_nano.a(lib_a-stdio.o)
                                                  d:/atmel studio 7/7.0/toolchain/arm/arm-gnu-toolchain/bin/../lib/gcc/arm-none-eabi/4.9.3/../../../../arm-none-eabi/lib/armv6-m\libc_nano.a(lib_a-findfp.o)
__stack                                           d:/atmel studio 7/7.0/toolchain/arm/arm-gnu-toolchain/bin/../lib/gcc/arm-none-eabi/4.9.3/../../../../arm-none-eabi/lib/armv6-m/crt0.o
__swbuf                                           d:/atmel studio 7/7.0/toolchain/arm/arm-gnu-toolchain/bin/../lib/gcc/arm-none-eabi/4.9.3/../../../../arm-none-eabi/lib/armv6-m\libc_nano.a(lib_a-wbuf.o)
__swbuf_r                                         d:/atmel studio 7/7.0/toolchain/arm/arm-gnu-toolchain/bin/../lib/gcc/arm-none-eabi/4.9.3/../../../../arm-none-eabi/lib/armv6-m\libc_nano.a(lib_a-wbuf.o)
                                                  d:/atmel studio 7/7.0/toolchain/arm/arm-gnu-toolchain/bin/../lib/gcc/arm-none-eabi/4.9.3/../../../../arm-none-eabi/lib/armv6-m\libc_nano.a(lib_a-nano-vfprintf.o)
__swrite                                          d:/atmel studio 7/7.0/toolchain/arm/arm-gnu-toolchain/bin/../lib/gcc/arm-none-eabi/4.9.3/../../../../arm-none-eabi/lib/armv6-m\libc_nano.a(lib_a-stdio.o)
                                                  d:/atmel studio 7/7.0/toolchain/arm/arm-gnu-toolchain/bin/../lib/gcc/arm-none-eabi/4.9.3/../../../../arm-none-eabi/lib/armv6-m\libc_nano.a(lib_a-findfp.o)
__swsetup_r                                       d:/atmel studio 7/7.0/toolchain/arm/arm-gnu-toolchain/bin/../lib/gcc/arm-none-eabi/4.9.3/../../../../arm-none-eabi/lib/armv6-m\libc_nano.a(lib_a-wsetup.o)
                                                  d:/atmel studio 7/7.0/toolchain/arm/arm-gnu-toolchain/bin/../lib/gcc/arm-none-eabi/4.9.3/../../../../arm-none-eabi/lib/armv6-m\libc_nano.a(lib_a-fvwrite.o)
                                                  d:/atmel studio 7/7.0/toolchain/arm/arm-gnu-toolchain/bin/../lib/gcc/arm-none-eabi/4.9.3/../../../../arm-none-eabi/lib/armv6-m\libc_nano.a(lib_a-wbuf.o)
                                                  d:/atmel studio 7/7.0/toolchain/arm/arm-gnu-toolchain/bin/../lib/gcc/arm-none-eabi/4.9.3/../../../../arm-none-eabi/lib/armv6-m\libc_nano.a(lib_a-nano-vfprintf.o)
__udivsi3                                         d:/atmel studio 7/7.0/toolchain/arm/arm-gnu-toolchain/bin/../lib/gcc/arm-none-eabi/4.9.3/armv6-m\libgcc.a(_udivsi3.o)
_adc_instances                                    src/ASF/sam0/drivers/adc/adc_sam_d_r/adc_callback.o
                                                  src/ASF/sam0/drivers/adc/adc_sam_d_r/adc.o
_cleanup                                          d:/atmel studio 7/7.0/toolchain/arm/arm-gnu-toolchain/bin/../lib/gcc/arm-none-eabi/4.9.3/../../../../arm-none-eabi/lib/armv6-m\libc_nano.a(lib_a-findfp.o)
_cleanup_r                                        d:/atmel studio 7/7.0/toolchain/arm/arm-gnu-toolchain/bin/../lib/gcc/arm-none-eabi/4.9.3/../../../../arm-none-eabi/lib/armv6-m\libc_nano.a(lib_a-findfp.o)
                                                  d:/atmel studio 7/7.0/toolchain/arm/arm-gnu-toolchain/bin/../lib/gcc/arm-none-eabi/4.9.3/../../../../arm-none-eabi/lib/armv6-m\libc_nano.a(lib_a-makebuf.o)
_close                                            src/ASF/sam0/utils/syscalls/gcc/syscalls.o
                                                  d:/atmel studio 7/7.0/toolchain/arm/arm-gnu-toolchain/bin/../lib/gcc/arm-none-eabi/4.9.3/../../../../arm-none-eabi/lib/armv6-m\libc_nano.a(lib_a-closer.o)
_close_r                                          d:/atmel studio 7/7.0/toolchain/arm/arm-gnu-toolchain/bin/../lib/gcc/arm-none-eabi/4.9.3/../../../../arm-none-eabi/lib/armv6-m\libc_nano.a(lib_a-closer.o)
                                                  d:/atmel studio 7/7.0/toolchain/arm/arm-gnu-toolchain/bin/../lib/gcc/arm-none-eabi/4.9.3/../../../../arm-none-eabi/lib/armv6-m\libc_nano.a(lib_a-stdio.o)
_current_channel                                  src/ASF/sam0/drivers/extint/extint_callback.o
_end                                              src/ASF/sam0/utils/syscalls/gcc/syscalls.o
_erelocate                                        src/ASF/sam0/utils/cmsis/samd21/source/gcc/startup_samd21.o
_estack                                           src/ASF/sam0/utils/cmsis/samd21/source/gcc/startup_samd21.o
_etext                                            src/ASF/sam0/utils/cmsis/samd21/source/gcc/startup_samd21.o
_exit                                             src/ASF/sam0/utils/syscalls/gcc/syscalls.o
                                                  d:/atmel studio 7/7.0/toolchain/arm/arm-gnu-toolchain/bin/../lib/gcc/arm-none-eabi/4.9.3/../../../../arm-none-eabi/lib/armv6-m\libc_nano.a(lib_a-exit.o)
_extint_dev                                       src/ASF/sam0/drivers/extint/extint_sam_d_r/extint.o
                                                  src/ASF/sam0/drivers/extint/extint_callback.o
_ezero                                            src/ASF/sam0/utils/cmsis/samd21/source/gcc/startup_samd21.o
_fflush_r                                         d:/atmel studio 7/7.0/toolchain/arm/arm-gnu-toolchain/bin/../lib/gcc/arm-none-eabi/4.9.3/../../../../arm-none-eabi/lib/armv6-m\libc_nano.a(lib_a-fflush.o)
                                                  d:/atmel studio 7/7.0/toolchain/arm/arm-gnu-toolchain/bin/../lib/gcc/arm-none-eabi/4.9.3/../../../../arm-none-eabi/lib/armv6-m\libc_nano.a(lib_a-fvwrite.o)
                                                  d:/atmel studio 7/7.0/toolchain/arm/arm-gnu-toolchain/bin/../lib/gcc/arm-none-eabi/4.9.3/../../../../arm-none-eabi/lib/armv6-m\libc_nano.a(lib_a-wbuf.o)
                                                  d:/atmel studio 7/7.0/toolchain/arm/arm-gnu-toolchain/bin/../lib/gcc/arm-none-eabi/4.9.3/../../../../arm-none-eabi/lib/armv6-m\libc_nano.a(lib_a-findfp.o)
_fini                                             d:/atmel studio 7/7.0/toolchain/arm/arm-gnu-toolchain/bin/../lib/gcc/arm-none-eabi/4.9.3/armv6-m/crti.o
_free_r                                           d:/atmel studio 7/7.0/toolchain/arm/arm-gnu-toolchain/bin/../lib/gcc/arm-none-eabi/4.9.3/../../../../arm-none-eabi/lib/armv6-m\libc_nano.a(lib_a-nano-freer.o)
                                                  d:/atmel studio 7/7.0/toolchain/arm/arm-gnu-toolchain/bin/../lib/gcc/arm-none-eabi/4.9.3/../../../../arm-none-eabi/lib/armv6-m\libc_nano.a(lib_a-reent.o)
                                                  d:/atmel studio 7/7.0/toolchain/arm/arm-gnu-toolchain/bin/../lib/gcc/arm-none-eabi/4.9.3/../../../../arm-none-eabi/lib/armv6-m\libc_nano.a(lib_a-nano-reallocr.o)
                                                  d:/atmel studio 7/7.0/toolchain/arm/arm-gnu-toolchain/bin/../lib/gcc/arm-none-eabi/4.9.3/../../../../arm-none-eabi/lib/armv6-m\libc_nano.a(lib_a-fvwrite.o)
                                                  d:/atmel studio 7/7.0/toolchain/arm/arm-gnu-toolchain/bin/../lib/gcc/arm-none-eabi/4.9.3/../../../../arm-none-eabi/lib/armv6-m\libc_nano.a(lib_a-fflush.o)
                                                  d:/atmel studio 7/7.0/toolchain/arm/arm-gnu-toolchain/bin/../lib/gcc/arm-none-eabi/4.9.3/../../../../arm-none-eabi/lib/armv6-m\libc_nano.a(lib_a-wsetup.o)
_fstat                                            src/ASF/sam0/utils/syscalls/gcc/syscalls.o
                                                  d:/atmel studio 7/7.0/toolchain/arm/arm-gnu-toolchain/bin/../lib/gcc/arm-none-eabi/4.9.3/../../../../arm-none-eabi/lib/armv6-m\libc_nano.a(lib_a-fstatr.o)
_fstat_r                                          d:/atmel studio 7/7.0/toolchain/arm/arm-gnu-toolchain/bin/../lib/gcc/arm-none-eabi/4.9.3/../../../../arm-none-eabi/lib/armv6-m\libc_nano.a(lib_a-fstatr.o)
                                                  d:/atmel studio 7/7.0/toolchain/arm/arm-gnu-toolchain/bin/../lib/gcc/arm-none-eabi/4.9.3/../../../../arm-none-eabi/lib/armv6-m\libc_nano.a(lib_a-makebuf.o)
_fwalk                                            d:/atmel studio 7/7.0/toolchain/arm/arm-gnu-toolchain/bin/../lib/gcc/arm-none-eabi/4.9.3/../../../../arm-none-eabi/lib/armv6-m\libc_nano.a(lib_a-fwalk.o)
                                                  d:/atmel studio 7/7.0/toolchain/arm/arm-gnu-toolchain/bin/../lib/gcc/arm-none-eabi/4.9.3/../../../../arm-none-eabi/lib/armv6-m\libc_nano.a(lib_a-findfp.o)
_fwalk_reent                                      d:/atmel studio 7/7.0/toolchain/arm/arm-gnu-toolchain/bin/../lib/gcc/arm-none-eabi/4.9.3/../../../../arm-none-eabi/lib/armv6-m\libc_nano.a(lib_a-fwalk.o)
                                                  d:/atmel studio 7/7.0/toolchain/arm/arm-gnu-toolchain/bin/../lib/gcc/arm-none-eabi/4.9.3/../../../../arm-none-eabi/lib/armv6-m\libc_nano.a(lib_a-fflush.o)
                                                  d:/atmel studio 7/7.0/toolchain/arm/arm-gnu-toolchain/bin/../lib/gcc/arm-none-eabi/4.9.3/../../../../arm-none-eabi/lib/armv6-m\libc_nano.a(lib_a-findfp.o)
_getpid                                           src/ASF/sam0/utils/syscalls/gcc/syscalls.o
_global_impure_ptr                                d:/atmel studio 7/7.0/toolchain/arm/arm-gnu-toolchain/bin/../lib/gcc/arm-none-eabi/4.9.3/../../../../arm-none-eabi/lib/armv6-m\libc_nano.a(lib_a-impure.o)